<?xml version="1.0" encoding="ISO-8859-1" ?>
<link_info>
   <banner>TI ARM Linker Unix v18.1.4.LTS</banner>
   <copyright>Copyright (c) 1996-2018 Texas Instruments Incorporated</copyright>
   <link_time>0x5c030aa3</link_time>
   <link_errors>0x0</link_errors>
   <output_file>empty_MSP_EXP432P401R_nortos_ccs.out</output_file>
   <entry_point>
      <name>_c_int00_noargs</name>
      <address>0x15d29</address>
   </entry_point>
   <input_file_list>
      <input_file id="fl-2">
         <path>./</path>
         <kind>object</kind>
         <file>main.obj</file>
         <name>main.obj</name>
      </input_file>
      <input_file id="fl-3">
         <path>./</path>
         <kind>object</kind>
         <file>startup_msp432p401r_ccs.obj</file>
         <name>startup_msp432p401r_ccs.obj</name>
      </input_file>
      <input_file id="fl-4">
         <path>./</path>
         <kind>object</kind>
         <file>system_msp432p401r.obj</file>
         <name>system_msp432p401r.obj</name>
      </input_file>
      <input_file id="fl-5">
         <path>./</path>
         <kind>object</kind>
         <file>touch_P401R.obj</file>
         <name>touch_P401R.obj</name>
      </input_file>
      <input_file id="fl-6">
         <path>./LcdDriver/</path>
         <kind>object</kind>
         <file>HAL_MSP_EXP432P401R_KITRONIX320X240_SSD2119_SPI.obj</file>
         <name>HAL_MSP_EXP432P401R_KITRONIX320X240_SSD2119_SPI.obj</name>
      </input_file>
      <input_file id="fl-7">
         <path>./LcdDriver/</path>
         <kind>object</kind>
         <file>kitronix320x240x16_ssd2119_spi.obj</file>
         <name>kitronix320x240x16_ssd2119_spi.obj</name>
      </input_file>
      <input_file id="fl-8">
         <path>./images/</path>
         <kind>object</kind>
         <file>Images_Button.obj</file>
         <name>Images_Button.obj</name>
      </input_file>
      <input_file id="fl-9">
         <path>./images/</path>
         <kind>object</kind>
         <file>Primitives_Button.obj</file>
         <name>Primitives_Button.obj</name>
      </input_file>
      <input_file id="fl-a">
         <path>./images/</path>
         <kind>object</kind>
         <file>TI_logo_150x150.obj</file>
         <name>TI_logo_150x150.obj</name>
      </input_file>
      <input_file id="fl-b">
         <path>./images/</path>
         <kind>object</kind>
         <file>TI_platform_bar_red.obj</file>
         <name>TI_platform_bar_red.obj</name>
      </input_file>
      <input_file id="fl-c">
         <path>./images/</path>
         <kind>object</kind>
         <file>games.obj</file>
         <name>games.obj</name>
      </input_file>
      <input_file id="fl-d">
         <path>./images/</path>
         <kind>object</kind>
         <file>group.obj</file>
         <name>group.obj</name>
      </input_file>
      <input_file id="fl-e">
         <path>./images/</path>
         <kind>object</kind>
         <file>lcd_color_320x240.obj</file>
         <name>lcd_color_320x240.obj</name>
      </input_file>
      <input_file id="fl-f">
         <path>./images/</path>
         <kind>object</kind>
         <file>mario.obj</file>
         <name>mario.obj</name>
      </input_file>
      <input_file id="fl-10">
         <path>./images/</path>
         <kind>object</kind>
         <file>street_fighter.obj</file>
         <name>street_fighter.obj</name>
      </input_file>
      <input_file id="fl-11">
         <path>./images/</path>
         <kind>object</kind>
         <file>zelda.obj</file>
         <name>zelda.obj</name>
      </input_file>
      <input_file id="fl-1b">
         <kind>object</kind>
         <file>&lt;internal&gt;</file>
         <name>&lt;internal&gt;</name>
      </input_file>
      <input_file id="fl-1c">
         <path>/Applications/ti/simplelink_msp432p4_sdk_2_30_00_14/source/ti/grlib/lib/ccs/m4f/</path>
         <kind>archive</kind>
         <file>grlib.a</file>
         <name>button.obj</name>
      </input_file>
      <input_file id="fl-1d">
         <path>/Applications/ti/simplelink_msp432p4_sdk_2_30_00_14/source/ti/grlib/lib/ccs/m4f/</path>
         <kind>archive</kind>
         <file>grlib.a</file>
         <name>circle.obj</name>
      </input_file>
      <input_file id="fl-1e">
         <path>/Applications/ti/simplelink_msp432p4_sdk_2_30_00_14/source/ti/grlib/lib/ccs/m4f/</path>
         <kind>archive</kind>
         <file>grlib.a</file>
         <name>context.obj</name>
      </input_file>
      <input_file id="fl-1f">
         <path>/Applications/ti/simplelink_msp432p4_sdk_2_30_00_14/source/ti/grlib/lib/ccs/m4f/</path>
         <kind>archive</kind>
         <file>grlib.a</file>
         <name>display.obj</name>
      </input_file>
      <input_file id="fl-20">
         <path>/Applications/ti/simplelink_msp432p4_sdk_2_30_00_14/source/ti/grlib/lib/ccs/m4f/</path>
         <kind>archive</kind>
         <file>grlib.a</file>
         <name>fontcm12.obj</name>
      </input_file>
      <input_file id="fl-21">
         <path>/Applications/ti/simplelink_msp432p4_sdk_2_30_00_14/source/ti/grlib/lib/ccs/m4f/</path>
         <kind>archive</kind>
         <file>grlib.a</file>
         <name>fontcm18.obj</name>
      </input_file>
      <input_file id="fl-22">
         <path>/Applications/ti/simplelink_msp432p4_sdk_2_30_00_14/source/ti/grlib/lib/ccs/m4f/</path>
         <kind>archive</kind>
         <file>grlib.a</file>
         <name>fontcm18b.obj</name>
      </input_file>
      <input_file id="fl-23">
         <path>/Applications/ti/simplelink_msp432p4_sdk_2_30_00_14/source/ti/grlib/lib/ccs/m4f/</path>
         <kind>archive</kind>
         <file>grlib.a</file>
         <name>fontcmss12.obj</name>
      </input_file>
      <input_file id="fl-24">
         <path>/Applications/ti/simplelink_msp432p4_sdk_2_30_00_14/source/ti/grlib/lib/ccs/m4f/</path>
         <kind>archive</kind>
         <file>grlib.a</file>
         <name>fontcmss12b.obj</name>
      </input_file>
      <input_file id="fl-25">
         <path>/Applications/ti/simplelink_msp432p4_sdk_2_30_00_14/source/ti/grlib/lib/ccs/m4f/</path>
         <kind>archive</kind>
         <file>grlib.a</file>
         <name>fontcmss14b.obj</name>
      </input_file>
      <input_file id="fl-26">
         <path>/Applications/ti/simplelink_msp432p4_sdk_2_30_00_14/source/ti/grlib/lib/ccs/m4f/</path>
         <kind>archive</kind>
         <file>grlib.a</file>
         <name>fontcmss16b.obj</name>
      </input_file>
      <input_file id="fl-27">
         <path>/Applications/ti/simplelink_msp432p4_sdk_2_30_00_14/source/ti/grlib/lib/ccs/m4f/</path>
         <kind>archive</kind>
         <file>grlib.a</file>
         <name>fontcmss18b.obj</name>
      </input_file>
      <input_file id="fl-28">
         <path>/Applications/ti/simplelink_msp432p4_sdk_2_30_00_14/source/ti/grlib/lib/ccs/m4f/</path>
         <kind>archive</kind>
         <file>grlib.a</file>
         <name>fontcmss20b.obj</name>
      </input_file>
      <input_file id="fl-29">
         <path>/Applications/ti/simplelink_msp432p4_sdk_2_30_00_14/source/ti/grlib/lib/ccs/m4f/</path>
         <kind>archive</kind>
         <file>grlib.a</file>
         <name>imageButton.obj</name>
      </input_file>
      <input_file id="fl-2a">
         <path>/Applications/ti/simplelink_msp432p4_sdk_2_30_00_14/source/ti/grlib/lib/ccs/m4f/</path>
         <kind>archive</kind>
         <file>grlib.a</file>
         <name>line.obj</name>
      </input_file>
      <input_file id="fl-2b">
         <path>/Applications/ti/simplelink_msp432p4_sdk_2_30_00_14/source/ti/grlib/lib/ccs/m4f/</path>
         <kind>archive</kind>
         <file>grlib.a</file>
         <name>rectangle.obj</name>
      </input_file>
      <input_file id="fl-2c">
         <path>/Applications/ti/simplelink_msp432p4_sdk_2_30_00_14/source/ti/grlib/lib/ccs/m4f/</path>
         <kind>archive</kind>
         <file>grlib.a</file>
         <name>string.obj</name>
      </input_file>
      <input_file id="fl-2d">
         <path>/Applications/ti/simplelink_msp432p4_sdk_2_30_00_14/source/ti/grlib/lib/ccs/m4f/</path>
         <kind>archive</kind>
         <file>grlib.a</file>
         <name>image.obj</name>
      </input_file>
      <input_file id="fl-2e">
         <path>/Applications/ti/simplelink_msp432p4_sdk_2_30_00_14/source/ti/devices/msp432p4xx/driverlib/ccs/</path>
         <kind>archive</kind>
         <file>msp432p4xx_driverlib.lib</file>
         <name>cs.o</name>
      </input_file>
      <input_file id="fl-2f">
         <path>/Applications/ti/simplelink_msp432p4_sdk_2_30_00_14/source/ti/devices/msp432p4xx/driverlib/ccs/</path>
         <kind>archive</kind>
         <file>msp432p4xx_driverlib.lib</file>
         <name>flash.o</name>
      </input_file>
      <input_file id="fl-30">
         <path>/Applications/ti/simplelink_msp432p4_sdk_2_30_00_14/source/ti/devices/msp432p4xx/driverlib/ccs/</path>
         <kind>archive</kind>
         <file>msp432p4xx_driverlib.lib</file>
         <name>fpu.o</name>
      </input_file>
      <input_file id="fl-31">
         <path>/Applications/ti/simplelink_msp432p4_sdk_2_30_00_14/source/ti/devices/msp432p4xx/driverlib/ccs/</path>
         <kind>archive</kind>
         <file>msp432p4xx_driverlib.lib</file>
         <name>gpio.o</name>
      </input_file>
      <input_file id="fl-32">
         <path>/Applications/ti/simplelink_msp432p4_sdk_2_30_00_14/source/ti/devices/msp432p4xx/driverlib/ccs/</path>
         <kind>archive</kind>
         <file>msp432p4xx_driverlib.lib</file>
         <name>interrupt.o</name>
      </input_file>
      <input_file id="fl-33">
         <path>/Applications/ti/simplelink_msp432p4_sdk_2_30_00_14/source/ti/devices/msp432p4xx/driverlib/ccs/</path>
         <kind>archive</kind>
         <file>msp432p4xx_driverlib.lib</file>
         <name>pcm.o</name>
      </input_file>
      <input_file id="fl-34">
         <path>/Applications/ti/simplelink_msp432p4_sdk_2_30_00_14/source/ti/devices/msp432p4xx/driverlib/ccs/</path>
         <kind>archive</kind>
         <file>msp432p4xx_driverlib.lib</file>
         <name>rtc_c.o</name>
      </input_file>
      <input_file id="fl-35">
         <path>/Applications/ti/simplelink_msp432p4_sdk_2_30_00_14/source/ti/devices/msp432p4xx/driverlib/ccs/</path>
         <kind>archive</kind>
         <file>msp432p4xx_driverlib.lib</file>
         <name>spi.o</name>
      </input_file>
      <input_file id="fl-36">
         <path>/Applications/ti/simplelink_msp432p4_sdk_2_30_00_14/source/ti/devices/msp432p4xx/driverlib/ccs/</path>
         <kind>archive</kind>
         <file>msp432p4xx_driverlib.lib</file>
         <name>sysctl.o</name>
      </input_file>
      <input_file id="fl-37">
         <path>/Applications/ti/simplelink_msp432p4_sdk_2_30_00_14/source/ti/devices/msp432p4xx/driverlib/ccs/</path>
         <kind>archive</kind>
         <file>msp432p4xx_driverlib.lib</file>
         <name>sysctl_a.o</name>
      </input_file>
      <input_file id="fl-38">
         <path>/Applications/ti/simplelink_msp432p4_sdk_2_30_00_14/source/ti/devices/msp432p4xx/driverlib/ccs/</path>
         <kind>archive</kind>
         <file>msp432p4xx_driverlib.lib</file>
         <name>wdt_a.o</name>
      </input_file>
      <input_file id="fl-39">
         <path>/Applications/ti/simplelink_msp432p4_sdk_2_30_00_14/source/ti/devices/msp432p4xx/driverlib/ccs/</path>
         <kind>archive</kind>
         <file>msp432p4xx_driverlib.lib</file>
         <name>cpu.o</name>
      </input_file>
      <input_file id="fl-ef">
         <path>/Applications/ti/ccsv8/tools/compiler/ti-cgt-arm_18.1.4.LTS/lib/</path>
         <kind>archive</kind>
         <file>rtsv7M4_T_le_v4SPD16_eabi.lib</file>
         <name>memcpy_t2.asm.obj</name>
      </input_file>
      <input_file id="fl-f0">
         <path>/Applications/ti/ccsv8/tools/compiler/ti-cgt-arm_18.1.4.LTS/lib/</path>
         <kind>archive</kind>
         <file>rtsv7M4_T_le_v4SPD16_eabi.lib</file>
         <name>copy_zero_init.c.obj</name>
      </input_file>
      <input_file id="fl-f1">
         <path>/Applications/ti/ccsv8/tools/compiler/ti-cgt-arm_18.1.4.LTS/lib/</path>
         <kind>archive</kind>
         <file>rtsv7M4_T_le_v4SPD16_eabi.lib</file>
         <name>copy_decompress_none.c.obj</name>
      </input_file>
      <input_file id="fl-f2">
         <path>/Applications/ti/ccsv8/tools/compiler/ti-cgt-arm_18.1.4.LTS/lib/</path>
         <kind>archive</kind>
         <file>rtsv7M4_T_le_v4SPD16_eabi.lib</file>
         <name>copy_decompress_lzss.c.obj</name>
      </input_file>
      <input_file id="fl-f3">
         <path>/Applications/ti/ccsv8/tools/compiler/ti-cgt-arm_18.1.4.LTS/lib/</path>
         <kind>archive</kind>
         <file>rtsv7M4_T_le_v4SPD16_eabi.lib</file>
         <name>boot_cortex_m.c.obj</name>
      </input_file>
      <input_file id="fl-f4">
         <path>/Applications/ti/ccsv8/tools/compiler/ti-cgt-arm_18.1.4.LTS/lib/</path>
         <kind>archive</kind>
         <file>rtsv7M4_T_le_v4SPD16_eabi.lib</file>
         <name>exit.c.obj</name>
      </input_file>
      <input_file id="fl-f5">
         <path>/Applications/ti/ccsv8/tools/compiler/ti-cgt-arm_18.1.4.LTS/lib/</path>
         <kind>archive</kind>
         <file>rtsv7M4_T_le_v4SPD16_eabi.lib</file>
         <name>_lock.c.obj</name>
      </input_file>
      <input_file id="fl-f6">
         <path>/Applications/ti/ccsv8/tools/compiler/ti-cgt-arm_18.1.4.LTS/lib/</path>
         <kind>archive</kind>
         <file>rtsv7M4_T_le_v4SPD16_eabi.lib</file>
         <name>args_main.c.obj</name>
      </input_file>
      <input_file id="fl-f7">
         <path>/Applications/ti/ccsv8/tools/compiler/ti-cgt-arm_18.1.4.LTS/lib/</path>
         <kind>archive</kind>
         <file>rtsv7M4_T_le_v4SPD16_eabi.lib</file>
         <name>strcmp.c.obj</name>
      </input_file>
      <input_file id="fl-f8">
         <path>/Applications/ti/ccsv8/tools/compiler/ti-cgt-arm_18.1.4.LTS/lib/</path>
         <kind>archive</kind>
         <file>rtsv7M4_T_le_v4SPD16_eabi.lib</file>
         <name>strcpy.c.obj</name>
      </input_file>
      <input_file id="fl-f9">
         <path>/Applications/ti/ccsv8/tools/compiler/ti-cgt-arm_18.1.4.LTS/lib/</path>
         <kind>archive</kind>
         <file>rtsv7M4_T_le_v4SPD16_eabi.lib</file>
         <name>memset_t2.asm.obj</name>
      </input_file>
      <input_file id="fl-fa">
         <path>/Applications/ti/ccsv8/tools/compiler/ti-cgt-arm_18.1.4.LTS/lib/</path>
         <kind>archive</kind>
         <file>rtsv7M4_T_le_v4SPD16_eabi.lib</file>
         <name>autoinit.c.obj</name>
      </input_file>
      <input_file id="fl-fb">
         <path>/Applications/ti/ccsv8/tools/compiler/ti-cgt-arm_18.1.4.LTS/lib/</path>
         <kind>archive</kind>
         <file>rtsv7M4_T_le_v4SPD16_eabi.lib</file>
         <name>pre_init.c.obj</name>
      </input_file>
      <input_file id="fl-fc">
         <path>/Applications/ti/ccsv8/tools/compiler/ti-cgt-arm_18.1.4.LTS/lib/</path>
         <kind>archive</kind>
         <file>rtsv7M4_T_le_v4SPD16_eabi.lib</file>
         <name>cpy_tbl.c.obj</name>
      </input_file>
   </input_file_list>
   <object_component_list>
      <object_component id="oc-23">
         <name>.intvecs:retain</name>
         <load_address>0x0</load_address>
         <run_address>0x0</run_address>
         <size>0xe4</size>
         <input_file_ref idref="fl-3"/>
      </object_component>
      <object_component id="oc-d9">
         <name>.text:initializeDemoButtons</name>
         <load_address>0x10fd8</load_address>
         <run_address>0x10fd8</run_address>
         <size>0x6d8</size>
         <input_file_ref idref="fl-2"/>
      </object_component>
      <object_component id="oc-279">
         <name>.text:Graphics_drawString</name>
         <load_address>0x116b0</load_address>
         <run_address>0x116b0</run_address>
         <size>0x47e</size>
         <input_file_ref idref="fl-2c"/>
      </object_component>
      <object_component id="oc-26d">
         <name>.text:Graphics_drawImage</name>
         <load_address>0x11b2e</load_address>
         <run_address>0x11b2e</run_address>
         <size>0x388</size>
         <input_file_ref idref="fl-2d"/>
      </object_component>
      <object_component id="oc-6a">
         <name>.text:Default_Handler</name>
         <load_address>0x11eb6</load_address>
         <run_address>0x11eb6</run_address>
         <size>0x2</size>
         <input_file_ref idref="fl-3"/>
      </object_component>
      <object_component id="oc-139">
         <name>.text:runCredits</name>
         <load_address>0x11eb8</load_address>
         <run_address>0x11eb8</run_address>
         <size>0x304</size>
         <input_file_ref idref="fl-2"/>
      </object_component>
      <object_component id="oc-330">
         <name>.text:__PCM_setPowerStateAdvanced</name>
         <load_address>0x121bc</load_address>
         <run_address>0x121bc</run_address>
         <size>0x28a</size>
         <input_file_ref idref="fl-33"/>
      </object_component>
      <object_component id="oc-285">
         <name>.text:GameHotkeyList</name>
         <load_address>0x12448</load_address>
         <run_address>0x12448</run_address>
         <size>0x278</size>
         <input_file_ref idref="fl-2"/>
      </object_component>
      <object_component id="oc-291">
         <name>.text:runGameListMid</name>
         <load_address>0x126c0</load_address>
         <run_address>0x126c0</run_address>
         <size>0x23c</size>
         <input_file_ref idref="fl-2"/>
      </object_component>
      <object_component id="oc-522">
         <name>.text:Graphics_fillCircle</name>
         <load_address>0x128fc</load_address>
         <run_address>0x128fc</run_address>
         <size>0x22a</size>
         <input_file_ref idref="fl-1d"/>
      </object_component>
      <object_component id="oc-421">
         <name>.text:viewHotkeyList</name>
         <load_address>0x12b28</load_address>
         <run_address>0x12b28</run_address>
         <size>0x228</size>
         <input_file_ref idref="fl-2"/>
      </object_component>
      <object_component id="oc-127">
         <name>.text:runGameListBeg</name>
         <load_address>0x12d50</load_address>
         <run_address>0x12d50</run_address>
         <size>0x1e0</size>
         <input_file_ref idref="fl-2"/>
      </object_component>
      <object_component id="oc-297">
         <name>.text:runGameListEnd</name>
         <load_address>0x12f30</load_address>
         <run_address>0x12f30</run_address>
         <size>0x1d8</size>
         <input_file_ref idref="fl-2"/>
      </object_component>
      <object_component id="oc-e5">
         <name>.text:Kitronix320x240x16_SSD2119Init</name>
         <load_address>0x13108</load_address>
         <run_address>0x13108</run_address>
         <size>0x1ba</size>
         <input_file_ref idref="fl-7"/>
      </object_component>
      <object_component id="oc-96">
         <name>.text:main</name>
         <load_address>0x132c4</load_address>
         <run_address>0x132c4</run_address>
         <size>0x1a8</size>
         <input_file_ref idref="fl-2"/>
      </object_component>
      <object_component id="oc-1bd">
         <name>.text:CS_setDCOFrequency</name>
         <load_address>0x1346c</load_address>
         <run_address>0x1346c</run_address>
         <size>0x19c</size>
         <input_file_ref idref="fl-2e"/>
      </object_component>
      <object_component id="oc-2d9">
         <name>.text:Kitronix320x240x16_SSD2119PixelDrawMultiple</name>
         <load_address>0x13608</load_address>
         <run_address>0x13608</run_address>
         <size>0x17a</size>
         <input_file_ref idref="fl-7"/>
      </object_component>
      <object_component id="oc-21e">
         <name>.text:validateCalibration</name>
         <load_address>0x13784</load_address>
         <run_address>0x13784</run_address>
         <size>0x178</size>
         <input_file_ref idref="fl-5"/>
      </object_component>
      <object_component id="oc-27f">
         <name>.text:chooseGameImage</name>
         <load_address>0x138fc</load_address>
         <run_address>0x138fc</run_address>
         <size>0x16c</size>
         <input_file_ref idref="fl-2"/>
      </object_component>
      <object_component id="oc-484">
         <name>.text:__PCM_setPowerModeAdvanced</name>
         <load_address>0x13a68</load_address>
         <run_address>0x13a68</run_address>
         <size>0x15c</size>
         <input_file_ref idref="fl-33"/>
      </object_component>
      <object_component id="oc-115">
         <name>.text:touch_updateCurrentTouch</name>
         <load_address>0x13bc4</load_address>
         <run_address>0x13bc4</run_address>
         <size>0x140</size>
         <input_file_ref idref="fl-5"/>
      </object_component>
      <object_component id="oc-1c3">
         <name>.text:CS_initClockSignal</name>
         <load_address>0x13d04</load_address>
         <run_address>0x13d04</run_address>
         <size>0x130</size>
         <input_file_ref idref="fl-2e"/>
      </object_component>
      <object_component id="oc-267">
         <name>.text:Graphics_fillRectangle</name>
         <load_address>0x13e34</load_address>
         <run_address>0x13e34</run_address>
         <size>0x112</size>
         <input_file_ref idref="fl-2b"/>
      </object_component>
      <object_component id="oc-240">
         <name>.text:Graphics_drawButton</name>
         <load_address>0x13f48</load_address>
         <run_address>0x13f48</run_address>
         <size>0x108</size>
         <input_file_ref idref="fl-1c"/>
      </object_component>
      <object_component id="oc-47e">
         <name>.text:__PCM_setCoreVoltageLevelAdvanced</name>
         <load_address>0x14050</load_address>
         <run_address>0x14050</run_address>
         <size>0x108</size>
         <input_file_ref idref="fl-33"/>
      </object_component>
      <object_component id="oc-4cc">
         <name>.text:_CSComputeCLKFrequency</name>
         <load_address>0x14158</load_address>
         <run_address>0x14158</run_address>
         <size>0x104</size>
         <input_file_ref idref="fl-2e"/>
      </object_component>
      <object_component id="oc-24b">
         <name>.text:touch_detectedTouch</name>
         <load_address>0x1425c</load_address>
         <run_address>0x1425c</run_address>
         <size>0x100</size>
         <input_file_ref idref="fl-5"/>
      </object_component>
      <object_component id="oc-3c7">
         <name>.text:Graphics_getStringWidth</name>
         <load_address>0x1435c</load_address>
         <run_address>0x1435c</run_address>
         <size>0xfa</size>
         <input_file_ref idref="fl-2c"/>
      </object_component>
      <object_component id="oc-5c1">
         <name>.text:CS_getDCOFrequency</name>
         <load_address>0x14458</load_address>
         <run_address>0x14458</run_address>
         <size>0xf8</size>
         <input_file_ref idref="fl-2e"/>
      </object_component>
      <object_component id="oc-257">
         <name>.text:touch_sampleX</name>
         <load_address>0x14550</load_address>
         <run_address>0x14550</run_address>
         <size>0xf4</size>
         <input_file_ref idref="fl-5"/>
      </object_component>
      <object_component id="oc-25d">
         <name>.text:touch_sampleY</name>
         <load_address>0x14644</load_address>
         <run_address>0x14644</run_address>
         <size>0xf4</size>
         <input_file_ref idref="fl-5"/>
      </object_component>
      <object_component id="oc-218">
         <name>.text:touch_calibrate</name>
         <load_address>0x14738</load_address>
         <run_address>0x14738</run_address>
         <size>0xe8</size>
         <input_file_ref idref="fl-5"/>
      </object_component>
      <object_component id="oc-109">
         <name>.text:drawMainMenu</name>
         <load_address>0x14820</load_address>
         <run_address>0x14820</run_address>
         <size>0xd4</size>
         <input_file_ref idref="fl-2"/>
      </object_component>
      <object_component id="oc-103">
         <name>.text:touch_initInterface</name>
         <load_address>0x148f4</load_address>
         <run_address>0x148f4</run_address>
         <size>0xcc</size>
         <input_file_ref idref="fl-5"/>
      </object_component>
      <object_component id="oc-23a">
         <name>.text:Graphics_drawImageButton</name>
         <load_address>0x149c0</load_address>
         <run_address>0x149c0</run_address>
         <size>0xb8</size>
         <input_file_ref idref="fl-29"/>
      </object_component>
      <object_component id="oc-1e2">
         <name>.text:HAL_LCD_initLCD</name>
         <load_address>0x14a78</load_address>
         <run_address>0x14a78</run_address>
         <size>0xb4</size>
         <input_file_ref idref="fl-6"/>
      </object_component>
      <object_component id="oc-28b">
         <name>.text:Graphics_drawReleasedButton</name>
         <load_address>0x14b2c</load_address>
         <run_address>0x14b2c</run_address>
         <size>0xb0</size>
         <input_file_ref idref="fl-1c"/>
      </object_component>
      <object_component id="oc-133">
         <name>.text:Graphics_drawSelectedButton</name>
         <load_address>0x14bdc</load_address>
         <run_address>0x14bdc</run_address>
         <size>0xb0</size>
         <input_file_ref idref="fl-1c"/>
      </object_component>
      <object_component id="oc-37f">
         <name>.text:SPI_initMaster</name>
         <load_address>0x14c8c</load_address>
         <run_address>0x14c8c</run_address>
         <size>0xb0</size>
         <input_file_ref idref="fl-35"/>
      </object_component>
      <object_component id="oc-2eb">
         <name>.text:Kitronix320x240x16_SSD2119RectFill</name>
         <load_address>0x14d3c</load_address>
         <run_address>0x14d3c</run_address>
         <size>0xaa</size>
         <input_file_ref idref="fl-7"/>
      </object_component>
      <object_component id="oc-29d">
         <name>.text:Graphics_drawReleasedImageButton</name>
         <load_address>0x14de8</load_address>
         <run_address>0x14de8</run_address>
         <size>0xa8</size>
         <input_file_ref idref="fl-29"/>
      </object_component>
      <object_component id="oc-121">
         <name>.text:Graphics_drawSelectedImageButton</name>
         <load_address>0x14e90</load_address>
         <run_address>0x14e90</run_address>
         <size>0xa8</size>
         <input_file_ref idref="fl-29"/>
      </object_component>
      <object_component id="oc-40a">
         <name>.text:Graphics_drawLineH</name>
         <load_address>0x14f38</load_address>
         <run_address>0x14f38</run_address>
         <size>0x9c</size>
         <input_file_ref idref="fl-2a"/>
      </object_component>
      <object_component id="oc-34">
         <name>.text</name>
         <load_address>0x14fd4</load_address>
         <run_address>0x14fd4</run_address>
         <size>0x9c</size>
         <input_file_ref idref="fl-ef"/>
      </object_component>
      <object_component id="oc-338">
         <name>.text:SysCtl_A_getTLVInfo</name>
         <load_address>0x15070</load_address>
         <run_address>0x15070</run_address>
         <size>0x94</size>
         <input_file_ref idref="fl-37"/>
      </object_component>
      <object_component id="oc-33e">
         <name>.text:CS_tuneDCOFrequency</name>
         <load_address>0x15104</load_address>
         <run_address>0x15104</run_address>
         <size>0x88</size>
         <input_file_ref idref="fl-2e"/>
      </object_component>
      <object_component id="oc-373">
         <name>.text:GPIO_setAsPeripheralModuleFunctionOutputPin</name>
         <load_address>0x1518c</load_address>
         <run_address>0x1518c</run_address>
         <size>0x88</size>
         <input_file_ref idref="fl-31"/>
      </object_component>
      <object_component id="oc-490">
         <name>.text:PCM_gotoLPM3</name>
         <load_address>0x15214</load_address>
         <run_address>0x15214</run_address>
         <size>0x84</size>
         <input_file_ref idref="fl-33"/>
      </object_component>
      <object_component id="oc-234">
         <name>.text:drawEditMode</name>
         <load_address>0x15298</load_address>
         <run_address>0x15298</run_address>
         <size>0x84</size>
         <input_file_ref idref="fl-2"/>
      </object_component>
      <object_component id="oc-60e">
         <name>.text:_CSGetDOCFrequency</name>
         <load_address>0x1531c</load_address>
         <run_address>0x1531c</run_address>
         <size>0x7c</size>
         <input_file_ref idref="fl-2e"/>
      </object_component>
      <object_component id="oc-8a">
         <name>.text</name>
         <load_address>0x15398</load_address>
         <run_address>0x15398</run_address>
         <size>0x7a</size>
         <input_file_ref idref="fl-f9"/>
      </object_component>
      <object_component id="oc-a8">
         <name>.text:SystemInit</name>
         <load_address>0x15414</load_address>
         <run_address>0x15414</run_address>
         <size>0x78</size>
         <input_file_ref idref="fl-4"/>
      </object_component>
      <object_component id="oc-3bc">
         <name>.text:touch_calibrateCircle</name>
         <load_address>0x1548c</load_address>
         <run_address>0x1548c</run_address>
         <size>0x78</size>
         <input_file_ref idref="fl-5"/>
      </object_component>
      <object_component id="oc-3f0">
         <name>.text:Graphics_convertPalette</name>
         <load_address>0x15504</load_address>
         <run_address>0x15504</run_address>
         <size>0x6c</size>
         <input_file_ref idref="fl-2d"/>
      </object_component>
      <object_component id="oc-14">
         <name>.text:decompress:lzss:__TI_decompress_lzss</name>
         <load_address>0x15570</load_address>
         <run_address>0x15570</run_address>
         <size>0x68</size>
         <input_file_ref idref="fl-f2"/>
      </object_component>
      <object_component id="oc-11b">
         <name>.text:Graphics_isImageButtonSelected</name>
         <load_address>0x155d8</load_address>
         <run_address>0x155d8</run_address>
         <size>0x62</size>
         <input_file_ref idref="fl-29"/>
      </object_component>
      <object_component id="oc-5b5">
         <name>.text:_CSGetDividerValue</name>
         <load_address>0x1563a</load_address>
         <run_address>0x1563a</run_address>
         <size>0x62</size>
         <input_file_ref idref="fl-2e"/>
      </object_component>
      <object_component id="oc-592">
         <name>.text:PCM_getCoreVoltageLevel</name>
         <load_address>0x1569c</load_address>
         <run_address>0x1569c</run_address>
         <size>0x5e</size>
         <input_file_ref idref="fl-33"/>
      </object_component>
      <object_component id="oc-58c">
         <name>.text:PCM_getPowerMode</name>
         <load_address>0x156fa</load_address>
         <run_address>0x156fa</run_address>
         <size>0x5a</size>
         <input_file_ref idref="fl-33"/>
      </object_component>
      <object_component id="oc-49c">
         <name>.text:PCM_shutdownDevice</name>
         <load_address>0x15754</load_address>
         <run_address>0x15754</run_address>
         <size>0x54</size>
         <input_file_ref idref="fl-33"/>
      </object_component>
      <object_component id="oc-eb">
         <name>.text:Graphics_initContext</name>
         <load_address>0x157a8</load_address>
         <run_address>0x157a8</run_address>
         <size>0x52</size>
         <input_file_ref idref="fl-1e"/>
      </object_component>
      <object_component id="oc-2d3">
         <name>.text:Kitronix320x240x16_SSD2119PixelDraw</name>
         <load_address>0x157fa</load_address>
         <run_address>0x157fa</run_address>
         <size>0x52</size>
         <input_file_ref idref="fl-7"/>
      </object_component>
      <object_component id="oc-1f4">
         <name>.text:HAL_LCD_writeData</name>
         <load_address>0x1584c</load_address>
         <run_address>0x1584c</run_address>
         <size>0x50</size>
         <input_file_ref idref="fl-6"/>
      </object_component>
      <object_component id="oc-d3">
         <name>.text:clockInit</name>
         <load_address>0x1589c</load_address>
         <run_address>0x1589c</run_address>
         <size>0x4c</size>
         <input_file_ref idref="fl-2"/>
      </object_component>
      <object_component id="oc-12d">
         <name>.text:Graphics_isButtonSelected</name>
         <load_address>0x158e8</load_address>
         <run_address>0x158e8</run_address>
         <size>0x4a</size>
         <input_file_ref idref="fl-1c"/>
      </object_component>
      <object_component id="oc-43e">
         <name>.text:Kitronix320x240x16_SSD2119_setCursorLtoR</name>
         <load_address>0x15932</load_address>
         <run_address>0x15932</run_address>
         <size>0x4a</size>
         <input_file_ref idref="fl-7"/>
      </object_component>
      <object_component id="oc-446">
         <name>.text:Kitronix320x240x16_SSD2119_setCursorTtoB</name>
         <load_address>0x1597c</load_address>
         <run_address>0x1597c</run_address>
         <size>0x4a</size>
         <input_file_ref idref="fl-7"/>
      </object_component>
      <object_component id="oc-1ab">
         <name>.text:FlashCtl_setWaitState</name>
         <load_address>0x159c8</load_address>
         <run_address>0x159c8</run_address>
         <size>0x48</size>
         <input_file_ref idref="fl-2f"/>
      </object_component>
      <object_component id="oc-22e">
         <name>.text:Graphics_drawStringCentered</name>
         <load_address>0x15a10</load_address>
         <run_address>0x15a10</run_address>
         <size>0x48</size>
         <input_file_ref idref="fl-2c"/>
      </object_component>
      <object_component id="oc-3f6">
         <name>.text:Graphics_drawMultiplePixelsOnDisplay</name>
         <load_address>0x15a58</load_address>
         <run_address>0x15a58</run_address>
         <size>0x46</size>
         <input_file_ref idref="fl-1f"/>
      </object_component>
      <object_component id="oc-2df">
         <name>.text:Kitronix320x240x16_SSD2119LineDrawH</name>
         <load_address>0x15a9e</load_address>
         <run_address>0x15a9e</run_address>
         <size>0x44</size>
         <input_file_ref idref="fl-7"/>
      </object_component>
      <object_component id="oc-2e5">
         <name>.text:Kitronix320x240x16_SSD2119LineDrawV</name>
         <load_address>0x15ae2</load_address>
         <run_address>0x15ae2</run_address>
         <size>0x44</size>
         <input_file_ref idref="fl-7"/>
      </object_component>
      <object_component id="oc-166">
         <name>.text:__TI_auto_init_nobinit_nopinit:__TI_auto_init_nobinit_nopinit</name>
         <load_address>0x15b28</load_address>
         <run_address>0x15b28</run_address>
         <size>0x44</size>
         <input_file_ref idref="fl-fa"/>
      </object_component>
      <object_component id="oc-10f">
         <name>.text:Delay</name>
         <load_address>0x15b6c</load_address>
         <run_address>0x15b6c</run_address>
         <size>0x40</size>
         <input_file_ref idref="fl-2"/>
      </object_component>
      <object_component id="oc-367">
         <name>.text:GPIO_setAsOutputPin</name>
         <load_address>0x15bac</load_address>
         <run_address>0x15bac</run_address>
         <size>0x40</size>
         <input_file_ref idref="fl-31"/>
      </object_component>
      <object_component id="oc-404">
         <name>.text:Graphics_getNumberOfLeadingZeros</name>
         <load_address>0x15bec</load_address>
         <run_address>0x15bec</run_address>
         <size>0x40</size>
         <input_file_ref idref="fl-2c"/>
      </object_component>
      <object_component id="oc-1fa">
         <name>.text:HAL_LCD_delay</name>
         <load_address>0x15c2c</load_address>
         <run_address>0x15c2c</run_address>
         <size>0x40</size>
         <input_file_ref idref="fl-6"/>
      </object_component>
      <object_component id="oc-2fd">
         <name>.text:Kitronix320x240x16_SSD2119ClearScreen</name>
         <load_address>0x15c6c</load_address>
         <run_address>0x15c6c</run_address>
         <size>0x40</size>
         <input_file_ref idref="fl-7"/>
      </object_component>
      <object_component id="oc-4d3">
         <name>.text:is_A_Module</name>
         <load_address>0x15cac</load_address>
         <run_address>0x15cac</run_address>
         <size>0x40</size>
         <input_file_ref idref="fl-35"/>
      </object_component>
      <object_component id="oc-1ee">
         <name>.text:HAL_LCD_writeCommand</name>
         <load_address>0x15cec</load_address>
         <run_address>0x15cec</run_address>
         <size>0x3c</size>
         <input_file_ref idref="fl-6"/>
      </object_component>
      <object_component id="oc-52">
         <name>.text:_c_int00_noargs:_c_int00_noargs</name>
         <load_address>0x15d28</load_address>
         <run_address>0x15d28</run_address>
         <size>0x38</size>
         <input_file_ref idref="fl-f3"/>
      </object_component>
      <object_component id="oc-543">
         <name>.text:Graphics_drawHorizontalLineOnDisplay</name>
         <load_address>0x15d60</load_address>
         <run_address>0x15d60</run_address>
         <size>0x36</size>
         <input_file_ref idref="fl-1f"/>
      </object_component>
      <object_component id="oc-1b7">
         <name>.text:CS_setDCOCenteredFrequency</name>
         <load_address>0x15d98</load_address>
         <run_address>0x15d98</run_address>
         <size>0x34</size>
         <input_file_ref idref="fl-2e"/>
      </object_component>
      <object_component id="oc-5bb">
         <name>.text:CS_clearInterruptFlag</name>
         <load_address>0x15dcc</load_address>
         <run_address>0x15dcc</run_address>
         <size>0x30</size>
         <input_file_ref idref="fl-2e"/>
      </object_component>
      <object_component id="oc-251">
         <name>.text:touch_delay</name>
         <load_address>0x15dfc</load_address>
         <run_address>0x15dfc</run_address>
         <size>0x30</size>
         <input_file_ref idref="fl-5"/>
      </object_component>
      <object_component id="oc-3fc">
         <name>.text:Graphics_drawPixelOnDisplay</name>
         <load_address>0x15e2c</load_address>
         <run_address>0x15e2c</run_address>
         <size>0x2c</size>
         <input_file_ref idref="fl-1f"/>
      </object_component>
      <object_component id="oc-5a8">
         <name>.text:RTC_C_holdClock</name>
         <load_address>0x15e58</load_address>
         <run_address>0x15e58</run_address>
         <size>0x2c</size>
         <input_file_ref idref="fl-34"/>
      </object_component>
      <object_component id="oc-379">
         <name>.text:CS_getSMCLK</name>
         <load_address>0x15e84</load_address>
         <run_address>0x15e84</run_address>
         <size>0x28</size>
         <input_file_ref idref="fl-2e"/>
      </object_component>
      <object_component id="oc-391">
         <name>.text:GPIO_setOutputHighOnPin</name>
         <load_address>0x15eac</load_address>
         <run_address>0x15eac</run_address>
         <size>0x28</size>
         <input_file_ref idref="fl-31"/>
      </object_component>
      <object_component id="oc-36d">
         <name>.text:GPIO_setOutputLowOnPin</name>
         <load_address>0x15ed4</load_address>
         <run_address>0x15ed4</run_address>
         <size>0x28</size>
         <input_file_ref idref="fl-31"/>
      </object_component>
      <object_component id="oc-2f1">
         <name>.text:Kitronix320x240x16_SSD2119ColorTranslate</name>
         <load_address>0x15efc</load_address>
         <run_address>0x15efc</run_address>
         <size>0x28</size>
         <input_file_ref idref="fl-7"/>
      </object_component>
      <object_component id="oc-48a">
         <name>.text:PCM_gotoLPM0</name>
         <load_address>0x15f24</load_address>
         <run_address>0x15f24</run_address>
         <size>0x28</size>
         <input_file_ref idref="fl-33"/>
      </object_component>
      <object_component id="oc-3ae">
         <name>.text:SPI_getInterruptStatus</name>
         <load_address>0x15f4c</load_address>
         <run_address>0x15f4c</run_address>
         <size>0x28</size>
         <input_file_ref idref="fl-35"/>
      </object_component>
      <object_component id="oc-385">
         <name>.text:SPI_clearInterruptFlag</name>
         <load_address>0x15f74</load_address>
         <run_address>0x15f74</run_address>
         <size>0x26</size>
         <input_file_ref idref="fl-35"/>
      </object_component>
      <object_component id="oc-3a7">
         <name>.text:SPI_transmitData</name>
         <load_address>0x15f9a</load_address>
         <run_address>0x15f9a</run_address>
         <size>0x26</size>
         <input_file_ref idref="fl-35"/>
      </object_component>
      <object_component id="oc-c7">
         <name>.text:WDT_A_holdTimer</name>
         <load_address>0x15fc0</load_address>
         <run_address>0x15fc0</run_address>
         <size>0x24</size>
         <input_file_ref idref="fl-38"/>
      </object_component>
      <object_component id="oc-3e8">
         <name>.text:Graphics_fillRectangleOnDisplay</name>
         <load_address>0x15fe4</load_address>
         <run_address>0x15fe4</run_address>
         <size>0x1e</size>
         <input_file_ref idref="fl-1f"/>
      </object_component>
      <object_component id="oc-4f9">
         <name>.text:EUSCI_A_SPI_isBusy</name>
         <load_address>0x16004</load_address>
         <run_address>0x16004</run_address>
         <size>0x1c</size>
         <input_file_ref idref="fl-35"/>
      </object_component>
      <object_component id="oc-4ff">
         <name>.text:EUSCI_B_SPI_isBusy</name>
         <load_address>0x16020</load_address>
         <run_address>0x16020</run_address>
         <size>0x1c</size>
         <input_file_ref idref="fl-35"/>
      </object_component>
      <object_component id="oc-200">
         <name>.text:HAL_LCD_deselectLCD</name>
         <load_address>0x1603c</load_address>
         <run_address>0x1603c</run_address>
         <size>0x1c</size>
         <input_file_ref idref="fl-6"/>
      </object_component>
      <object_component id="oc-1e8">
         <name>.text:HAL_LCD_selectLCD</name>
         <load_address>0x16058</load_address>
         <run_address>0x16058</run_address>
         <size>0x1c</size>
         <input_file_ref idref="fl-6"/>
      </object_component>
      <object_component id="oc-38b">
         <name>.text:SPI_enableModule</name>
         <load_address>0x16074</load_address>
         <run_address>0x16074</run_address>
         <size>0x1c</size>
         <input_file_ref idref="fl-35"/>
      </object_component>
      <object_component id="oc-3a0">
         <name>.text:SPI_isBusy</name>
         <load_address>0x16090</load_address>
         <run_address>0x16090</run_address>
         <size>0x1c</size>
         <input_file_ref idref="fl-35"/>
      </object_component>
      <object_component id="oc-4db">
         <name>.text:EUSCI_A_SPI_clearInterruptFlag</name>
         <load_address>0x160ac</load_address>
         <run_address>0x160ac</run_address>
         <size>0x1a</size>
         <input_file_ref idref="fl-35"/>
      </object_component>
      <object_component id="oc-4e1">
         <name>.text:EUSCI_B_SPI_clearInterruptFlag</name>
         <load_address>0x160c6</load_address>
         <run_address>0x160c6</run_address>
         <size>0x1a</size>
         <input_file_ref idref="fl-35"/>
      </object_component>
      <object_component id="oc-211">
         <name>.text:Graphics_clearDisplayOnDisplay</name>
         <load_address>0x160e0</load_address>
         <run_address>0x160e0</run_address>
         <size>0x1a</size>
         <input_file_ref idref="fl-1f"/>
      </object_component>
      <object_component id="oc-f1">
         <name>.text:Graphics_setBackgroundColor</name>
         <load_address>0x160fa</load_address>
         <run_address>0x160fa</run_address>
         <size>0x1a</size>
         <input_file_ref idref="fl-1e"/>
      </object_component>
      <object_component id="oc-f7">
         <name>.text:Graphics_setFont</name>
         <load_address>0x16114</load_address>
         <run_address>0x16114</run_address>
         <size>0x1a</size>
         <input_file_ref idref="fl-1e"/>
      </object_component>
      <object_component id="oc-513">
         <name>.text:EUSCI_A_SPI_getInterruptStatus</name>
         <load_address>0x1612e</load_address>
         <run_address>0x1612e</run_address>
         <size>0x18</size>
         <input_file_ref idref="fl-35"/>
      </object_component>
      <object_component id="oc-519">
         <name>.text:EUSCI_B_SPI_getInterruptStatus</name>
         <load_address>0x16146</load_address>
         <run_address>0x16146</run_address>
         <size>0x18</size>
         <input_file_ref idref="fl-35"/>
      </object_component>
      <object_component id="oc-1a4">
         <name>.text:FPU_enableModule</name>
         <load_address>0x16160</load_address>
         <run_address>0x16160</run_address>
         <size>0x18</size>
         <input_file_ref idref="fl-30"/>
      </object_component>
      <object_component id="oc-411">
         <name>.text:strcmp</name>
         <load_address>0x16178</load_address>
         <run_address>0x16178</run_address>
         <size>0x18</size>
         <input_file_ref idref="fl-f7"/>
      </object_component>
      <object_component id="oc-4e8">
         <name>.text:EUSCI_A_SPI_enable</name>
         <load_address>0x16190</load_address>
         <run_address>0x16190</run_address>
         <size>0x16</size>
         <input_file_ref idref="fl-35"/>
      </object_component>
      <object_component id="oc-506">
         <name>.text:EUSCI_A_SPI_transmitData</name>
         <load_address>0x161a6</load_address>
         <run_address>0x161a6</run_address>
         <size>0x16</size>
         <input_file_ref idref="fl-35"/>
      </object_component>
      <object_component id="oc-4ee">
         <name>.text:EUSCI_B_SPI_enable</name>
         <load_address>0x161bc</load_address>
         <run_address>0x161bc</run_address>
         <size>0x16</size>
         <input_file_ref idref="fl-35"/>
      </object_component>
      <object_component id="oc-50c">
         <name>.text:EUSCI_B_SPI_transmitData</name>
         <load_address>0x161d2</load_address>
         <run_address>0x161d2</run_address>
         <size>0x16</size>
         <input_file_ref idref="fl-35"/>
      </object_component>
      <object_component id="oc-228">
         <name>.text:Graphics_setForegroundColor</name>
         <load_address>0x161e8</load_address>
         <run_address>0x161e8</run_address>
         <size>0x16</size>
         <input_file_ref idref="fl-1e"/>
      </object_component>
      <object_component id="oc-209">
         <name>.text:Graphics_translateColorOnDisplay</name>
         <load_address>0x161fe</load_address>
         <run_address>0x161fe</run_address>
         <size>0x16</size>
         <input_file_ref idref="fl-1f"/>
      </object_component>
      <object_component id="oc-478">
         <name>.text:PCM_getPowerState</name>
         <load_address>0x16214</load_address>
         <run_address>0x16214</run_address>
         <size>0x14</size>
         <input_file_ref idref="fl-33"/>
      </object_component>
      <object_component id="oc-df">
         <name>.text:strcpy</name>
         <load_address>0x16228</load_address>
         <run_address>0x16228</run_address>
         <size>0x14</size>
         <input_file_ref idref="fl-f8"/>
      </object_component>
      <object_component id="oc-fd">
         <name>.text:Graphics_clearDisplay</name>
         <load_address>0x1623c</load_address>
         <run_address>0x1623c</run_address>
         <size>0x12</size>
         <input_file_ref idref="fl-1e"/>
      </object_component>
      <object_component id="oc-496">
         <name>.text:PCM_gotoLPM4</name>
         <load_address>0x1624e</load_address>
         <run_address>0x1624e</run_address>
         <size>0x10</size>
         <input_file_ref idref="fl-33"/>
      </object_component>
      <object_component id="oc-598">
         <name>.text:PCM_setPowerMode</name>
         <load_address>0x1625e</load_address>
         <run_address>0x1625e</run_address>
         <size>0x10</size>
         <input_file_ref idref="fl-33"/>
      </object_component>
      <object_component id="oc-1b1">
         <name>.text:PCM_setPowerState</name>
         <load_address>0x1626e</load_address>
         <run_address>0x1626e</run_address>
         <size>0x10</size>
         <input_file_ref idref="fl-33"/>
      </object_component>
      <object_component id="oc-1a">
         <name>.text:decompress:none:__TI_decompress_none</name>
         <load_address>0x1627e</load_address>
         <run_address>0x1627e</run_address>
         <size>0xe</size>
         <input_file_ref idref="fl-f1"/>
      </object_component>
      <object_component id="oc-64">
         <name>.text:Reset_Handler</name>
         <load_address>0x1628c</load_address>
         <run_address>0x1628c</run_address>
         <size>0xc</size>
         <input_file_ref idref="fl-3"/>
      </object_component>
      <object_component id="oc-46">
         <name>.text:decompress:ZI:__TI_zero_init</name>
         <load_address>0x16298</load_address>
         <run_address>0x16298</run_address>
         <size>0xc</size>
         <input_file_ref idref="fl-f0"/>
      </object_component>
      <object_component id="oc-2f7">
         <name>.text:Kitronix320x240x16_SSD2119Flush</name>
         <load_address>0x162a4</load_address>
         <run_address>0x162a4</run_address>
         <size>0xa</size>
         <input_file_ref idref="fl-7"/>
      </object_component>
      <object_component id="oc-cd">
         <name>.text:boardInit</name>
         <load_address>0x162ae</load_address>
         <run_address>0x162ae</run_address>
         <size>0x8</size>
         <input_file_ref idref="fl-2"/>
      </object_component>
      <object_component id="oc-5a0">
         <name>.text:CPU_wfi</name>
         <load_address>0x162b6</load_address>
         <run_address>0x162b6</run_address>
         <size>0x4</size>
         <input_file_ref idref="fl-39"/>
      </object_component>
      <object_component id="oc-90">
         <name>.text:_system_pre_init</name>
         <load_address>0x162ba</load_address>
         <run_address>0x162ba</run_address>
         <size>0x4</size>
         <input_file_ref idref="fl-fb"/>
      </object_component>
      <object_component id="oc-15a">
         <name>.text:abort:abort</name>
         <load_address>0x162be</load_address>
         <run_address>0x162be</run_address>
         <size>0x4</size>
         <input_file_ref idref="fl-f4"/>
      </object_component>
      <object_component id="oc-35f">
         <name>.const:.string:pixel_group4BPP_UNCOMP</name>
         <load_address>0xe4</load_address>
         <run_address>0xe4</run_address>
         <size>0x2bf2</size>
         <input_file_ref idref="fl-d"/>
      </object_component>
      <object_component id="oc-550">
         <name>.const:.string:pixel_mario4BPP_UNCOMP</name>
         <load_address>0x2cd6</load_address>
         <run_address>0x2cd6</run_address>
         <size>0x2bf2</size>
         <input_file_ref idref="fl-f"/>
      </object_component>
      <object_component id="oc-562">
         <name>.const:.string:pixel_street_fighter4BPP_UNCOMP</name>
         <load_address>0x58c8</load_address>
         <run_address>0x58c8</run_address>
         <size>0x2bf2</size>
         <input_file_ref idref="fl-10"/>
      </object_component>
      <object_component id="oc-559">
         <name>.const:.string:pixel_zelda4BPP_UNCOMP</name>
         <load_address>0x84ba</load_address>
         <run_address>0x84ba</run_address>
         <size>0x2bf2</size>
         <input_file_ref idref="fl-11"/>
      </object_component>
      <object_component id="oc-356">
         <name>.const:.string:pixel_games4BPP_UNCOMP</name>
         <load_address>0xb0ac</load_address>
         <run_address>0xb0ac</run_address>
         <size>0x17a2</size>
         <input_file_ref idref="fl-c"/>
      </object_component>
      <object_component id="oc-437">
         <name>.const:.string:g_pucCmss20bData</name>
         <load_address>0xc84e</load_address>
         <run_address>0xc84e</run_address>
         <size>0x890</size>
         <input_file_ref idref="fl-28"/>
      </object_component>
      <object_component id="oc-34d">
         <name>.const:.string:g_pucCm18Data</name>
         <load_address>0xd0de</load_address>
         <run_address>0xd0de</run_address>
         <size>0x86e</size>
         <input_file_ref idref="fl-21"/>
      </object_component>
      <object_component id="oc-347">
         <name>.const:.string:g_pucCm18bData</name>
         <load_address>0xd94c</load_address>
         <run_address>0xd94c</run_address>
         <size>0x833</size>
         <input_file_ref idref="fl-22"/>
      </object_component>
      <object_component id="oc-306">
         <name>.const:.string:g_pucCmss18bData</name>
         <load_address>0xe17f</load_address>
         <run_address>0xe17f</run_address>
         <size>0x782</size>
         <input_file_ref idref="fl-27"/>
      </object_component>
      <object_component id="oc-56c">
         <name>.const:.string:g_pucCmss16bData</name>
         <load_address>0xe901</load_address>
         <run_address>0xe901</run_address>
         <size>0x6ca</size>
         <input_file_ref idref="fl-26"/>
      </object_component>
      <object_component id="oc-3d5">
         <name>.const:.string:g_pucCmss14bData</name>
         <load_address>0xefcb</load_address>
         <run_address>0xefcb</run_address>
         <size>0x5df</size>
         <input_file_ref idref="fl-25"/>
      </object_component>
      <object_component id="oc-431">
         <name>.const:.string:g_pucCmss12bData</name>
         <load_address>0xf5aa</load_address>
         <run_address>0xf5aa</run_address>
         <size>0x5c7</size>
         <input_file_ref idref="fl-24"/>
      </object_component>
      <object_component id="oc-52c">
         <name>.const:.string:g_pucCm12Data</name>
         <load_address>0xfb71</load_address>
         <run_address>0xfb71</run_address>
         <size>0x55f</size>
         <input_file_ref idref="fl-20"/>
      </object_component>
      <object_component id="oc-5fb">
         <name>.const:.string:g_pucCmss12Data</name>
         <load_address>0x100d0</load_address>
         <run_address>0x100d0</run_address>
         <size>0x514</size>
         <input_file_ref idref="fl-23"/>
      </object_component>
      <object_component id="oc-13f">
         <name>.const:$P$T0$1</name>
         <load_address>0x105e4</load_address>
         <run_address>0x105e4</run_address>
         <size>0xf0</size>
         <input_file_ref idref="fl-2"/>
      </object_component>
      <object_component id="oc-3cf">
         <name>.const:g_sFontCm12</name>
         <load_address>0x106d4</load_address>
         <run_address>0x106d4</run_address>
         <size>0xc8</size>
         <input_file_ref idref="fl-20"/>
      </object_component>
      <object_component id="oc-1d2">
         <name>.const:g_sFontCm18</name>
         <load_address>0x1079c</load_address>
         <run_address>0x1079c</run_address>
         <size>0xc8</size>
         <input_file_ref idref="fl-21"/>
      </object_component>
      <object_component id="oc-1cb">
         <name>.const:g_sFontCm18b</name>
         <load_address>0x10864</load_address>
         <run_address>0x10864</run_address>
         <size>0xc8</size>
         <input_file_ref idref="fl-22"/>
      </object_component>
      <object_component id="oc-568">
         <name>.const:g_sFontCmss12</name>
         <load_address>0x1092c</load_address>
         <run_address>0x1092c</run_address>
         <size>0xc8</size>
         <input_file_ref idref="fl-23"/>
      </object_component>
      <object_component id="oc-2a8">
         <name>.const:g_sFontCmss12b</name>
         <load_address>0x109f4</load_address>
         <run_address>0x109f4</run_address>
         <size>0xc8</size>
         <input_file_ref idref="fl-24"/>
      </object_component>
      <object_component id="oc-246">
         <name>.const:g_sFontCmss14b</name>
         <load_address>0x10abc</load_address>
         <run_address>0x10abc</run_address>
         <size>0xc8</size>
         <input_file_ref idref="fl-25"/>
      </object_component>
      <object_component id="oc-427">
         <name>.const:g_sFontCmss16b</name>
         <load_address>0x10b84</load_address>
         <run_address>0x10b84</run_address>
         <size>0xc8</size>
         <input_file_ref idref="fl-26"/>
      </object_component>
      <object_component id="oc-14b">
         <name>.const:g_sFontCmss18b</name>
         <load_address>0x10c4c</load_address>
         <run_address>0x10c4c</run_address>
         <size>0xc8</size>
         <input_file_ref idref="fl-27"/>
      </object_component>
      <object_component id="oc-2ab">
         <name>.const:g_sFontCmss20b</name>
         <load_address>0x10d14</load_address>
         <run_address>0x10d14</run_address>
         <size>0xc8</size>
         <input_file_ref idref="fl-28"/>
      </object_component>
      <object_component id="oc-353">
         <name>.const:palette_games4BPP_UNCOMP</name>
         <load_address>0x10ddc</load_address>
         <run_address>0x10ddc</run_address>
         <size>0x40</size>
         <input_file_ref idref="fl-c"/>
      </object_component>
      <object_component id="oc-35c">
         <name>.const:palette_group4BPP_UNCOMP</name>
         <load_address>0x10e1c</load_address>
         <run_address>0x10e1c</run_address>
         <size>0x40</size>
         <input_file_ref idref="fl-d"/>
      </object_component>
      <object_component id="oc-54d">
         <name>.const:palette_mario4BPP_UNCOMP</name>
         <load_address>0x10e5c</load_address>
         <run_address>0x10e5c</run_address>
         <size>0x40</size>
         <input_file_ref idref="fl-f"/>
      </object_component>
      <object_component id="oc-55f">
         <name>.const:palette_street_fighter4BPP_UNCOMP</name>
         <load_address>0x10e9c</load_address>
         <run_address>0x10e9c</run_address>
         <size>0x40</size>
         <input_file_ref idref="fl-10"/>
      </object_component>
      <object_component id="oc-556">
         <name>.const:palette_zelda4BPP_UNCOMP</name>
         <load_address>0x10edc</load_address>
         <run_address>0x10edc</run_address>
         <size>0x40</size>
         <input_file_ref idref="fl-11"/>
      </object_component>
      <object_component id="oc-4c6">
         <name>.const:GPIO_PORT_TO_BASE</name>
         <load_address>0x10f1c</load_address>
         <run_address>0x10f1c</run_address>
         <size>0x30</size>
         <input_file_ref idref="fl-31"/>
      </object_component>
      <object_component id="oc-148">
         <name>.const:g_sKitronix320x240x16_SSD2119_funcs</name>
         <load_address>0x10f4c</load_address>
         <run_address>0x10f4c</run_address>
         <size>0x20</size>
         <input_file_ref idref="fl-7"/>
      </object_component>
      <object_component id="oc-397">
         <name>.const:$P$T0$1</name>
         <load_address>0x10f6c</load_address>
         <run_address>0x10f6c</run_address>
         <size>0x1c</size>
         <input_file_ref idref="fl-6"/>
      </object_component>
      <object_component id="oc-1d8">
         <name>.const:games4BPP_UNCOMP</name>
         <load_address>0x10f88</load_address>
         <run_address>0x10f88</run_address>
         <size>0x10</size>
         <input_file_ref idref="fl-c"/>
      </object_component>
      <object_component id="oc-1dc">
         <name>.const:group4BPP_UNCOMP</name>
         <load_address>0x10f98</load_address>
         <run_address>0x10f98</run_address>
         <size>0x10</size>
         <input_file_ref idref="fl-d"/>
      </object_component>
      <object_component id="oc-417">
         <name>.const:mario4BPP_UNCOMP</name>
         <load_address>0x10fa8</load_address>
         <run_address>0x10fa8</run_address>
         <size>0x10</size>
         <input_file_ref idref="fl-f"/>
      </object_component>
      <object_component id="oc-41d">
         <name>.const:street_fighter4BPP_UNCOMP</name>
         <load_address>0x10fb8</load_address>
         <run_address>0x10fb8</run_address>
         <size>0x10</size>
         <input_file_ref idref="fl-10"/>
      </object_component>
      <object_component id="oc-41a">
         <name>.const:zelda4BPP_UNCOMP</name>
         <load_address>0x10fc8</load_address>
         <run_address>0x10fc8</run_address>
         <size>0x10</size>
         <input_file_ref idref="fl-11"/>
      </object_component>
      <object_component id="oc-64d">
         <name>.cinit..data.load</name>
         <load_address>0x162c8</load_address>
         <run_address>0x162c8</run_address>
         <size>0xd</size>
      </object_component>
      <object_component id="oc-64b">
         <name>__TI_handler_table</name>
         <load_address>0x162d8</load_address>
         <run_address>0x162d8</run_address>
         <size>0xc</size>
      </object_component>
      <object_component id="oc-64e">
         <name>.cinit..bss.load</name>
         <load_address>0x162e8</load_address>
         <run_address>0x162e8</run_address>
         <size>0x8</size>
      </object_component>
      <object_component id="oc-64c">
         <name>__TI_cinit_table</name>
         <load_address>0x162f0</load_address>
         <run_address>0x162f0</run_address>
         <size>0x10</size>
      </object_component>
      <object_component id="oc-620">
         <name>.binit</name>
         <load_address>0x0</load_address>
         <run_address>0x0</run_address>
         <size>0x0</size>
      </object_component>
      <object_component id="oc-14e">
         <name>.data</name>
         <load_address>0x2000061c</load_address>
         <run_address>0x2000061c</run_address>
         <size>0x2</size>
         <input_file_ref idref="fl-2"/>
      </object_component>
      <object_component id="oc-145">
         <name>.data:g_sKitronix320x240x16_SSD2119</name>
         <load_address>0x2000060c</load_address>
         <run_address>0x2000060c</run_address>
         <size>0x10</size>
         <input_file_ref idref="fl-7"/>
      </object_component>
      <object_component id="oc-224">
         <name>.bss:touch_calibrationData</name>
         <uninitialized>true</uninitialized>
         <run_address>0x200005f0</run_address>
         <size>0xc</size>
         <input_file_ref idref="fl-5"/>
      </object_component>
      <object_component id="oc-53a">
         <name>.bss:g_pulConvertedPalette</name>
         <uninitialized>true</uninitialized>
         <run_address>0x20000000</run_address>
         <size>0x400</size>
         <input_file_ref idref="fl-2d"/>
      </object_component>
      <object_component id="oc-5c7">
         <name>.bss</name>
         <uninitialized>true</uninitialized>
         <run_address>0x200005fc</run_address>
         <size>0x8</size>
         <input_file_ref idref="fl-2e"/>
      </object_component>
      <object_component id="oc-151">
         <name>.common:g_sTouchContext</name>
         <uninitialized>true</uninitialized>
         <run_address>0x20000604</run_address>
         <size>0x6</size>
      </object_component>
      <object_component id="oc-152">
         <name>.common:gamesButton</name>
         <uninitialized>true</uninitialized>
         <run_address>0x200005a8</run_address>
         <size>0x18</size>
      </object_component>
      <object_component id="oc-2a3">
         <name>.common:gamesImageButton</name>
         <uninitialized>true</uninitialized>
         <run_address>0x200005c0</run_address>
         <size>0x18</size>
      </object_component>
      <object_component id="oc-1d7">
         <name>.common:start</name>
         <uninitialized>true</uninitialized>
         <run_address>0x20000560</run_address>
         <size>0x2c</size>
      </object_component>
      <object_component id="oc-1d5">
         <name>.common:Home</name>
         <uninitialized>true</uninitialized>
         <run_address>0x2000042c</run_address>
         <size>0x2c</size>
      </object_component>
      <object_component id="oc-1d6">
         <name>.common:Next</name>
         <uninitialized>true</uninitialized>
         <run_address>0x20000508</run_address>
         <size>0x2c</size>
      </object_component>
      <object_component id="oc-1d1">
         <name>.common:Back</name>
         <uninitialized>true</uninitialized>
         <run_address>0x20000400</run_address>
         <size>0x2c</size>
      </object_component>
      <object_component id="oc-1db">
         <name>.common:groupImage</name>
         <uninitialized>true</uninitialized>
         <run_address>0x200005d8</run_address>
         <size>0x18</size>
      </object_component>
      <object_component id="oc-153">
         <name>.common:creditButton</name>
         <uninitialized>true</uninitialized>
         <run_address>0x20000534</run_address>
         <size>0x2c</size>
      </object_component>
      <object_component id="oc-1ca">
         <name>.common:Hotkey1</name>
         <uninitialized>true</uninitialized>
         <run_address>0x20000458</run_address>
         <size>0x2c</size>
      </object_component>
      <object_component id="oc-1ce">
         <name>.common:Hotkey2</name>
         <uninitialized>true</uninitialized>
         <run_address>0x20000484</run_address>
         <size>0x2c</size>
      </object_component>
      <object_component id="oc-1cf">
         <name>.common:Hotkey3</name>
         <uninitialized>true</uninitialized>
         <run_address>0x200004b0</run_address>
         <size>0x2c</size>
      </object_component>
      <object_component id="oc-1d0">
         <name>.common:Hotkey4</name>
         <uninitialized>true</uninitialized>
         <run_address>0x200004dc</run_address>
         <size>0x2c</size>
      </object_component>
      <object_component id="oc-142">
         <name>.common:g_sContext</name>
         <uninitialized>true</uninitialized>
         <run_address>0x2000058c</run_address>
         <size>0x1c</size>
      </object_component>
      <object_component id="oc-26">
         <name>.stack</name>
         <uninitialized>true</uninitialized>
         <run_address>0x2000fe00</run_address>
         <size>0x4</size>
         <input_file_ref idref="fl-f3"/>
      </object_component>
      <object_component id="oc-64f">
         <name>.stack</name>
         <uninitialized>true</uninitialized>
         <run_address>0x2000fe00</run_address>
         <size>0x0</size>
      </object_component>
      <object_component id="oc-143">
         <name>.debug_info</name>
         <load_address>0x0</load_address>
         <run_address>0x0</run_address>
         <size>0x13ed</size>
         <input_file_ref idref="fl-2"/>
      </object_component>
      <object_component id="oc-14f">
         <name>.debug_info</name>
         <load_address>0x13ed</load_address>
         <run_address>0x13ed</run_address>
         <size>0x120</size>
         <input_file_ref idref="fl-2"/>
      </object_component>
      <object_component id="oc-140">
         <name>.debug_info</name>
         <load_address>0x150d</load_address>
         <run_address>0x150d</run_address>
         <size>0xf4</size>
         <input_file_ref idref="fl-2"/>
      </object_component>
      <object_component id="oc-97">
         <name>.debug_info</name>
         <load_address>0x1601</load_address>
         <run_address>0x1601</run_address>
         <size>0x3ba</size>
         <input_file_ref idref="fl-2"/>
      </object_component>
      <object_component id="oc-da">
         <name>.debug_info</name>
         <load_address>0x19bb</load_address>
         <run_address>0x19bb</run_address>
         <size>0x13c</size>
         <input_file_ref idref="fl-2"/>
      </object_component>
      <object_component id="oc-10a">
         <name>.debug_info</name>
         <load_address>0x1af7</load_address>
         <run_address>0x1af7</run_address>
         <size>0x24a</size>
         <input_file_ref idref="fl-2"/>
      </object_component>
      <object_component id="oc-280">
         <name>.debug_info</name>
         <load_address>0x1d41</load_address>
         <run_address>0x1d41</run_address>
         <size>0x1b3</size>
         <input_file_ref idref="fl-2"/>
      </object_component>
      <object_component id="oc-235">
         <name>.debug_info</name>
         <load_address>0x1ef4</load_address>
         <run_address>0x1ef4</run_address>
         <size>0x1a8</size>
         <input_file_ref idref="fl-2"/>
      </object_component>
      <object_component id="oc-128">
         <name>.debug_info</name>
         <load_address>0x209c</load_address>
         <run_address>0x209c</run_address>
         <size>0x486</size>
         <input_file_ref idref="fl-2"/>
      </object_component>
      <object_component id="oc-292">
         <name>.debug_info</name>
         <load_address>0x2522</load_address>
         <run_address>0x2522</run_address>
         <size>0x52e</size>
         <input_file_ref idref="fl-2"/>
      </object_component>
      <object_component id="oc-298">
         <name>.debug_info</name>
         <load_address>0x2a50</load_address>
         <run_address>0x2a50</run_address>
         <size>0x486</size>
         <input_file_ref idref="fl-2"/>
      </object_component>
      <object_component id="oc-286">
         <name>.debug_info</name>
         <load_address>0x2ed6</load_address>
         <run_address>0x2ed6</run_address>
         <size>0x674</size>
         <input_file_ref idref="fl-2"/>
      </object_component>
      <object_component id="oc-422">
         <name>.debug_info</name>
         <load_address>0x354a</load_address>
         <run_address>0x354a</run_address>
         <size>0x4d4</size>
         <input_file_ref idref="fl-2"/>
      </object_component>
      <object_component id="oc-13a">
         <name>.debug_info</name>
         <load_address>0x3a1e</load_address>
         <run_address>0x3a1e</run_address>
         <size>0x69c</size>
         <input_file_ref idref="fl-2"/>
      </object_component>
      <object_component id="oc-ce">
         <name>.debug_info</name>
         <load_address>0x40ba</load_address>
         <run_address>0x40ba</run_address>
         <size>0x13d</size>
         <input_file_ref idref="fl-2"/>
      </object_component>
      <object_component id="oc-d4">
         <name>.debug_info</name>
         <load_address>0x41f7</load_address>
         <run_address>0x41f7</run_address>
         <size>0x1fb</size>
         <input_file_ref idref="fl-2"/>
      </object_component>
      <object_component id="oc-110">
         <name>.debug_info</name>
         <load_address>0x43f2</load_address>
         <run_address>0x43f2</run_address>
         <size>0x15f</size>
         <input_file_ref idref="fl-2"/>
      </object_component>
      <object_component id="oc-b2">
         <name>.debug_info</name>
         <load_address>0x4551</load_address>
         <run_address>0x4551</run_address>
         <size>0x26b</size>
         <input_file_ref idref="fl-2"/>
      </object_component>
      <object_component id="oc-2b8">
         <name>.debug_info</name>
         <load_address>0x47bc</load_address>
         <run_address>0x47bc</run_address>
         <size>0x1055</size>
         <input_file_ref idref="fl-2"/>
      </object_component>
      <object_component id="oc-2b3">
         <name>.debug_info</name>
         <load_address>0x5811</load_address>
         <run_address>0x5811</run_address>
         <size>0x37e2</size>
         <input_file_ref idref="fl-2"/>
      </object_component>
      <object_component id="oc-2bd">
         <name>.debug_info</name>
         <load_address>0x8ff3</load_address>
         <run_address>0x8ff3</run_address>
         <size>0x166</size>
         <input_file_ref idref="fl-2"/>
      </object_component>
      <object_component id="oc-274">
         <name>.debug_info</name>
         <load_address>0x9159</load_address>
         <run_address>0x9159</run_address>
         <size>0x439</size>
         <input_file_ref idref="fl-2"/>
      </object_component>
      <object_component id="oc-2c2">
         <name>.debug_info</name>
         <load_address>0x9592</load_address>
         <run_address>0x9592</run_address>
         <size>0xee</size>
         <input_file_ref idref="fl-2"/>
      </object_component>
      <object_component id="oc-155">
         <name>.debug_info</name>
         <load_address>0x9680</load_address>
         <run_address>0x9680</run_address>
         <size>0x8b</size>
         <input_file_ref idref="fl-2"/>
      </object_component>
      <object_component id="oc-199">
         <name>.debug_info</name>
         <load_address>0x970b</load_address>
         <run_address>0x970b</run_address>
         <size>0x297</size>
         <input_file_ref idref="fl-2"/>
      </object_component>
      <object_component id="oc-2cc">
         <name>.debug_info</name>
         <load_address>0x99a2</load_address>
         <run_address>0x99a2</run_address>
         <size>0xef</size>
         <input_file_ref idref="fl-2"/>
      </object_component>
      <object_component id="oc-19f">
         <name>.debug_info</name>
         <load_address>0x9a91</load_address>
         <run_address>0x9a91</run_address>
         <size>0xbb</size>
         <input_file_ref idref="fl-2"/>
      </object_component>
      <object_component id="oc-39b">
         <name>.debug_info</name>
         <load_address>0x9b4c</load_address>
         <run_address>0x9b4c</run_address>
         <size>0x131</size>
         <input_file_ref idref="fl-2"/>
      </object_component>
      <object_component id="oc-2c7">
         <name>.debug_info</name>
         <load_address>0x9c7d</load_address>
         <run_address>0x9c7d</run_address>
         <size>0xf5</size>
         <input_file_ref idref="fl-2"/>
      </object_component>
      <object_component id="oc-72">
         <name>.debug_info</name>
         <load_address>0x9d72</load_address>
         <run_address>0x9d72</run_address>
         <size>0x2ee</size>
         <input_file_ref idref="fl-3"/>
      </object_component>
      <object_component id="oc-24">
         <name>.debug_info</name>
         <load_address>0xa060</load_address>
         <run_address>0xa060</run_address>
         <size>0x11a</size>
         <input_file_ref idref="fl-3"/>
      </object_component>
      <object_component id="oc-65">
         <name>.debug_info</name>
         <load_address>0xa17a</load_address>
         <run_address>0xa17a</run_address>
         <size>0x175</size>
         <input_file_ref idref="fl-3"/>
      </object_component>
      <object_component id="oc-6b">
         <name>.debug_info</name>
         <load_address>0xa2ef</load_address>
         <run_address>0xa2ef</run_address>
         <size>0x15d</size>
         <input_file_ref idref="fl-3"/>
      </object_component>
      <object_component id="oc-2f">
         <name>.debug_info</name>
         <load_address>0xa44c</load_address>
         <run_address>0xa44c</run_address>
         <size>0x84</size>
         <input_file_ref idref="fl-3"/>
      </object_component>
      <object_component id="oc-536">
         <name>.debug_info</name>
         <load_address>0xa4d0</load_address>
         <run_address>0xa4d0</run_address>
         <size>0x55c</size>
         <input_file_ref idref="fl-4"/>
      </object_component>
      <object_component id="oc-a9">
         <name>.debug_info</name>
         <load_address>0xaa2c</load_address>
         <run_address>0xaa2c</run_address>
         <size>0x152</size>
         <input_file_ref idref="fl-4"/>
      </object_component>
      <object_component id="oc-3e1">
         <name>.debug_info</name>
         <load_address>0xab7e</load_address>
         <run_address>0xab7e</run_address>
         <size>0x37e2</size>
         <input_file_ref idref="fl-4"/>
      </object_component>
      <object_component id="oc-264">
         <name>.debug_info</name>
         <load_address>0xe360</load_address>
         <run_address>0xe360</run_address>
         <size>0x832</size>
         <input_file_ref idref="fl-5"/>
      </object_component>
      <object_component id="oc-225">
         <name>.debug_info</name>
         <load_address>0xeb92</load_address>
         <run_address>0xeb92</run_address>
         <size>0x117</size>
         <input_file_ref idref="fl-5"/>
      </object_component>
      <object_component id="oc-252">
         <name>.debug_info</name>
         <load_address>0xeca9</load_address>
         <run_address>0xeca9</run_address>
         <size>0x159</size>
         <input_file_ref idref="fl-5"/>
      </object_component>
      <object_component id="oc-104">
         <name>.debug_info</name>
         <load_address>0xee02</load_address>
         <run_address>0xee02</run_address>
         <size>0x1c9</size>
         <input_file_ref idref="fl-5"/>
      </object_component>
      <object_component id="oc-24c">
         <name>.debug_info</name>
         <load_address>0xefcb</load_address>
         <run_address>0xefcb</run_address>
         <size>0x1e4</size>
         <input_file_ref idref="fl-5"/>
      </object_component>
      <object_component id="oc-258">
         <name>.debug_info</name>
         <load_address>0xf1af</load_address>
         <run_address>0xf1af</run_address>
         <size>0x1d8</size>
         <input_file_ref idref="fl-5"/>
      </object_component>
      <object_component id="oc-25e">
         <name>.debug_info</name>
         <load_address>0xf387</load_address>
         <run_address>0xf387</run_address>
         <size>0x1d8</size>
         <input_file_ref idref="fl-5"/>
      </object_component>
      <object_component id="oc-116">
         <name>.debug_info</name>
         <load_address>0xf55f</load_address>
         <run_address>0xf55f</run_address>
         <size>0x204</size>
         <input_file_ref idref="fl-5"/>
      </object_component>
      <object_component id="oc-3bd">
         <name>.debug_info</name>
         <load_address>0xf763</load_address>
         <run_address>0xf763</run_address>
         <size>0x2d6</size>
         <input_file_ref idref="fl-5"/>
      </object_component>
      <object_component id="oc-219">
         <name>.debug_info</name>
         <load_address>0xfa39</load_address>
         <run_address>0xfa39</run_address>
         <size>0x22f</size>
         <input_file_ref idref="fl-5"/>
      </object_component>
      <object_component id="oc-21f">
         <name>.debug_info</name>
         <load_address>0xfc68</load_address>
         <run_address>0xfc68</run_address>
         <size>0x274</size>
         <input_file_ref idref="fl-5"/>
      </object_component>
      <object_component id="oc-4f8">
         <name>.debug_info</name>
         <load_address>0xfedc</load_address>
         <run_address>0xfedc</run_address>
         <size>0x9a9</size>
         <input_file_ref idref="fl-6"/>
      </object_component>
      <object_component id="oc-398">
         <name>.debug_info</name>
         <load_address>0x10885</load_address>
         <run_address>0x10885</run_address>
         <size>0x129</size>
         <input_file_ref idref="fl-6"/>
      </object_component>
      <object_component id="oc-1e3">
         <name>.debug_info</name>
         <load_address>0x109ae</load_address>
         <run_address>0x109ae</run_address>
         <size>0x413</size>
         <input_file_ref idref="fl-6"/>
      </object_component>
      <object_component id="oc-1ef">
         <name>.debug_info</name>
         <load_address>0x10dc1</load_address>
         <run_address>0x10dc1</run_address>
         <size>0x27b</size>
         <input_file_ref idref="fl-6"/>
[...]
         <value>0x15a59</value>
         <object_component_ref idref="oc-3f6"/>
      </symbol>
      <symbol id="sm-5ac">
         <name>Graphics_fillRectangleOnDisplay</name>
         <value>0x15fe5</value>
         <object_component_ref idref="oc-3e8"/>
      </symbol>
      <symbol id="sm-5be">
         <name>g_sFontCm12</name>
         <value>0x106d4</value>
         <object_component_ref idref="oc-3cf"/>
      </symbol>
      <symbol id="sm-5d0">
         <name>g_sFontCm18</name>
         <value>0x1079c</value>
         <object_component_ref idref="oc-1d2"/>
      </symbol>
      <symbol id="sm-5e2">
         <name>g_sFontCm18b</name>
         <value>0x10864</value>
         <object_component_ref idref="oc-1cb"/>
      </symbol>
      <symbol id="sm-5f4">
         <name>g_sFontCmss12</name>
         <value>0x1092c</value>
         <object_component_ref idref="oc-568"/>
      </symbol>
      <symbol id="sm-606">
         <name>g_sFontCmss12b</name>
         <value>0x109f4</value>
         <object_component_ref idref="oc-2a8"/>
      </symbol>
      <symbol id="sm-618">
         <name>g_sFontCmss14b</name>
         <value>0x10abc</value>
         <object_component_ref idref="oc-246"/>
      </symbol>
      <symbol id="sm-62a">
         <name>g_sFontCmss16b</name>
         <value>0x10b84</value>
         <object_component_ref idref="oc-427"/>
      </symbol>
      <symbol id="sm-63c">
         <name>g_sFontCmss18b</name>
         <value>0x10c4c</value>
         <object_component_ref idref="oc-14b"/>
      </symbol>
      <symbol id="sm-64e">
         <name>g_sFontCmss20b</name>
         <value>0x10d14</value>
         <object_component_ref idref="oc-2ab"/>
      </symbol>
      <symbol id="sm-684">
         <name>Graphics_drawReleasedImageButton</name>
         <value>0x14de9</value>
         <object_component_ref idref="oc-29d"/>
      </symbol>
      <symbol id="sm-685">
         <name>Graphics_drawSelectedImageButton</name>
         <value>0x14e91</value>
         <object_component_ref idref="oc-121"/>
      </symbol>
      <symbol id="sm-686">
         <name>Graphics_isImageButtonSelected</name>
         <value>0x155d9</value>
         <object_component_ref idref="oc-11b"/>
      </symbol>
      <symbol id="sm-687">
         <name>Graphics_drawImageButton</name>
         <value>0x149c1</value>
         <object_component_ref idref="oc-23a"/>
      </symbol>
      <symbol id="sm-69a">
         <name>Graphics_drawLineH</name>
         <value>0x14f39</value>
         <object_component_ref idref="oc-40a"/>
      </symbol>
      <symbol id="sm-6b1">
         <name>Graphics_fillRectangle</name>
         <value>0x13e35</value>
         <object_component_ref idref="oc-267"/>
      </symbol>
      <symbol id="sm-709">
         <name>Graphics_drawStringCentered</name>
         <value>0x15a11</value>
         <object_component_ref idref="oc-22e"/>
      </symbol>
      <symbol id="sm-70a">
         <name>Graphics_drawString</name>
         <value>0x116b1</value>
         <object_component_ref idref="oc-279"/>
      </symbol>
      <symbol id="sm-70b">
         <name>Graphics_getStringWidth</name>
         <value>0x1435d</value>
         <object_component_ref idref="oc-3c7"/>
      </symbol>
      <symbol id="sm-741">
         <name>Graphics_drawImage</name>
         <value>0x11b2f</value>
         <object_component_ref idref="oc-26d"/>
      </symbol>
      <symbol id="sm-82d">
         <name>CS_clearInterruptFlag</name>
         <value>0x15dcd</value>
         <object_component_ref idref="oc-5bb"/>
      </symbol>
      <symbol id="sm-82e">
         <name>CS_setDCOFrequency</name>
         <value>0x1346d</value>
         <object_component_ref idref="oc-1bd"/>
      </symbol>
      <symbol id="sm-82f">
         <name>CS_getDCOFrequency</name>
         <value>0x14459</value>
         <object_component_ref idref="oc-5c1"/>
      </symbol>
      <symbol id="sm-830">
         <name>CS_getSMCLK</name>
         <value>0x15e85</value>
         <object_component_ref idref="oc-379"/>
      </symbol>
      <symbol id="sm-831">
         <name>CS_setDCOCenteredFrequency</name>
         <value>0x15d99</value>
         <object_component_ref idref="oc-1b7"/>
      </symbol>
      <symbol id="sm-832">
         <name>CS_tuneDCOFrequency</name>
         <value>0x15105</value>
         <object_component_ref idref="oc-33e"/>
      </symbol>
      <symbol id="sm-833">
         <name>CS_initClockSignal</name>
         <value>0x13d05</value>
         <object_component_ref idref="oc-1c3"/>
      </symbol>
      <symbol id="sm-842">
         <name>FlashCtl_setWaitState</name>
         <value>0x159c9</value>
         <object_component_ref idref="oc-1ab"/>
      </symbol>
      <symbol id="sm-84e">
         <name>FPU_enableModule</name>
         <value>0x16161</value>
         <object_component_ref idref="oc-1a4"/>
      </symbol>
      <symbol id="sm-887">
         <name>GPIO_setOutputHighOnPin</name>
         <value>0x15ead</value>
         <object_component_ref idref="oc-391"/>
      </symbol>
      <symbol id="sm-888">
         <name>GPIO_setAsOutputPin</name>
         <value>0x15bad</value>
         <object_component_ref idref="oc-367"/>
      </symbol>
      <symbol id="sm-889">
         <name>GPIO_setOutputLowOnPin</name>
         <value>0x15ed5</value>
         <object_component_ref idref="oc-36d"/>
      </symbol>
      <symbol id="sm-88a">
         <name>GPIO_setAsPeripheralModuleFunctionOutputPin</name>
         <value>0x1518d</value>
         <object_component_ref idref="oc-373"/>
      </symbol>
      <symbol id="sm-96b">
         <name>PCM_getCoreVoltageLevel</name>
         <value>0x1569d</value>
         <object_component_ref idref="oc-592"/>
      </symbol>
      <symbol id="sm-96c">
         <name>PCM_shutdownDevice</name>
         <value>0x15755</value>
         <object_component_ref idref="oc-49c"/>
      </symbol>
      <symbol id="sm-96d">
         <name>PCM_setPowerState</name>
         <value>0x1626f</value>
         <object_component_ref idref="oc-1b1"/>
      </symbol>
      <symbol id="sm-96e">
         <name>PCM_getPowerMode</name>
         <value>0x156fb</value>
         <object_component_ref idref="oc-58c"/>
      </symbol>
      <symbol id="sm-96f">
         <name>PCM_getPowerState</name>
         <value>0x16215</value>
         <object_component_ref idref="oc-478"/>
      </symbol>
      <symbol id="sm-970">
         <name>PCM_gotoLPM4</name>
         <value>0x1624f</value>
         <object_component_ref idref="oc-496"/>
      </symbol>
      <symbol id="sm-971">
         <name>PCM_gotoLPM3</name>
         <value>0x15215</value>
         <object_component_ref idref="oc-490"/>
      </symbol>
      <symbol id="sm-972">
         <name>PCM_gotoLPM0</name>
         <value>0x15f25</value>
         <object_component_ref idref="oc-48a"/>
      </symbol>
      <symbol id="sm-973">
         <name>PCM_setPowerMode</name>
         <value>0x1625f</value>
         <object_component_ref idref="oc-598"/>
      </symbol>
      <symbol id="sm-981">
         <name>RTC_C_holdClock</name>
         <value>0x15e59</value>
         <object_component_ref idref="oc-5a8"/>
      </symbol>
      <symbol id="sm-a29">
         <name>EUSCI_B_SPI_isBusy</name>
         <value>0x16021</value>
         <object_component_ref idref="oc-4ff"/>
      </symbol>
      <symbol id="sm-a2a">
         <name>EUSCI_A_SPI_getInterruptStatus</name>
         <value>0x1612f</value>
         <object_component_ref idref="oc-513"/>
      </symbol>
      <symbol id="sm-a2b">
         <name>EUSCI_B_SPI_getInterruptStatus</name>
         <value>0x16147</value>
         <object_component_ref idref="oc-519"/>
      </symbol>
      <symbol id="sm-a2c">
         <name>EUSCI_B_SPI_enable</name>
         <value>0x161bd</value>
         <object_component_ref idref="oc-4ee"/>
      </symbol>
      <symbol id="sm-a2d">
         <name>SPI_enableModule</name>
         <value>0x16075</value>
         <object_component_ref idref="oc-38b"/>
      </symbol>
      <symbol id="sm-a2e">
         <name>EUSCI_A_SPI_transmitData</name>
         <value>0x161a7</value>
         <object_component_ref idref="oc-506"/>
      </symbol>
      <symbol id="sm-a2f">
         <name>SPI_clearInterruptFlag</name>
         <value>0x15f75</value>
         <object_component_ref idref="oc-385"/>
      </symbol>
      <symbol id="sm-a30">
         <name>EUSCI_B_SPI_transmitData</name>
         <value>0x161d3</value>
         <object_component_ref idref="oc-50c"/>
      </symbol>
      <symbol id="sm-a31">
         <name>SPI_isBusy</name>
         <value>0x16091</value>
         <object_component_ref idref="oc-3a0"/>
      </symbol>
      <symbol id="sm-a32">
         <name>EUSCI_B_SPI_clearInterruptFlag</name>
         <value>0x160c7</value>
         <object_component_ref idref="oc-4e1"/>
      </symbol>
      <symbol id="sm-a33">
         <name>EUSCI_A_SPI_clearInterruptFlag</name>
         <value>0x160ad</value>
         <object_component_ref idref="oc-4db"/>
      </symbol>
      <symbol id="sm-a34">
         <name>SPI_transmitData</name>
         <value>0x15f9b</value>
         <object_component_ref idref="oc-3a7"/>
      </symbol>
      <symbol id="sm-a35">
         <name>EUSCI_A_SPI_enable</name>
         <value>0x16191</value>
         <object_component_ref idref="oc-4e8"/>
      </symbol>
      <symbol id="sm-a36">
         <name>SPI_getInterruptStatus</name>
         <value>0x15f4d</value>
         <object_component_ref idref="oc-3ae"/>
      </symbol>
      <symbol id="sm-a37">
         <name>SPI_initMaster</name>
         <value>0x14c8d</value>
         <object_component_ref idref="oc-37f"/>
      </symbol>
      <symbol id="sm-a38">
         <name>EUSCI_A_SPI_isBusy</name>
         <value>0x16005</value>
         <object_component_ref idref="oc-4f9"/>
      </symbol>
      <symbol id="sm-a4f">
         <name>SysCtl_A_getTLVInfo</name>
         <value>0x15071</value>
         <object_component_ref idref="oc-338"/>
      </symbol>
      <symbol id="sm-a5b">
         <name>WDT_A_holdTimer</name>
         <value>0x15fc1</value>
         <object_component_ref idref="oc-c7"/>
      </symbol>
      <symbol id="sm-a65">
         <name>CPU_wfi</name>
         <value>0x162b7</value>
         <object_component_ref idref="oc-5a0"/>
      </symbol>
      <symbol id="sm-a80">
         <name>memcpy</name>
         <value>0x14fd5</value>
         <object_component_ref idref="oc-34"/>
      </symbol>
      <symbol id="sm-a81">
         <name>__aeabi_memcpy</name>
         <value>0x14fd5</value>
         <object_component_ref idref="oc-34"/>
      </symbol>
      <symbol id="sm-a82">
         <name>__aeabi_memcpy8</name>
         <value>0x14fd5</value>
         <object_component_ref idref="oc-34"/>
      </symbol>
      <symbol id="sm-a83">
         <name>__aeabi_memcpy4</name>
         <value>0x14fd5</value>
         <object_component_ref idref="oc-34"/>
      </symbol>
      <symbol id="sm-a9a">
         <name>__TI_zero_init</name>
         <value>0x16299</value>
         <object_component_ref idref="oc-46"/>
      </symbol>
      <symbol id="sm-ab1">
         <name>__TI_decompress_none</name>
         <value>0x1627f</value>
         <object_component_ref idref="oc-1a"/>
      </symbol>
      <symbol id="sm-ad4">
         <name>__TI_decompress_lzss</name>
         <value>0x15571</value>
         <object_component_ref idref="oc-14"/>
      </symbol>
      <symbol id="sm-ae7">
         <name>__stack</name>
         <value>0x2000fe00</value>
         <object_component_ref idref="oc-26"/>
      </symbol>
      <symbol id="sm-ae8">
         <name>_c_int00_noargs</name>
         <value>0x15d29</value>
         <object_component_ref idref="oc-52"/>
      </symbol>
      <symbol id="sm-af3">
         <name>C$$EXIT</name>
         <value>0x162bf</value>
         <object_component_ref idref="oc-15a"/>
      </symbol>
      <symbol id="sm-af4">
         <name>abort</name>
         <value>0x162bf</value>
         <object_component_ref idref="oc-15a"/>
      </symbol>
      <symbol id="sm-b05">
         <name>strcmp</name>
         <value>0x16179</value>
         <object_component_ref idref="oc-411"/>
      </symbol>
      <symbol id="sm-b13">
         <name>strcpy</name>
         <value>0x16229</value>
         <object_component_ref idref="oc-df"/>
      </symbol>
      <symbol id="sm-b22">
         <name>__aeabi_memset</name>
         <value>0x1539b</value>
         <object_component_ref idref="oc-8a"/>
      </symbol>
      <symbol id="sm-b23">
         <name>memset</name>
         <value>0x153a1</value>
         <object_component_ref idref="oc-8a"/>
      </symbol>
      <symbol id="sm-b24">
         <name>__aeabi_memset8</name>
         <value>0x1539b</value>
         <object_component_ref idref="oc-8a"/>
      </symbol>
      <symbol id="sm-b25">
         <name>__aeabi_memset4</name>
         <value>0x1539b</value>
         <object_component_ref idref="oc-8a"/>
      </symbol>
      <symbol id="sm-b26">
         <name>__aeabi_memclr8</name>
         <value>0x15399</value>
         <object_component_ref idref="oc-8a"/>
      </symbol>
      <symbol id="sm-b27">
         <name>__aeabi_memclr4</name>
         <value>0x15399</value>
         <object_component_ref idref="oc-8a"/>
      </symbol>
      <symbol id="sm-b28">
         <name>__aeabi_memclr</name>
         <value>0x15399</value>
         <object_component_ref idref="oc-8a"/>
      </symbol>
      <symbol id="sm-b50">
         <name>__TI_auto_init_nobinit_nopinit</name>
         <value>0x15b29</value>
         <object_component_ref idref="oc-166"/>
      </symbol>
      <symbol id="sm-b5a">
         <name>_system_pre_init</name>
         <value>0x162bb</value>
         <object_component_ref idref="oc-90"/>
      </symbol>
      <symbol id="sm-b5c">
         <name>__TI_static_base__</name>
         <value>0x0</value>
      </symbol>
      <symbol id="sm-b5f">
         <name>__mpu_init</name>
         <value>0x0</value>
      </symbol>
      <symbol id="sm-b60">
         <name>_system_post_cinit</name>
         <value>0x0</value>
      </symbol>
      <symbol id="sm-b61">
         <name>NMI_Handler</name>
         <value>0x11eb7</value>
      </symbol>
      <symbol id="sm-b62">
         <name>HardFault_Handler</name>
         <value>0x11eb7</value>
      </symbol>
      <symbol id="sm-b63">
         <name>MemManage_Handler</name>
         <value>0x11eb7</value>
      </symbol>
      <symbol id="sm-b64">
         <name>BusFault_Handler</name>
         <value>0x11eb7</value>
      </symbol>
      <symbol id="sm-b65">
         <name>UsageFault_Handler</name>
         <value>0x11eb7</value>
      </symbol>
      <symbol id="sm-b66">
         <name>SVC_Handler</name>
         <value>0x11eb7</value>
      </symbol>
      <symbol id="sm-b67">
         <name>DebugMon_Handler</name>
         <value>0x11eb7</value>
      </symbol>
      <symbol id="sm-b68">
         <name>PendSV_Handler</name>
         <value>0x11eb7</value>
      </symbol>
      <symbol id="sm-b69">
         <name>SysTick_Handler</name>
         <value>0x11eb7</value>
      </symbol>
      <symbol id="sm-b6a">
         <name>PSS_IRQHandler</name>
         <value>0x11eb7</value>
      </symbol>
      <symbol id="sm-b6b">
         <name>CS_IRQHandler</name>
         <value>0x11eb7</value>
      </symbol>
      <symbol id="sm-b6c">
         <name>PCM_IRQHandler</name>
         <value>0x11eb7</value>
      </symbol>
      <symbol id="sm-b6d">
         <name>WDT_A_IRQHandler</name>
         <value>0x11eb7</value>
      </symbol>
      <symbol id="sm-b6e">
         <name>FPU_IRQHandler</name>
         <value>0x11eb7</value>
      </symbol>
      <symbol id="sm-b6f">
         <name>FLCTL_IRQHandler</name>
         <value>0x11eb7</value>
      </symbol>
      <symbol id="sm-b70">
         <name>COMP_E0_IRQHandler</name>
         <value>0x11eb7</value>
      </symbol>
      <symbol id="sm-b71">
         <name>COMP_E1_IRQHandler</name>
         <value>0x11eb7</value>
      </symbol>
      <symbol id="sm-b72">
         <name>TA0_0_IRQHandler</name>
         <value>0x11eb7</value>
      </symbol>
      <symbol id="sm-b73">
         <name>TA0_N_IRQHandler</name>
         <value>0x11eb7</value>
      </symbol>
      <symbol id="sm-b74">
         <name>TA1_0_IRQHandler</name>
         <value>0x11eb7</value>
      </symbol>
      <symbol id="sm-b75">
         <name>TA1_N_IRQHandler</name>
         <value>0x11eb7</value>
      </symbol>
      <symbol id="sm-b76">
         <name>TA2_0_IRQHandler</name>
         <value>0x11eb7</value>
      </symbol>
      <symbol id="sm-b77">
         <name>TA2_N_IRQHandler</name>
         <value>0x11eb7</value>
      </symbol>
      <symbol id="sm-b78">
         <name>TA3_0_IRQHandler</name>
         <value>0x11eb7</value>
      </symbol>
      <symbol id="sm-b79">
         <name>TA3_N_IRQHandler</name>
         <value>0x11eb7</value>
      </symbol>
      <symbol id="sm-b7a">
         <name>EUSCIA0_IRQHandler</name>
         <value>0x11eb7</value>
      </symbol>
      <symbol id="sm-b7b">
         <name>EUSCIA1_IRQHandler</name>
         <value>0x11eb7</value>
      </symbol>
      <symbol id="sm-b7c">
         <name>EUSCIA2_IRQHandler</name>
         <value>0x11eb7</value>
      </symbol>
      <symbol id="sm-b7d">
         <name>EUSCIA3_IRQHandler</name>
         <value>0x11eb7</value>
      </symbol>
      <symbol id="sm-b7e">
         <name>EUSCIB0_IRQHandler</name>
         <value>0x11eb7</value>
      </symbol>
      <symbol id="sm-b7f">
         <name>EUSCIB1_IRQHandler</name>
         <value>0x11eb7</value>
      </symbol>
      <symbol id="sm-b80">
         <name>EUSCIB2_IRQHandler</name>
         <value>0x11eb7</value>
      </symbol>
      <symbol id="sm-b81">
         <name>EUSCIB3_IRQHandler</name>
         <value>0x11eb7</value>
      </symbol>
      <symbol id="sm-b82">
         <name>ADC14_IRQHandler</name>
         <value>0x11eb7</value>
      </symbol>
      <symbol id="sm-b83">
         <name>T32_INT1_IRQHandler</name>
         <value>0x11eb7</value>
      </symbol>
      <symbol id="sm-b84">
         <name>T32_INT2_IRQHandler</name>
         <value>0x11eb7</value>
      </symbol>
      <symbol id="sm-b85">
         <name>T32_INTC_IRQHandler</name>
         <value>0x11eb7</value>
      </symbol>
      <symbol id="sm-b86">
         <name>AES256_IRQHandler</name>
         <value>0x11eb7</value>
      </symbol>
      <symbol id="sm-b87">
         <name>RTC_C_IRQHandler</name>
         <value>0x11eb7</value>
      </symbol>
      <symbol id="sm-b88">
         <name>DMA_ERR_IRQHandler</name>
         <value>0x11eb7</value>
      </symbol>
      <symbol id="sm-b89">
         <name>DMA_INT3_IRQHandler</name>
         <value>0x11eb7</value>
      </symbol>
      <symbol id="sm-b8a">
         <name>DMA_INT2_IRQHandler</name>
         <value>0x11eb7</value>
      </symbol>
      <symbol id="sm-b8b">
         <name>DMA_INT1_IRQHandler</name>
         <value>0x11eb7</value>
      </symbol>
      <symbol id="sm-b8c">
         <name>DMA_INT0_IRQHandler</name>
         <value>0x11eb7</value>
      </symbol>
      <symbol id="sm-b8d">
         <name>PORT1_IRQHandler</name>
         <value>0x11eb7</value>
      </symbol>
      <symbol id="sm-b8e">
         <name>PORT2_IRQHandler</name>
         <value>0x11eb7</value>
      </symbol>
      <symbol id="sm-b8f">
         <name>PORT3_IRQHandler</name>
         <value>0x11eb7</value>
      </symbol>
      <symbol id="sm-b90">
         <name>PORT4_IRQHandler</name>
         <value>0x11eb7</value>
      </symbol>
      <symbol id="sm-b91">
         <name>PORT5_IRQHandler</name>
         <value>0x11eb7</value>
      </symbol>
      <symbol id="sm-b92">
         <name>PORT6_IRQHandler</name>
         <value>0x11eb7</value>
      </symbol>
   </symbol_table>
   <title>Link successful</title>
</link_info>
