<?xml version="1.0" encoding="ISO-8859-1" ?>
<link_info>
   <banner>TI ARM Linker Unix v18.1.4.LTS</banner>
   <copyright>Copyright (c) 1996-2018 Texas Instruments Incorporated</copyright>
   <link_time>0x5c0a9430</link_time>
   <link_errors>0x0</link_errors>
   <output_file>LCD_Display.out</output_file>
   <entry_point>
      <name>_c_int00_noargs</name>
      <address>0x1b929</address>
   </entry_point>
   <input_file_list>
      <input_file id="fl-2">
         <path>./</path>
         <kind>object</kind>
         <file>main.obj</file>
         <name>main.obj</name>
      </input_file>
      <input_file id="fl-3">
         <path>./</path>
         <kind>object</kind>
         <file>startup_msp432p401r_ccs.obj</file>
         <name>startup_msp432p401r_ccs.obj</name>
      </input_file>
      <input_file id="fl-4">
         <path>./</path>
         <kind>object</kind>
         <file>system_msp432p401r.obj</file>
         <name>system_msp432p401r.obj</name>
      </input_file>
      <input_file id="fl-5">
         <path>./</path>
         <kind>object</kind>
         <file>touch_P401R.obj</file>
         <name>touch_P401R.obj</name>
      </input_file>
      <input_file id="fl-6">
         <path>./Hardware/</path>
         <kind>object</kind>
         <file>CS_Driver.obj</file>
         <name>CS_Driver.obj</name>
      </input_file>
      <input_file id="fl-7">
         <path>./Hardware/</path>
         <kind>object</kind>
         <file>GPIO_Driver.obj</file>
         <name>GPIO_Driver.obj</name>
      </input_file>
      <input_file id="fl-8">
         <path>./Hardware/</path>
         <kind>object</kind>
         <file>SPI_Driver.obj</file>
         <name>SPI_Driver.obj</name>
      </input_file>
      <input_file id="fl-9">
         <path>./Hardware/</path>
         <kind>object</kind>
         <file>TIMERA_Driver.obj</file>
         <name>TIMERA_Driver.obj</name>
      </input_file>
      <input_file id="fl-a">
         <path>./LcdDriver/</path>
         <kind>object</kind>
         <file>HAL_MSP_EXP432P401R_KITRONIX320X240_SSD2119_SPI.obj</file>
         <name>HAL_MSP_EXP432P401R_KITRONIX320X240_SSD2119_SPI.obj</name>
      </input_file>
      <input_file id="fl-b">
         <path>./LcdDriver/</path>
         <kind>object</kind>
         <file>kitronix320x240x16_ssd2119_spi.obj</file>
         <name>kitronix320x240x16_ssd2119_spi.obj</name>
      </input_file>
      <input_file id="fl-c">
         <path>./fatfs/</path>
         <kind>object</kind>
         <file>diskio.obj</file>
         <name>diskio.obj</name>
      </input_file>
      <input_file id="fl-d">
         <path>./fatfs/</path>
         <kind>object</kind>
         <file>ff.obj</file>
         <name>ff.obj</name>
      </input_file>
      <input_file id="fl-e">
         <path>./fatfs/</path>
         <kind>object</kind>
         <file>ffsystem.obj</file>
         <name>ffsystem.obj</name>
      </input_file>
      <input_file id="fl-f">
         <path>./fatfs/</path>
         <kind>object</kind>
         <file>ffunicode.obj</file>
         <name>ffunicode.obj</name>
      </input_file>
      <input_file id="fl-10">
         <path>./fatfs/</path>
         <kind>object</kind>
         <file>mmc_MSP432P401r.obj</file>
         <name>mmc_MSP432P401r.obj</name>
      </input_file>
      <input_file id="fl-11">
         <path>./images/</path>
         <kind>object</kind>
         <file>Images_Button.obj</file>
         <name>Images_Button.obj</name>
      </input_file>
      <input_file id="fl-12">
         <path>./images/</path>
         <kind>object</kind>
         <file>Primitives_Button.obj</file>
         <name>Primitives_Button.obj</name>
      </input_file>
      <input_file id="fl-13">
         <path>./images/</path>
         <kind>object</kind>
         <file>TI_logo_150x150.obj</file>
         <name>TI_logo_150x150.obj</name>
      </input_file>
      <input_file id="fl-14">
         <path>./images/</path>
         <kind>object</kind>
         <file>TI_platform_bar_red.obj</file>
         <name>TI_platform_bar_red.obj</name>
      </input_file>
      <input_file id="fl-15">
         <path>./images/</path>
         <kind>object</kind>
         <file>games.obj</file>
         <name>games.obj</name>
      </input_file>
      <input_file id="fl-16">
         <path>./images/</path>
         <kind>object</kind>
         <file>group.obj</file>
         <name>group.obj</name>
      </input_file>
      <input_file id="fl-17">
         <path>./images/</path>
         <kind>object</kind>
         <file>lcd_color_320x240.obj</file>
         <name>lcd_color_320x240.obj</name>
      </input_file>
      <input_file id="fl-18">
         <path>./images/</path>
         <kind>object</kind>
         <file>mario.obj</file>
         <name>mario.obj</name>
      </input_file>
      <input_file id="fl-19">
         <path>./images/</path>
         <kind>object</kind>
         <file>street_fighter.obj</file>
         <name>street_fighter.obj</name>
      </input_file>
      <input_file id="fl-1a">
         <path>./images/</path>
         <kind>object</kind>
         <file>zelda.obj</file>
         <name>zelda.obj</name>
      </input_file>
      <input_file id="fl-24">
         <kind>object</kind>
         <file>&lt;internal&gt;</file>
         <name>&lt;internal&gt;</name>
      </input_file>
      <input_file id="fl-25">
         <path>/Applications/ti/simplelink_msp432p4_sdk_2_30_00_14/source/ti/grlib/lib/ccs/m4f/</path>
         <kind>archive</kind>
         <file>grlib.a</file>
         <name>button.obj</name>
      </input_file>
      <input_file id="fl-26">
         <path>/Applications/ti/simplelink_msp432p4_sdk_2_30_00_14/source/ti/grlib/lib/ccs/m4f/</path>
         <kind>archive</kind>
         <file>grlib.a</file>
         <name>circle.obj</name>
      </input_file>
      <input_file id="fl-27">
         <path>/Applications/ti/simplelink_msp432p4_sdk_2_30_00_14/source/ti/grlib/lib/ccs/m4f/</path>
         <kind>archive</kind>
         <file>grlib.a</file>
         <name>context.obj</name>
      </input_file>
      <input_file id="fl-28">
         <path>/Applications/ti/simplelink_msp432p4_sdk_2_30_00_14/source/ti/grlib/lib/ccs/m4f/</path>
         <kind>archive</kind>
         <file>grlib.a</file>
         <name>display.obj</name>
      </input_file>
      <input_file id="fl-29">
         <path>/Applications/ti/simplelink_msp432p4_sdk_2_30_00_14/source/ti/grlib/lib/ccs/m4f/</path>
         <kind>archive</kind>
         <file>grlib.a</file>
         <name>fontcm12.obj</name>
      </input_file>
      <input_file id="fl-2a">
         <path>/Applications/ti/simplelink_msp432p4_sdk_2_30_00_14/source/ti/grlib/lib/ccs/m4f/</path>
         <kind>archive</kind>
         <file>grlib.a</file>
         <name>fontcm18.obj</name>
      </input_file>
      <input_file id="fl-2b">
         <path>/Applications/ti/simplelink_msp432p4_sdk_2_30_00_14/source/ti/grlib/lib/ccs/m4f/</path>
         <kind>archive</kind>
         <file>grlib.a</file>
         <name>fontcm18b.obj</name>
      </input_file>
      <input_file id="fl-2c">
         <path>/Applications/ti/simplelink_msp432p4_sdk_2_30_00_14/source/ti/grlib/lib/ccs/m4f/</path>
         <kind>archive</kind>
         <file>grlib.a</file>
         <name>fontcmss12.obj</name>
      </input_file>
      <input_file id="fl-2d">
         <path>/Applications/ti/simplelink_msp432p4_sdk_2_30_00_14/source/ti/grlib/lib/ccs/m4f/</path>
         <kind>archive</kind>
         <file>grlib.a</file>
         <name>fontcmss12b.obj</name>
      </input_file>
      <input_file id="fl-2e">
         <path>/Applications/ti/simplelink_msp432p4_sdk_2_30_00_14/source/ti/grlib/lib/ccs/m4f/</path>
         <kind>archive</kind>
         <file>grlib.a</file>
         <name>fontcmss14b.obj</name>
      </input_file>
      <input_file id="fl-2f">
         <path>/Applications/ti/simplelink_msp432p4_sdk_2_30_00_14/source/ti/grlib/lib/ccs/m4f/</path>
         <kind>archive</kind>
         <file>grlib.a</file>
         <name>fontcmss16b.obj</name>
      </input_file>
      <input_file id="fl-30">
         <path>/Applications/ti/simplelink_msp432p4_sdk_2_30_00_14/source/ti/grlib/lib/ccs/m4f/</path>
         <kind>archive</kind>
         <file>grlib.a</file>
         <name>fontcmss18b.obj</name>
      </input_file>
      <input_file id="fl-31">
         <path>/Applications/ti/simplelink_msp432p4_sdk_2_30_00_14/source/ti/grlib/lib/ccs/m4f/</path>
         <kind>archive</kind>
         <file>grlib.a</file>
         <name>fontcmss20b.obj</name>
      </input_file>
      <input_file id="fl-32">
         <path>/Applications/ti/simplelink_msp432p4_sdk_2_30_00_14/source/ti/grlib/lib/ccs/m4f/</path>
         <kind>archive</kind>
         <file>grlib.a</file>
         <name>imageButton.obj</name>
      </input_file>
      <input_file id="fl-33">
         <path>/Applications/ti/simplelink_msp432p4_sdk_2_30_00_14/source/ti/grlib/lib/ccs/m4f/</path>
         <kind>archive</kind>
         <file>grlib.a</file>
         <name>line.obj</name>
      </input_file>
      <input_file id="fl-34">
         <path>/Applications/ti/simplelink_msp432p4_sdk_2_30_00_14/source/ti/grlib/lib/ccs/m4f/</path>
         <kind>archive</kind>
         <file>grlib.a</file>
         <name>rectangle.obj</name>
      </input_file>
      <input_file id="fl-35">
         <path>/Applications/ti/simplelink_msp432p4_sdk_2_30_00_14/source/ti/grlib/lib/ccs/m4f/</path>
         <kind>archive</kind>
         <file>grlib.a</file>
         <name>string.obj</name>
      </input_file>
      <input_file id="fl-36">
         <path>/Applications/ti/simplelink_msp432p4_sdk_2_30_00_14/source/ti/grlib/lib/ccs/m4f/</path>
         <kind>archive</kind>
         <file>grlib.a</file>
         <name>image.obj</name>
      </input_file>
      <input_file id="fl-37">
         <path>/Applications/ti/simplelink_msp432p4_sdk_2_30_00_14/source/ti/devices/msp432p4xx/driverlib/ccs/</path>
         <kind>archive</kind>
         <file>msp432p4xx_driverlib.lib</file>
         <name>cs.o</name>
      </input_file>
      <input_file id="fl-38">
         <path>/Applications/ti/simplelink_msp432p4_sdk_2_30_00_14/source/ti/devices/msp432p4xx/driverlib/ccs/</path>
         <kind>archive</kind>
         <file>msp432p4xx_driverlib.lib</file>
         <name>flash.o</name>
      </input_file>
      <input_file id="fl-39">
         <path>/Applications/ti/simplelink_msp432p4_sdk_2_30_00_14/source/ti/devices/msp432p4xx/driverlib/ccs/</path>
         <kind>archive</kind>
         <file>msp432p4xx_driverlib.lib</file>
         <name>fpu.o</name>
      </input_file>
      <input_file id="fl-3a">
         <path>/Applications/ti/simplelink_msp432p4_sdk_2_30_00_14/source/ti/devices/msp432p4xx/driverlib/ccs/</path>
         <kind>archive</kind>
         <file>msp432p4xx_driverlib.lib</file>
         <name>gpio.o</name>
      </input_file>
      <input_file id="fl-3b">
         <path>/Applications/ti/simplelink_msp432p4_sdk_2_30_00_14/source/ti/devices/msp432p4xx/driverlib/ccs/</path>
         <kind>archive</kind>
         <file>msp432p4xx_driverlib.lib</file>
         <name>interrupt.o</name>
      </input_file>
      <input_file id="fl-3c">
         <path>/Applications/ti/simplelink_msp432p4_sdk_2_30_00_14/source/ti/devices/msp432p4xx/driverlib/ccs/</path>
         <kind>archive</kind>
         <file>msp432p4xx_driverlib.lib</file>
         <name>pcm.o</name>
      </input_file>
      <input_file id="fl-3d">
         <path>/Applications/ti/simplelink_msp432p4_sdk_2_30_00_14/source/ti/devices/msp432p4xx/driverlib/ccs/</path>
         <kind>archive</kind>
         <file>msp432p4xx_driverlib.lib</file>
         <name>rtc_c.o</name>
      </input_file>
      <input_file id="fl-3e">
         <path>/Applications/ti/simplelink_msp432p4_sdk_2_30_00_14/source/ti/devices/msp432p4xx/driverlib/ccs/</path>
         <kind>archive</kind>
         <file>msp432p4xx_driverlib.lib</file>
         <name>spi.o</name>
      </input_file>
      <input_file id="fl-3f">
         <path>/Applications/ti/simplelink_msp432p4_sdk_2_30_00_14/source/ti/devices/msp432p4xx/driverlib/ccs/</path>
         <kind>archive</kind>
         <file>msp432p4xx_driverlib.lib</file>
         <name>sysctl.o</name>
      </input_file>
      <input_file id="fl-40">
         <path>/Applications/ti/simplelink_msp432p4_sdk_2_30_00_14/source/ti/devices/msp432p4xx/driverlib/ccs/</path>
         <kind>archive</kind>
         <file>msp432p4xx_driverlib.lib</file>
         <name>sysctl_a.o</name>
      </input_file>
      <input_file id="fl-41">
         <path>/Applications/ti/simplelink_msp432p4_sdk_2_30_00_14/source/ti/devices/msp432p4xx/driverlib/ccs/</path>
         <kind>archive</kind>
         <file>msp432p4xx_driverlib.lib</file>
         <name>wdt_a.o</name>
      </input_file>
      <input_file id="fl-42">
         <path>/Applications/ti/simplelink_msp432p4_sdk_2_30_00_14/source/ti/devices/msp432p4xx/driverlib/ccs/</path>
         <kind>archive</kind>
         <file>msp432p4xx_driverlib.lib</file>
         <name>cpu.o</name>
      </input_file>
      <input_file id="fl-f8">
         <path>/Applications/ti/ccsv8/tools/compiler/ti-cgt-arm_18.1.4.LTS/lib/</path>
         <kind>archive</kind>
         <file>rtsv7M4_T_le_v4SPD16_eabi.lib</file>
         <name>memset_t2.asm.obj</name>
      </input_file>
      <input_file id="fl-f9">
         <path>/Applications/ti/ccsv8/tools/compiler/ti-cgt-arm_18.1.4.LTS/lib/</path>
         <kind>archive</kind>
         <file>rtsv7M4_T_le_v4SPD16_eabi.lib</file>
         <name>copy_zero_init.c.obj</name>
      </input_file>
      <input_file id="fl-fa">
         <path>/Applications/ti/ccsv8/tools/compiler/ti-cgt-arm_18.1.4.LTS/lib/</path>
         <kind>archive</kind>
         <file>rtsv7M4_T_le_v4SPD16_eabi.lib</file>
         <name>copy_decompress_none.c.obj</name>
      </input_file>
      <input_file id="fl-fb">
         <path>/Applications/ti/ccsv8/tools/compiler/ti-cgt-arm_18.1.4.LTS/lib/</path>
         <kind>archive</kind>
         <file>rtsv7M4_T_le_v4SPD16_eabi.lib</file>
         <name>copy_decompress_lzss.c.obj</name>
      </input_file>
      <input_file id="fl-fc">
         <path>/Applications/ti/ccsv8/tools/compiler/ti-cgt-arm_18.1.4.LTS/lib/</path>
         <kind>archive</kind>
         <file>rtsv7M4_T_le_v4SPD16_eabi.lib</file>
         <name>boot_cortex_m.c.obj</name>
      </input_file>
      <input_file id="fl-fd">
         <path>/Applications/ti/ccsv8/tools/compiler/ti-cgt-arm_18.1.4.LTS/lib/</path>
         <kind>archive</kind>
         <file>rtsv7M4_T_le_v4SPD16_eabi.lib</file>
         <name>exit.c.obj</name>
      </input_file>
      <input_file id="fl-fe">
         <path>/Applications/ti/ccsv8/tools/compiler/ti-cgt-arm_18.1.4.LTS/lib/</path>
         <kind>archive</kind>
         <file>rtsv7M4_T_le_v4SPD16_eabi.lib</file>
         <name>_lock.c.obj</name>
      </input_file>
      <input_file id="fl-ff">
         <path>/Applications/ti/ccsv8/tools/compiler/ti-cgt-arm_18.1.4.LTS/lib/</path>
         <kind>archive</kind>
         <file>rtsv7M4_T_le_v4SPD16_eabi.lib</file>
         <name>args_main.c.obj</name>
      </input_file>
      <input_file id="fl-100">
         <path>/Applications/ti/ccsv8/tools/compiler/ti-cgt-arm_18.1.4.LTS/lib/</path>
         <kind>archive</kind>
         <file>rtsv7M4_T_le_v4SPD16_eabi.lib</file>
         <name>printf.c.obj</name>
      </input_file>
      <input_file id="fl-101">
         <path>/Applications/ti/ccsv8/tools/compiler/ti-cgt-arm_18.1.4.LTS/lib/</path>
         <kind>archive</kind>
         <file>rtsv7M4_T_le_v4SPD16_eabi.lib</file>
         <name>strcmp.c.obj</name>
      </input_file>
      <input_file id="fl-102">
         <path>/Applications/ti/ccsv8/tools/compiler/ti-cgt-arm_18.1.4.LTS/lib/</path>
         <kind>archive</kind>
         <file>rtsv7M4_T_le_v4SPD16_eabi.lib</file>
         <name>strcpy.c.obj</name>
      </input_file>
      <input_file id="fl-103">
         <path>/Applications/ti/ccsv8/tools/compiler/ti-cgt-arm_18.1.4.LTS/lib/</path>
         <kind>archive</kind>
         <file>rtsv7M4_T_le_v4SPD16_eabi.lib</file>
         <name>strstr.c.obj</name>
      </input_file>
      <input_file id="fl-104">
         <path>/Applications/ti/ccsv8/tools/compiler/ti-cgt-arm_18.1.4.LTS/lib/</path>
         <kind>archive</kind>
         <file>rtsv7M4_T_le_v4SPD16_eabi.lib</file>
         <name>memcpy_t2.asm.obj</name>
      </input_file>
      <input_file id="fl-105">
         <path>/Applications/ti/ccsv8/tools/compiler/ti-cgt-arm_18.1.4.LTS/lib/</path>
         <kind>archive</kind>
         <file>rtsv7M4_T_le_v4SPD16_eabi.lib</file>
         <name>autoinit.c.obj</name>
      </input_file>
      <input_file id="fl-106">
         <path>/Applications/ti/ccsv8/tools/compiler/ti-cgt-arm_18.1.4.LTS/lib/</path>
         <kind>archive</kind>
         <file>rtsv7M4_T_le_v4SPD16_eabi.lib</file>
         <name>pre_init.c.obj</name>
      </input_file>
      <input_file id="fl-107">
         <path>/Applications/ti/ccsv8/tools/compiler/ti-cgt-arm_18.1.4.LTS/lib/</path>
         <kind>archive</kind>
         <file>rtsv7M4_T_le_v4SPD16_eabi.lib</file>
         <name>cpy_tbl.c.obj</name>
      </input_file>
      <input_file id="fl-108">
         <path>/Applications/ti/ccsv8/tools/compiler/ti-cgt-arm_18.1.4.LTS/lib/</path>
         <kind>archive</kind>
         <file>rtsv7M4_T_le_v4SPD16_eabi.lib</file>
         <name>_printfi.c.obj</name>
      </input_file>
      <input_file id="fl-109">
         <path>/Applications/ti/ccsv8/tools/compiler/ti-cgt-arm_18.1.4.LTS/lib/</path>
         <kind>archive</kind>
         <file>rtsv7M4_T_le_v4SPD16_eabi.lib</file>
         <name>atoi.c.obj</name>
      </input_file>
      <input_file id="fl-10a">
         <path>/Applications/ti/ccsv8/tools/compiler/ti-cgt-arm_18.1.4.LTS/lib/</path>
         <kind>archive</kind>
         <file>rtsv7M4_T_le_v4SPD16_eabi.lib</file>
         <name>ctype.c.obj</name>
      </input_file>
      <input_file id="fl-10b">
         <path>/Applications/ti/ccsv8/tools/compiler/ti-cgt-arm_18.1.4.LTS/lib/</path>
         <kind>archive</kind>
         <file>rtsv7M4_T_le_v4SPD16_eabi.lib</file>
         <name>defs.c.obj</name>
      </input_file>
      <input_file id="fl-10c">
         <path>/Applications/ti/ccsv8/tools/compiler/ti-cgt-arm_18.1.4.LTS/lib/</path>
         <kind>archive</kind>
         <file>rtsv7M4_T_le_v4SPD16_eabi.lib</file>
         <name>fputc.c.obj</name>
      </input_file>
      <input_file id="fl-10d">
         <path>/Applications/ti/ccsv8/tools/compiler/ti-cgt-arm_18.1.4.LTS/lib/</path>
         <kind>archive</kind>
         <file>rtsv7M4_T_le_v4SPD16_eabi.lib</file>
         <name>fputs.c.obj</name>
      </input_file>
      <input_file id="fl-10e">
         <path>/Applications/ti/ccsv8/tools/compiler/ti-cgt-arm_18.1.4.LTS/lib/</path>
         <kind>archive</kind>
         <file>rtsv7M4_T_le_v4SPD16_eabi.lib</file>
         <name>ltoa.c.obj</name>
      </input_file>
      <input_file id="fl-10f">
         <path>/Applications/ti/ccsv8/tools/compiler/ti-cgt-arm_18.1.4.LTS/lib/</path>
         <kind>archive</kind>
         <file>rtsv7M4_T_le_v4SPD16_eabi.lib</file>
         <name>memccpy.c.obj</name>
      </input_file>
      <input_file id="fl-110">
         <path>/Applications/ti/ccsv8/tools/compiler/ti-cgt-arm_18.1.4.LTS/lib/</path>
         <kind>archive</kind>
         <file>rtsv7M4_T_le_v4SPD16_eabi.lib</file>
         <name>memchr.c.obj</name>
      </input_file>
      <input_file id="fl-111">
         <path>/Applications/ti/ccsv8/tools/compiler/ti-cgt-arm_18.1.4.LTS/lib/</path>
         <kind>archive</kind>
         <file>rtsv7M4_T_le_v4SPD16_eabi.lib</file>
         <name>strchr.c.obj</name>
      </input_file>
      <input_file id="fl-112">
         <path>/Applications/ti/ccsv8/tools/compiler/ti-cgt-arm_18.1.4.LTS/lib/</path>
         <kind>archive</kind>
         <file>rtsv7M4_T_le_v4SPD16_eabi.lib</file>
         <name>strlen.c.obj</name>
      </input_file>
      <input_file id="fl-113">
         <path>/Applications/ti/ccsv8/tools/compiler/ti-cgt-arm_18.1.4.LTS/lib/</path>
         <kind>archive</kind>
         <file>rtsv7M4_T_le_v4SPD16_eabi.lib</file>
         <name>write.c.obj</name>
      </input_file>
      <input_file id="fl-114">
         <path>/Applications/ti/ccsv8/tools/compiler/ti-cgt-arm_18.1.4.LTS/lib/</path>
         <kind>archive</kind>
         <file>rtsv7M4_T_le_v4SPD16_eabi.lib</file>
         <name>wcslen.c.obj</name>
      </input_file>
      <input_file id="fl-115">
         <path>/Applications/ti/ccsv8/tools/compiler/ti-cgt-arm_18.1.4.LTS/lib/</path>
         <kind>archive</kind>
         <file>rtsv7M4_T_le_v4SPD16_eabi.lib</file>
         <name>s_frexp.c.obj</name>
      </input_file>
      <input_file id="fl-116">
         <path>/Applications/ti/ccsv8/tools/compiler/ti-cgt-arm_18.1.4.LTS/lib/</path>
         <kind>archive</kind>
         <file>rtsv7M4_T_le_v4SPD16_eabi.lib</file>
         <name>s_scalbn.c.obj</name>
      </input_file>
      <input_file id="fl-117">
         <path>/Applications/ti/ccsv8/tools/compiler/ti-cgt-arm_18.1.4.LTS/lib/</path>
         <kind>archive</kind>
         <file>rtsv7M4_T_le_v4SPD16_eabi.lib</file>
         <name>fd_add_t2.asm.obj</name>
      </input_file>
      <input_file id="fl-118">
         <path>/Applications/ti/ccsv8/tools/compiler/ti-cgt-arm_18.1.4.LTS/lib/</path>
         <kind>archive</kind>
         <file>rtsv7M4_T_le_v4SPD16_eabi.lib</file>
         <name>fd_cmp_t2.asm.obj</name>
      </input_file>
      <input_file id="fl-119">
         <path>/Applications/ti/ccsv8/tools/compiler/ti-cgt-arm_18.1.4.LTS/lib/</path>
         <kind>archive</kind>
         <file>rtsv7M4_T_le_v4SPD16_eabi.lib</file>
         <name>fd_div_t2.asm.obj</name>
      </input_file>
      <input_file id="fl-11a">
         <path>/Applications/ti/ccsv8/tools/compiler/ti-cgt-arm_18.1.4.LTS/lib/</path>
         <kind>archive</kind>
         <file>rtsv7M4_T_le_v4SPD16_eabi.lib</file>
         <name>fd_mul_t2.asm.obj</name>
      </input_file>
      <input_file id="fl-11b">
         <path>/Applications/ti/ccsv8/tools/compiler/ti-cgt-arm_18.1.4.LTS/lib/</path>
         <kind>archive</kind>
         <file>rtsv7M4_T_le_v4SPD16_eabi.lib</file>
         <name>fd_toi_t2.asm.obj</name>
      </input_file>
      <input_file id="fl-11c">
         <path>/Applications/ti/ccsv8/tools/compiler/ti-cgt-arm_18.1.4.LTS/lib/</path>
         <kind>archive</kind>
         <file>rtsv7M4_T_le_v4SPD16_eabi.lib</file>
         <name>i_tofd_t2.asm.obj</name>
      </input_file>
      <input_file id="fl-11d">
         <path>/Applications/ti/ccsv8/tools/compiler/ti-cgt-arm_18.1.4.LTS/lib/</path>
         <kind>archive</kind>
         <file>rtsv7M4_T_le_v4SPD16_eabi.lib</file>
         <name>ull_div_t2.asm.obj</name>
      </input_file>
      <input_file id="fl-11e">
         <path>/Applications/ti/ccsv8/tools/compiler/ti-cgt-arm_18.1.4.LTS/lib/</path>
         <kind>archive</kind>
         <file>rtsv7M4_T_le_v4SPD16_eabi.lib</file>
         <name>errno.c.obj</name>
      </input_file>
      <input_file id="fl-11f">
         <path>/Applications/ti/ccsv8/tools/compiler/ti-cgt-arm_18.1.4.LTS/lib/</path>
         <kind>archive</kind>
         <file>rtsv7M4_T_le_v4SPD16_eabi.lib</file>
         <name>_io_perm.c.obj</name>
      </input_file>
      <input_file id="fl-120">
         <path>/Applications/ti/ccsv8/tools/compiler/ti-cgt-arm_18.1.4.LTS/lib/</path>
         <kind>archive</kind>
         <file>rtsv7M4_T_le_v4SPD16_eabi.lib</file>
         <name>fflush.c.obj</name>
      </input_file>
      <input_file id="fl-121">
         <path>/Applications/ti/ccsv8/tools/compiler/ti-cgt-arm_18.1.4.LTS/lib/</path>
         <kind>archive</kind>
         <file>rtsv7M4_T_le_v4SPD16_eabi.lib</file>
         <name>fseek.c.obj</name>
      </input_file>
      <input_file id="fl-122">
         <path>/Applications/ti/ccsv8/tools/compiler/ti-cgt-arm_18.1.4.LTS/lib/</path>
         <kind>archive</kind>
         <file>rtsv7M4_T_le_v4SPD16_eabi.lib</file>
         <name>lseek.c.obj</name>
      </input_file>
      <input_file id="fl-123">
         <path>/Applications/ti/ccsv8/tools/compiler/ti-cgt-arm_18.1.4.LTS/lib/</path>
         <kind>archive</kind>
         <file>rtsv7M4_T_le_v4SPD16_eabi.lib</file>
         <name>setvbuf.c.obj</name>
      </input_file>
      <input_file id="fl-124">
         <path>/Applications/ti/ccsv8/tools/compiler/ti-cgt-arm_18.1.4.LTS/lib/</path>
         <kind>archive</kind>
         <file>rtsv7M4_T_le_v4SPD16_eabi.lib</file>
         <name>hostclose.c.obj</name>
      </input_file>
      <input_file id="fl-125">
         <path>/Applications/ti/ccsv8/tools/compiler/ti-cgt-arm_18.1.4.LTS/lib/</path>
         <kind>archive</kind>
         <file>rtsv7M4_T_le_v4SPD16_eabi.lib</file>
         <name>hostlseek.c.obj</name>
      </input_file>
      <input_file id="fl-126">
         <path>/Applications/ti/ccsv8/tools/compiler/ti-cgt-arm_18.1.4.LTS/lib/</path>
         <kind>archive</kind>
         <file>rtsv7M4_T_le_v4SPD16_eabi.lib</file>
         <name>hostopen.c.obj</name>
      </input_file>
      <input_file id="fl-127">
         <path>/Applications/ti/ccsv8/tools/compiler/ti-cgt-arm_18.1.4.LTS/lib/</path>
         <kind>archive</kind>
         <file>rtsv7M4_T_le_v4SPD16_eabi.lib</file>
         <name>hostread.c.obj</name>
      </input_file>
      <input_file id="fl-128">
         <path>/Applications/ti/ccsv8/tools/compiler/ti-cgt-arm_18.1.4.LTS/lib/</path>
         <kind>archive</kind>
         <file>rtsv7M4_T_le_v4SPD16_eabi.lib</file>
         <name>hostrename.c.obj</name>
      </input_file>
      <input_file id="fl-129">
         <path>/Applications/ti/ccsv8/tools/compiler/ti-cgt-arm_18.1.4.LTS/lib/</path>
         <kind>archive</kind>
         <file>rtsv7M4_T_le_v4SPD16_eabi.lib</file>
         <name>hostunlink.c.obj</name>
      </input_file>
      <input_file id="fl-12a">
         <path>/Applications/ti/ccsv8/tools/compiler/ti-cgt-arm_18.1.4.LTS/lib/</path>
         <kind>archive</kind>
         <file>rtsv7M4_T_le_v4SPD16_eabi.lib</file>
         <name>hostwrite.c.obj</name>
      </input_file>
      <input_file id="fl-12b">
         <path>/Applications/ti/ccsv8/tools/compiler/ti-cgt-arm_18.1.4.LTS/lib/</path>
         <kind>archive</kind>
         <file>rtsv7M4_T_le_v4SPD16_eabi.lib</file>
         <name>trgmsg.c.obj</name>
      </input_file>
      <input_file id="fl-12c">
         <path>/Applications/ti/ccsv8/tools/compiler/ti-cgt-arm_18.1.4.LTS/lib/</path>
         <kind>archive</kind>
         <file>rtsv7M4_T_le_v4SPD16_eabi.lib</file>
         <name>s_copysign.c.obj</name>
      </input_file>
      <input_file id="fl-12d">
         <path>/Applications/ti/ccsv8/tools/compiler/ti-cgt-arm_18.1.4.LTS/lib/</path>
         <kind>archive</kind>
         <file>rtsv7M4_T_le_v4SPD16_eabi.lib</file>
         <name>div0.asm.obj</name>
      </input_file>
      <input_file id="fl-12e">
         <path>/Applications/ti/ccsv8/tools/compiler/ti-cgt-arm_18.1.4.LTS/lib/</path>
         <kind>archive</kind>
         <file>rtsv7M4_T_le_v4SPD16_eabi.lib</file>
         <name>memory.c.obj</name>
      </input_file>
      <input_file id="fl-12f">
         <path>/Applications/ti/ccsv8/tools/compiler/ti-cgt-arm_18.1.4.LTS/lib/</path>
         <kind>archive</kind>
         <file>rtsv7M4_T_le_v4SPD16_eabi.lib</file>
         <name>fopen.c.obj</name>
      </input_file>
      <input_file id="fl-130">
         <path>/Applications/ti/ccsv8/tools/compiler/ti-cgt-arm_18.1.4.LTS/lib/</path>
         <kind>archive</kind>
         <file>rtsv7M4_T_le_v4SPD16_eabi.lib</file>
         <name>open.c.obj</name>
      </input_file>
      <input_file id="fl-131">
         <path>/Applications/ti/ccsv8/tools/compiler/ti-cgt-arm_18.1.4.LTS/lib/</path>
         <kind>archive</kind>
         <file>rtsv7M4_T_le_v4SPD16_eabi.lib</file>
         <name>fclose.c.obj</name>
      </input_file>
      <input_file id="fl-132">
         <path>/Applications/ti/ccsv8/tools/compiler/ti-cgt-arm_18.1.4.LTS/lib/</path>
         <kind>archive</kind>
         <file>rtsv7M4_T_le_v4SPD16_eabi.lib</file>
         <name>getdevice.c.obj</name>
      </input_file>
      <input_file id="fl-133">
         <path>/Applications/ti/ccsv8/tools/compiler/ti-cgt-arm_18.1.4.LTS/lib/</path>
         <kind>archive</kind>
         <file>rtsv7M4_T_le_v4SPD16_eabi.lib</file>
         <name>remove.c.obj</name>
      </input_file>
      <input_file id="fl-134">
         <path>/Applications/ti/ccsv8/tools/compiler/ti-cgt-arm_18.1.4.LTS/lib/</path>
         <kind>archive</kind>
         <file>rtsv7M4_T_le_v4SPD16_eabi.lib</file>
         <name>strncpy.c.obj</name>
      </input_file>
      <input_file id="fl-135">
         <path>/Applications/ti/ccsv8/tools/compiler/ti-cgt-arm_18.1.4.LTS/lib/</path>
         <kind>archive</kind>
         <file>rtsv7M4_T_le_v4SPD16_eabi.lib</file>
         <name>unlink.c.obj</name>
      </input_file>
      <input_file id="fl-136">
         <path>/Applications/ti/ccsv8/tools/compiler/ti-cgt-arm_18.1.4.LTS/lib/</path>
         <kind>archive</kind>
         <file>rtsv7M4_T_le_v4SPD16_eabi.lib</file>
         <name>close.c.obj</name>
      </input_file>
   </input_file_list>
   <object_component_list>
      <object_component id="oc-23">
         <name>.intvecs:retain</name>
         <load_address>0x0</load_address>
         <run_address>0x0</run_address>
         <size>0xe4</size>
         <input_file_ref idref="fl-3"/>
      </object_component>
      <object_component id="oc-3f0">
         <name>.text:__TI_printfi</name>
         <load_address>0x11094</load_address>
         <run_address>0x11094</run_address>
         <size>0xa5e</size>
         <input_file_ref idref="fl-108"/>
      </object_component>
      <object_component id="oc-6d">
         <name>.text:Default_Handler</name>
         <load_address>0x11af2</load_address>
         <run_address>0x11af2</run_address>
         <size>0x2</size>
         <input_file_ref idref="fl-3"/>
      </object_component>
      <object_component id="oc-103">
         <name>.text:initializeDemoButtons</name>
         <load_address>0x11af4</load_address>
         <run_address>0x11af4</run_address>
         <size>0x8dc</size>
         <input_file_ref idref="fl-2"/>
      </object_component>
      <object_component id="oc-736">
         <name>.text:getHotkey</name>
         <load_address>0x123d0</load_address>
         <run_address>0x123d0</run_address>
         <size>0x52c</size>
         <input_file_ref idref="fl-2"/>
      </object_component>
      <object_component id="oc-8dc">
         <name>.text:EditHotkey</name>
         <load_address>0x128fc</load_address>
         <run_address>0x128fc</run_address>
         <size>0x500</size>
         <input_file_ref idref="fl-2"/>
      </object_component>
      <object_component id="oc-301">
         <name>.text:Graphics_drawString</name>
         <load_address>0x12dfc</load_address>
         <run_address>0x12dfc</run_address>
         <size>0x47e</size>
         <input_file_ref idref="fl-35"/>
      </object_component>
      <object_component id="oc-55d">
         <name>.text:_nop</name>
         <load_address>0x1327a</load_address>
         <run_address>0x1327a</run_address>
         <size>0x2</size>
         <input_file_ref idref="fl-fe"/>
      </object_component>
      <object_component id="oc-3e5">
         <name>.text:find_volume</name>
         <load_address>0x1327c</load_address>
         <run_address>0x1327c</run_address>
         <size>0x400</size>
         <input_file_ref idref="fl-d"/>
      </object_component>
      <object_component id="oc-2f5">
         <name>.text:Graphics_drawImage</name>
         <load_address>0x1367c</load_address>
         <run_address>0x1367c</run_address>
         <size>0x388</size>
         <input_file_ref idref="fl-36"/>
      </object_component>
      <object_component id="oc-157">
         <name>.text:runCredits</name>
         <load_address>0x13a04</load_address>
         <run_address>0x13a04</run_address>
         <size>0x304</size>
         <input_file_ref idref="fl-2"/>
      </object_component>
      <object_component id="oc-8c3">
         <name>.text:f_open</name>
         <load_address>0x13d08</load_address>
         <run_address>0x13d08</run_address>
         <size>0x2a4</size>
         <input_file_ref idref="fl-d"/>
      </object_component>
      <object_component id="oc-448">
         <name>.text:__PCM_setPowerStateAdvanced</name>
         <load_address>0x13fac</load_address>
         <run_address>0x13fac</run_address>
         <size>0x28a</size>
         <input_file_ref idref="fl-3c"/>
      </object_component>
      <object_component id="oc-9e3">
         <name>.text:f_write</name>
         <load_address>0x14236</load_address>
         <run_address>0x14236</run_address>
         <size>0x282</size>
         <input_file_ref idref="fl-d"/>
      </object_component>
      <object_component id="oc-5e8">
         <name>.text:_pconv_a</name>
         <load_address>0x144b8</load_address>
         <run_address>0x144b8</run_address>
         <size>0x270</size>
         <input_file_ref idref="fl-108"/>
      </object_component>
      <object_component id="oc-73c">
         <name>.text:viewHotkeyListEdit</name>
         <load_address>0x14728</load_address>
         <run_address>0x14728</run_address>
         <size>0x230</size>
         <input_file_ref idref="fl-2"/>
      </object_component>
      <object_component id="oc-6f9">
         <name>.text:Graphics_fillCircle</name>
         <load_address>0x14958</load_address>
         <run_address>0x14958</run_address>
         <size>0x22a</size>
         <input_file_ref idref="fl-26"/>
      </object_component>
      <object_component id="oc-936">
         <name>.text</name>
         <load_address>0x14b82</load_address>
         <run_address>0x14b82</run_address>
         <size>0x2</size>
         <input_file_ref idref="fl-12d"/>
      </object_component>
      <object_component id="oc-524">
         <name>.text:viewHotkeyList</name>
         <load_address>0x14b84</load_address>
         <run_address>0x14b84</run_address>
         <size>0x224</size>
         <input_file_ref idref="fl-2"/>
      </object_component>
      <object_component id="oc-30d">
         <name>.text:GameHotkeyList</name>
         <load_address>0x14da8</load_address>
         <run_address>0x14da8</run_address>
         <size>0x220</size>
         <input_file_ref idref="fl-2"/>
      </object_component>
      <object_component id="oc-8cf">
         <name>.text:f_read</name>
         <load_address>0x14fc8</load_address>
         <run_address>0x14fc8</run_address>
         <size>0x220</size>
         <input_file_ref idref="fl-d"/>
      </object_component>
      <object_component id="oc-b2b">
         <name>.text:MMC_disk_ioctl</name>
         <load_address>0x151e8</load_address>
         <run_address>0x151e8</run_address>
         <size>0x200</size>
         <input_file_ref idref="fl-10"/>
      </object_component>
      <object_component id="oc-319">
         <name>.text:runGameListMid</name>
         <load_address>0x153e8</load_address>
         <run_address>0x153e8</run_address>
         <size>0x1e4</size>
         <input_file_ref idref="fl-2"/>
      </object_component>
      <object_component id="oc-5d6">
         <name>.text:_pconv_g</name>
         <load_address>0x155cc</load_address>
         <run_address>0x155cc</run_address>
         <size>0x1d0</size>
         <input_file_ref idref="fl-108"/>
      </object_component>
      <object_component id="oc-2a7">
         <name>.text:validateCalibration</name>
         <load_address>0x1579c</load_address>
         <run_address>0x1579c</run_address>
         <size>0x1c4</size>
         <input_file_ref idref="fl-5"/>
      </object_component>
      <object_component id="oc-109">
         <name>.text:Kitronix320x240x16_SSD2119Init</name>
         <load_address>0x15960</load_address>
         <run_address>0x15960</run_address>
         <size>0x1ba</size>
         <input_file_ref idref="fl-b"/>
      </object_component>
      <object_component id="oc-7d0">
         <name>.text</name>
         <load_address>0x15b1a</load_address>
         <run_address>0x15b1a</run_address>
         <size>0x1b6</size>
         <input_file_ref idref="fl-117"/>
      </object_component>
      <object_component id="oc-784">
         <name>.text:MMC_disk_initialize</name>
         <load_address>0x15cd0</load_address>
         <run_address>0x15cd0</run_address>
         <size>0x1a4</size>
         <input_file_ref idref="fl-10"/>
      </object_component>
      <object_component id="oc-243">
         <name>.text:CS_setDCOFrequency</name>
         <load_address>0x15e74</load_address>
         <run_address>0x15e74</run_address>
         <size>0x19c</size>
         <input_file_ref idref="fl-37"/>
      </object_component>
      <object_component id="oc-643">
         <name>.text:create_chain</name>
         <load_address>0x16010</load_address>
         <run_address>0x16010</run_address>
         <size>0x18c</size>
         <input_file_ref idref="fl-d"/>
      </object_component>
      <object_component id="oc-eb">
         <name>.text:getGameList</name>
         <load_address>0x1619c</load_address>
         <run_address>0x1619c</run_address>
         <size>0x18c</size>
         <input_file_ref idref="fl-2"/>
      </object_component>
      <object_component id="oc-145">
         <name>.text:runGameListBeg</name>
         <load_address>0x16328</load_address>
         <run_address>0x16328</run_address>
         <size>0x18c</size>
         <input_file_ref idref="fl-2"/>
      </object_component>
      <object_component id="oc-85c">
         <name>.text:put_fat</name>
         <load_address>0x164b4</load_address>
         <run_address>0x164b4</run_address>
         <size>0x188</size>
         <input_file_ref idref="fl-d"/>
      </object_component>
      <object_component id="oc-31f">
         <name>.text:runGameListEnd</name>
         <load_address>0x1663c</load_address>
         <run_address>0x1663c</run_address>
         <size>0x184</size>
         <input_file_ref idref="fl-2"/>
      </object_component>
      <object_component id="oc-36a">
         <name>.text:Kitronix320x240x16_SSD2119PixelDrawMultiple</name>
         <load_address>0x167c0</load_address>
         <run_address>0x167c0</run_address>
         <size>0x17a</size>
         <input_file_ref idref="fl-b"/>
      </object_component>
      <object_component id="oc-918">
         <name>.text:set_max_speed</name>
         <load_address>0x1693a</load_address>
         <run_address>0x1693a</run_address>
         <size>0x2</size>
         <input_file_ref idref="fl-10"/>
      </object_component>
      <object_component id="oc-307">
         <name>.text:chooseGameImage</name>
         <load_address>0x1693c</load_address>
         <run_address>0x1693c</run_address>
         <size>0x16c</size>
         <input_file_ref idref="fl-2"/>
      </object_component>
      <object_component id="oc-625">
         <name>.text:create_name</name>
         <load_address>0x16aa8</load_address>
         <run_address>0x16aa8</run_address>
         <size>0x16b</size>
         <input_file_ref idref="fl-d"/>
      </object_component>
      <object_component id="oc-a9">
         <name>.text:main</name>
         <load_address>0x16c14</load_address>
         <run_address>0x16c14</run_address>
         <size>0x164</size>
         <input_file_ref idref="fl-2"/>
      </object_component>
      <object_component id="oc-65f">
         <name>.text:__PCM_setPowerModeAdvanced</name>
         <load_address>0x16d78</load_address>
         <run_address>0x16d78</run_address>
         <size>0x15c</size>
         <input_file_ref idref="fl-3c"/>
      </object_component>
      <object_component id="oc-133">
         <name>.text:touch_updateCurrentTouch</name>
         <load_address>0x16ed4</load_address>
         <run_address>0x16ed4</run_address>
         <size>0x140</size>
         <input_file_ref idref="fl-5"/>
      </object_component>
      <object_component id="oc-5e2">
         <name>.text:_pconv_e</name>
         <load_address>0x17014</load_address>
         <run_address>0x17014</run_address>
         <size>0x13c</size>
         <input_file_ref idref="fl-108"/>
      </object_component>
      <object_component id="oc-7b6">
         <name>.text</name>
         <load_address>0x17150</load_address>
         <run_address>0x17150</run_address>
         <size>0x136</size>
         <input_file_ref idref="fl-119"/>
      </object_component>
      <object_component id="oc-249">
         <name>.text:CS_initClockSignal</name>
         <load_address>0x17288</load_address>
         <run_address>0x17288</run_address>
         <size>0x130</size>
         <input_file_ref idref="fl-37"/>
      </object_component>
      <object_component id="oc-7e2">
         <name>.text:fcvt</name>
         <load_address>0x173b8</load_address>
         <run_address>0x173b8</run_address>
         <size>0x124</size>
         <input_file_ref idref="fl-108"/>
      </object_component>
      <object_component id="oc-633">
         <name>.text:get_fat</name>
         <load_address>0x174dc</load_address>
         <run_address>0x174dc</run_address>
         <size>0x118</size>
         <input_file_ref idref="fl-d"/>
      </object_component>
      <object_component id="oc-610">
         <name>.text:fputs</name>
         <load_address>0x175f4</load_address>
         <run_address>0x175f4</run_address>
         <size>0x114</size>
         <input_file_ref idref="fl-10d"/>
      </object_component>
      <object_component id="oc-2ef">
         <name>.text:Graphics_fillRectangle</name>
         <load_address>0x17708</load_address>
         <run_address>0x17708</run_address>
         <size>0x112</size>
         <input_file_ref idref="fl-34"/>
      </object_component>
      <object_component id="oc-7f6">
         <name>.text:scalbn</name>
         <load_address>0x1781c</load_address>
         <run_address>0x1781c</run_address>
         <size>0x110</size>
         <input_file_ref idref="fl-116"/>
      </object_component>
      <object_component id="oc-2c9">
         <name>.text:Graphics_drawButton</name>
         <load_address>0x1792c</load_address>
         <run_address>0x1792c</run_address>
         <size>0x108</size>
         <input_file_ref idref="fl-25"/>
      </object_component>
      <object_component id="oc-57d">
         <name>.text:__PCM_setCoreVoltageLevelAdvanced</name>
         <load_address>0x17a34</load_address>
         <run_address>0x17a34</run_address>
         <size>0x108</size>
         <input_file_ref idref="fl-3c"/>
      </object_component>
      <object_component id="oc-6ab">
         <name>.text:_CSComputeCLKFrequency</name>
         <load_address>0x17b3c</load_address>
         <run_address>0x17b3c</run_address>
         <size>0x104</size>
         <input_file_ref idref="fl-37"/>
      </object_component>
      <object_component id="oc-431">
         <name>.text:dir_next</name>
         <load_address>0x17c40</load_address>
         <run_address>0x17c40</run_address>
         <size>0x104</size>
         <input_file_ref idref="fl-d"/>
      </object_component>
      <object_component id="oc-2d3">
         <name>.text:touch_detectedTouch</name>
         <load_address>0x17d44</load_address>
         <run_address>0x17d44</run_address>
         <size>0x100</size>
         <input_file_ref idref="fl-5"/>
      </object_component>
      <object_component id="oc-7b1">
         <name>.text</name>
         <load_address>0x17e44</load_address>
         <run_address>0x17e44</run_address>
         <size>0xfc</size>
         <input_file_ref idref="fl-11a"/>
      </object_component>
      <object_component id="oc-4d8">
         <name>.text:Graphics_getStringWidth</name>
         <load_address>0x17f40</load_address>
         <run_address>0x17f40</run_address>
         <size>0xfa</size>
         <input_file_ref idref="fl-35"/>
      </object_component>
      <object_component id="oc-88f">
         <name>.text:CS_getDCOFrequency</name>
         <load_address>0x1803c</load_address>
         <run_address>0x1803c</run_address>
         <size>0xf8</size>
         <input_file_ref idref="fl-37"/>
      </object_component>
      <object_component id="oc-2df">
         <name>.text:touch_sampleX</name>
         <load_address>0x18134</load_address>
         <run_address>0x18134</run_address>
         <size>0xf4</size>
         <input_file_ref idref="fl-5"/>
      </object_component>
      <object_component id="oc-2e5">
         <name>.text:touch_sampleY</name>
         <load_address>0x18228</load_address>
         <run_address>0x18228</run_address>
         <size>0xf4</size>
         <input_file_ref idref="fl-5"/>
      </object_component>
      <object_component id="oc-418">
         <name>.text:dir_sdi</name>
         <load_address>0x1831c</load_address>
         <run_address>0x1831c</run_address>
         <size>0xe8</size>
         <input_file_ref idref="fl-d"/>
      </object_component>
      <object_component id="oc-2a1">
         <name>.text:touch_calibrate</name>
         <load_address>0x18404</load_address>
         <run_address>0x18404</run_address>
         <size>0xe8</size>
         <input_file_ref idref="fl-5"/>
      </object_component>
      <object_component id="oc-12d">
         <name>.text:drawMainMenu</name>
         <load_address>0x184ec</load_address>
         <run_address>0x184ec</run_address>
         <size>0xe0</size>
         <input_file_ref idref="fl-2"/>
      </object_component>
      <object_component id="oc-971">
         <name>.text:setvbuf</name>
         <load_address>0x185cc</load_address>
         <run_address>0x185cc</run_address>
         <size>0xdc</size>
         <input_file_ref idref="fl-123"/>
      </object_component>
      <object_component id="oc-a38">
         <name>.text:free</name>
         <load_address>0x186a8</load_address>
         <run_address>0x186a8</run_address>
         <size>0xd8</size>
         <input_file_ref idref="fl-12e"/>
      </object_component>
      <object_component id="oc-1d2">
         <name>.text:TIMERA_Init</name>
         <load_address>0x18780</load_address>
         <run_address>0x18780</run_address>
         <size>0xd0</size>
         <input_file_ref idref="fl-9"/>
      </object_component>
      <object_component id="oc-40c">
         <name>.text:follow_path</name>
         <load_address>0x18850</load_address>
         <run_address>0x18850</run_address>
         <size>0xce</size>
         <input_file_ref idref="fl-d"/>
      </object_component>
      <object_component id="oc-99a">
         <name>.text:MMC_disk_write</name>
         <load_address>0x18920</load_address>
         <run_address>0x18920</run_address>
         <size>0xcc</size>
         <input_file_ref idref="fl-10"/>
      </object_component>
      <object_component id="oc-127">
         <name>.text:touch_initInterface</name>
         <load_address>0x189ec</load_address>
         <run_address>0x189ec</run_address>
         <size>0xcc</size>
         <input_file_ref idref="fl-5"/>
      </object_component>
      <object_component id="oc-9d6">
         <name>.text:f_sync</name>
         <load_address>0x18ab8</load_address>
         <run_address>0x18ab8</run_address>
         <size>0xc8</size>
         <input_file_ref idref="fl-d"/>
      </object_component>
      <object_component id="oc-9c4">
         <name>.text:remove_chain</name>
         <load_address>0x18b80</load_address>
         <run_address>0x18b80</run_address>
         <size>0xc0</size>
         <input_file_ref idref="fl-d"/>
      </object_component>
      <object_component id="oc-2c3">
         <name>.text:Graphics_drawImageButton</name>
         <load_address>0x18c40</load_address>
         <run_address>0x18c40</run_address>
         <size>0xb8</size>
         <input_file_ref idref="fl-32"/>
      </object_component>
      <object_component id="oc-a7f">
         <name>.text:sync_fs</name>
         <load_address>0x18cf8</load_address>
         <run_address>0x18cf8</run_address>
         <size>0xb8</size>
         <input_file_ref idref="fl-d"/>
      </object_component>
      <object_component id="oc-42b">
         <name>.text:get_fileinfo</name>
         <load_address>0x18db0</load_address>
         <run_address>0x18db0</run_address>
         <size>0xb6</size>
         <input_file_ref idref="fl-d"/>
      </object_component>
      <object_component id="oc-26b">
         <name>.text:HAL_LCD_initLCD</name>
         <load_address>0x18e68</load_address>
         <run_address>0x18e68</run_address>
         <size>0xb4</size>
         <input_file_ref idref="fl-a"/>
      </object_component>
      <object_component id="oc-425">
         <name>.text:dir_read</name>
         <load_address>0x18f1c</load_address>
         <run_address>0x18f1c</run_address>
         <size>0xb4</size>
         <input_file_ref idref="fl-d"/>
      </object_component>
      <object_component id="oc-5cb">
         <name>.text:_ltostr</name>
         <load_address>0x18fd0</load_address>
         <run_address>0x18fd0</run_address>
         <size>0xb1</size>
         <input_file_ref idref="fl-108"/>
      </object_component>
      <object_component id="oc-313">
         <name>.text:Graphics_drawReleasedButton</name>
         <load_address>0x19084</load_address>
         <run_address>0x19084</run_address>
         <size>0xb0</size>
         <input_file_ref idref="fl-25"/>
      </object_component>
      <object_component id="oc-151">
         <name>.text:Graphics_drawSelectedButton</name>
         <load_address>0x19134</load_address>
         <run_address>0x19134</run_address>
         <size>0xb0</size>
         <input_file_ref idref="fl-25"/>
      </object_component>
      <object_component id="oc-3cf">
         <name>.text:SPI_initMaster</name>
         <load_address>0x191e4</load_address>
         <run_address>0x191e4</run_address>
         <size>0xb0</size>
         <input_file_ref idref="fl-3e"/>
      </object_component>
      <object_component id="oc-37c">
         <name>.text:Kitronix320x240x16_SSD2119RectFill</name>
         <load_address>0x19294</load_address>
         <run_address>0x19294</run_address>
         <size>0xaa</size>
         <input_file_ref idref="fl-b"/>
      </object_component>
      <object_component id="oc-325">
         <name>.text:Graphics_drawReleasedImageButton</name>
         <load_address>0x19340</load_address>
         <run_address>0x19340</run_address>
         <size>0xa8</size>
         <input_file_ref idref="fl-32"/>
      </object_component>
      <object_component id="oc-13f">
         <name>.text:Graphics_drawSelectedImageButton</name>
         <load_address>0x193e8</load_address>
         <run_address>0x193e8</run_address>
         <size>0xa8</size>
         <input_file_ref idref="fl-32"/>
      </object_component>
      <object_component id="oc-1ea">
         <name>.text:f_opendir</name>
         <load_address>0x19490</load_address>
         <run_address>0x19490</run_address>
         <size>0xa4</size>
         <input_file_ref idref="fl-d"/>
      </object_component>
      <object_component id="oc-927">
         <name>.text:MMC_disk_read</name>
         <load_address>0x19534</load_address>
         <run_address>0x19534</run_address>
         <size>0xa0</size>
         <input_file_ref idref="fl-10"/>
      </object_component>
      <object_component id="oc-906">
         <name>.text:send_cmd</name>
         <load_address>0x195d4</load_address>
         <run_address>0x195d4</run_address>
         <size>0x9e</size>
         <input_file_ref idref="fl-10"/>
      </object_component>
      <object_component id="oc-513">
         <name>.text:Graphics_drawLineH</name>
         <load_address>0x19672</load_address>
         <run_address>0x19672</run_address>
         <size>0x9c</size>
         <input_file_ref idref="fl-33"/>
      </object_component>
      <object_component id="oc-37">
         <name>.text</name>
         <load_address>0x1970e</load_address>
         <run_address>0x1970e</run_address>
         <size>0x9c</size>
         <input_file_ref idref="fl-104"/>
      </object_component>
      <object_component id="oc-7aa">
         <name>.text</name>
         <load_address>0x197aa</load_address>
         <run_address>0x197aa</run_address>
         <size>0x96</size>
         <input_file_ref idref="fl-11d"/>
      </object_component>
      <object_component id="oc-450">
         <name>.text:SysCtl_A_getTLVInfo</name>
         <load_address>0x19840</load_address>
         <run_address>0x19840</run_address>
         <size>0x94</size>
         <input_file_ref idref="fl-40"/>
      </object_component>
      <object_component id="oc-62b">
         <name>.text:dir_find</name>
         <load_address>0x198d4</load_address>
         <run_address>0x198d4</run_address>
         <size>0x90</size>
         <input_file_ref idref="fl-d"/>
      </object_component>
      <object_component id="oc-617">
         <name>.text:fputc</name>
         <load_address>0x19964</load_address>
         <run_address>0x19964</run_address>
         <size>0x8c</size>
         <input_file_ref idref="fl-10c"/>
      </object_component>
      <object_component id="oc-59a">
         <name>.text:check_fs</name>
         <load_address>0x199f0</load_address>
         <run_address>0x199f0</run_address>
         <size>0x8a</size>
         <input_file_ref idref="fl-d"/>
      </object_component>
      <object_component id="oc-a74">
         <name>.text:dir_alloc</name>
         <load_address>0x19a7a</load_address>
         <run_address>0x19a7a</run_address>
         <size>0x8a</size>
         <input_file_ref idref="fl-d"/>
      </object_component>
      <object_component id="oc-456">
         <name>.text:CS_tuneDCOFrequency</name>
         <load_address>0x19b04</load_address>
         <run_address>0x19b04</run_address>
         <size>0x88</size>
         <input_file_ref idref="fl-37"/>
      </object_component>
      <object_component id="oc-48f">
         <name>.text:GPIO_setAsPeripheralModuleFunctionOutputPin</name>
         <load_address>0x19b8c</load_address>
         <run_address>0x19b8c</run_address>
         <size>0x88</size>
         <input_file_ref idref="fl-3a"/>
      </object_component>
      <object_component id="oc-5d1">
         <name>.text:__aeabi_cdcmple</name>
         <load_address>0x19c14</load_address>
         <run_address>0x19c14</run_address>
         <size>0x86</size>
         <input_file_ref idref="fl-118"/>
      </object_component>
      <object_component id="oc-7bb">
         <name>.text:__aeabi_cdrcmple</name>
         <load_address>0x19c9a</load_address>
         <run_address>0x19c9a</run_address>
         <size>0x86</size>
         <input_file_ref idref="fl-118"/>
      </object_component>
      <object_component id="oc-66b">
         <name>.text:PCM_gotoLPM3</name>
         <load_address>0x19d20</load_address>
         <run_address>0x19d20</run_address>
         <size>0x84</size>
         <input_file_ref idref="fl-3c"/>
      </object_component>
      <object_component id="oc-2bd">
         <name>.text:drawEditMode</name>
         <load_address>0x19da4</load_address>
         <run_address>0x19da4</run_address>
         <size>0x84</size>
         <input_file_ref idref="fl-2"/>
      </object_component>
      <object_component id="oc-649">
         <name>.text:dir_clear</name>
         <load_address>0x19e28</load_address>
         <run_address>0x19e28</run_address>
         <size>0x80</size>
         <input_file_ref idref="fl-d"/>
      </object_component>
      <object_component id="oc-3df">
         <name>.text:get_ldnumber</name>
         <load_address>0x19ea8</load_address>
         <run_address>0x19ea8</run_address>
         <size>0x80</size>
         <input_file_ref idref="fl-d"/>
      </object_component>
      <object_component id="oc-9a7">
         <name>.text:_CSGetDOCFrequency</name>
         <load_address>0x19f28</load_address>
         <run_address>0x19f28</run_address>
         <size>0x7c</size>
         <input_file_ref idref="fl-37"/>
      </object_component>
      <object_component id="oc-84c">
         <name>.text:dbc_2nd</name>
         <load_address>0x19fa4</load_address>
         <run_address>0x19fa4</run_address>
         <size>0x7c</size>
         <input_file_ref idref="fl-d"/>
      </object_component>
      <object_component id="oc-9d">
         <name>.text</name>
         <load_address>0x1a020</load_address>
         <run_address>0x1a020</run_address>
         <size>0x7a</size>
         <input_file_ref idref="fl-f8"/>
      </object_component>
      <object_component id="oc-a6c">
         <name>.text:xmit_datablock</name>
         <load_address>0x1a09a</load_address>
         <run_address>0x1a09a</run_address>
         <size>0x7a</size>
         <input_file_ref idref="fl-10"/>
      </object_component>
      <object_component id="oc-bb">
         <name>.text:SystemInit</name>
         <load_address>0x1a114</load_address>
         <run_address>0x1a114</run_address>
         <size>0x78</size>
         <input_file_ref idref="fl-4"/>
      </object_component>
      <object_component id="oc-1f0">
         <name>.text:f_readdir</name>
         <load_address>0x1a18c</load_address>
         <run_address>0x1a18c</run_address>
         <size>0x78</size>
         <input_file_ref idref="fl-d"/>
      </object_component>
      <object_component id="oc-a3e">
         <name>.text:malloc</name>
         <load_address>0x1a204</load_address>
         <run_address>0x1a204</run_address>
         <size>0x78</size>
         <input_file_ref idref="fl-12e"/>
      </object_component>
      <object_component id="oc-4cd">
         <name>.text:touch_calibrateCircle</name>
         <load_address>0x1a27c</load_address>
         <run_address>0x1a27c</run_address>
         <size>0x78</size>
         <input_file_ref idref="fl-5"/>
      </object_component>
      <object_component id="oc-ab3">
         <name>.text:__TI_closefile</name>
         <load_address>0x1a2f4</load_address>
         <run_address>0x1a2f4</run_address>
         <size>0x74</size>
         <input_file_ref idref="fl-131"/>
      </object_component>
      <object_component id="oc-1de">
         <name>.text:f_mount</name>
         <load_address>0x1a368</load_address>
         <run_address>0x1a368</run_address>
         <size>0x70</size>
         <input_file_ref idref="fl-d"/>
      </object_component>
      <object_component id="oc-7db">
         <name>.text:_mcpy</name>
         <load_address>0x1a3d8</load_address>
         <run_address>0x1a3d8</run_address>
         <size>0x6e</size>
         <input_file_ref idref="fl-108"/>
      </object_component>
      <object_component id="oc-4f9">
         <name>.text:Graphics_convertPalette</name>
         <load_address>0x1a448</load_address>
         <run_address>0x1a448</run_address>
         <size>0x6c</size>
         <input_file_ref idref="fl-36"/>
      </object_component>
      <object_component id="oc-794">
         <name>.text:sync_window</name>
         <load_address>0x1a4b4</load_address>
         <run_address>0x1a4b4</run_address>
         <size>0x6a</size>
         <input_file_ref idref="fl-d"/>
      </object_component>
      <object_component id="oc-ad7">
         <name>.text:HOSTlseek</name>
         <load_address>0x1a520</load_address>
         <run_address>0x1a520</run_address>
         <size>0x68</size>
         <input_file_ref idref="fl-125"/>
      </object_component>
      <object_component id="oc-ae3">
         <name>.text:HOSTrename</name>
         <load_address>0x1a588</load_address>
         <run_address>0x1a588</run_address>
         <size>0x68</size>
         <input_file_ref idref="fl-128"/>
      </object_component>
      <object_component id="oc-14">
         <name>.text:decompress:lzss:__TI_decompress_lzss</name>
         <load_address>0x1a5f0</load_address>
         <run_address>0x1a5f0</run_address>
         <size>0x68</size>
         <input_file_ref idref="fl-fb"/>
      </object_component>
      <object_component id="oc-1e4">
         <name>.text:printf</name>
         <load_address>0x1a658</load_address>
         <run_address>0x1a658</run_address>
         <size>0x68</size>
         <input_file_ref idref="fl-100"/>
      </object_component>
      <object_component id="oc-7f0">
         <name>.text:frexp</name>
         <load_address>0x1a6c0</load_address>
         <run_address>0x1a6c0</run_address>
         <size>0x64</size>
         <input_file_ref idref="fl-115"/>
      </object_component>
      <object_component id="oc-96b">
         <name>.text:fseek</name>
         <load_address>0x1a724</load_address>
         <run_address>0x1a724</run_address>
         <size>0x64</size>
         <input_file_ref idref="fl-121"/>
      </object_component>
      <object_component id="oc-a16">
         <name>.text:send_cmd12</name>
         <load_address>0x1a788</load_address>
         <run_address>0x1a788</run_address>
         <size>0x64</size>
         <input_file_ref idref="fl-10"/>
      </object_component>
      <object_component id="oc-139">
         <name>.text:Graphics_isImageButtonSelected</name>
         <load_address>0x1a7ec</load_address>
         <run_address>0x1a7ec</run_address>
         <size>0x62</size>
         <input_file_ref idref="fl-32"/>
      </object_component>
      <object_component id="oc-883">
         <name>.text:_CSGetDividerValue</name>
         <load_address>0x1a84e</load_address>
         <run_address>0x1a84e</run_address>
         <size>0x62</size>
         <input_file_ref idref="fl-37"/>
      </object_component>
      <object_component id="oc-824">
         <name>.text:__TI_wrt_ok</name>
         <load_address>0x1a8b0</load_address>
         <run_address>0x1a8b0</run_address>
         <size>0x62</size>
         <input_file_ref idref="fl-11f"/>
      </object_component>
      <object_component id="oc-abf">
         <name>.text:HOSTopen</name>
         <load_address>0x1a914</load_address>
         <run_address>0x1a914</run_address>
         <size>0x60</size>
         <input_file_ref idref="fl-126"/>
      </object_component>
      <object_component id="oc-76d">
         <name>.text:PCM_getCoreVoltageLevel</name>
         <load_address>0x1a974</load_address>
         <run_address>0x1a974</run_address>
         <size>0x5e</size>
         <input_file_ref idref="fl-3c"/>
      </object_component>
      <object_component id="oc-1c6">
         <name>.text:SPI_Init</name>
         <load_address>0x1a9d4</load_address>
         <run_address>0x1a9d4</run_address>
         <size>0x5c</size>
         <input_file_ref idref="fl-8"/>
      </object_component>
      <object_component id="oc-afe">
         <name>.text:close</name>
         <load_address>0x1aa30</load_address>
         <run_address>0x1aa30</run_address>
         <size>0x5c</size>
         <input_file_ref idref="fl-136"/>
      </object_component>
      <object_component id="oc-a10">
         <name>.text:rcvr_datablock</name>
         <load_address>0x1aa8c</load_address>
         <run_address>0x1aa8c</run_address>
         <size>0x5c</size>
         <input_file_ref idref="fl-10"/>
      </object_component>
      <object_component id="oc-767">
         <name>.text:PCM_getPowerMode</name>
         <load_address>0x1aae8</load_address>
         <run_address>0x1aae8</run_address>
         <size>0x5a</size>
         <input_file_ref idref="fl-3c"/>
      </object_component>
      <object_component id="oc-acb">
         <name>.text:HOSTread</name>
         <load_address>0x1ab44</load_address>
         <run_address>0x1ab44</run_address>
         <size>0x58</size>
         <input_file_ref idref="fl-127"/>
      </object_component>
      <object_component id="oc-ad1">
         <name>.text:HOSTwrite</name>
         <load_address>0x1ab9c</load_address>
         <run_address>0x1ab9c</run_address>
         <size>0x58</size>
         <input_file_ref idref="fl-12a"/>
      </object_component>
      <object_component id="oc-846">
         <name>.text:dbc_1st</name>
         <load_address>0x1abf4</load_address>
         <run_address>0x1abf4</run_address>
         <size>0x58</size>
         <input_file_ref idref="fl-d"/>
      </object_component>
      <object_component id="oc-41f">
         <name>.text:validate</name>
         <load_address>0x1ac4c</load_address>
         <run_address>0x1ac4c</run_address>
         <size>0x58</size>
         <input_file_ref idref="fl-d"/>
      </object_component>
      <object_component id="oc-5dc">
         <name>.text:_pconv_f</name>
         <load_address>0x1aca4</load_address>
         <run_address>0x1aca4</run_address>
         <size>0x56</size>
         <input_file_ref idref="fl-108"/>
      </object_component>
      <object_component id="oc-9b2">
         <name>.text:dir_register</name>
         <load_address>0x1acfa</load_address>
         <run_address>0x1acfa</run_address>
         <size>0x56</size>
         <input_file_ref idref="fl-d"/>
      </object_component>
      <object_component id="oc-677">
         <name>.text:PCM_shutdownDevice</name>
         <load_address>0x1ad50</load_address>
         <run_address>0x1ad50</run_address>
         <size>0x54</size>
         <input_file_ref idref="fl-3c"/>
      </object_component>
      <object_component id="oc-7c5">
         <name>.text:ltoa</name>
         <load_address>0x1ada4</load_address>
         <run_address>0x1ada4</run_address>
         <size>0x54</size>
         <input_file_ref idref="fl-10e"/>
      </object_component>
      <object_component id="oc-10f">
         <name>.text:Graphics_initContext</name>
         <load_address>0x1adf8</load_address>
         <run_address>0x1adf8</run_address>
         <size>0x52</size>
         <input_file_ref idref="fl-27"/>
      </object_component>
      <object_component id="oc-364">
         <name>.text:Kitronix320x240x16_SSD2119PixelDraw</name>
         <load_address>0x1ae4a</load_address>
         <run_address>0x1ae4a</run_address>
         <size>0x52</size>
         <input_file_ref idref="fl-b"/>
      </object_component>
      <object_component id="oc-7d5">
         <name>.text:_ecpy</name>
         <load_address>0x1ae9c</load_address>
         <run_address>0x1ae9c</run_address>
         <size>0x52</size>
         <input_file_ref idref="fl-108"/>
      </object_component>
      <object_component id="oc-27d">
         <name>.text:HAL_LCD_writeData</name>
         <load_address>0x1aef0</load_address>
         <run_address>0x1aef0</run_address>
         <size>0x50</size>
         <input_file_ref idref="fl-a"/>
      </object_component>
      <object_component id="oc-5ac">
         <name>.text:move_window</name>
         <load_address>0x1af40</load_address>
         <run_address>0x1af40</run_address>
         <size>0x50</size>
         <input_file_ref idref="fl-d"/>
      </object_component>
      <object_component id="oc-993">
         <name>.text:st_dword</name>
         <load_address>0x1af90</load_address>
         <run_address>0x1af90</run_address>
         <size>0x4e</size>
         <input_file_ref idref="fl-d"/>
      </object_component>
      <object_component id="oc-830">
         <name>.text:__TI_doflush</name>
         <load_address>0x1afde</load_address>
         <run_address>0x1afde</run_address>
         <size>0x4c</size>
         <input_file_ref idref="fl-120"/>
      </object_component>
      <object_component id="oc-5c5">
         <name>.text:atoi</name>
         <load_address>0x1b02c</load_address>
         <run_address>0x1b02c</run_address>
         <size>0x4c</size>
         <input_file_ref idref="fl-109"/>
      </object_component>
      <object_component id="oc-fd">
         <name>.text:clockInit</name>
         <load_address>0x1b078</load_address>
         <run_address>0x1b078</run_address>
         <size>0x4c</size>
         <input_file_ref idref="fl-2"/>
      </object_component>
      <object_component id="oc-20e">
         <name>.text:disk_timerproc</name>
         <load_address>0x1b0c4</load_address>
         <run_address>0x1b0c4</run_address>
         <size>0x4c</size>
         <input_file_ref idref="fl-10"/>
      </object_component>
      <object_component id="oc-14b">
         <name>.text:Graphics_isButtonSelected</name>
         <load_address>0x1b110</load_address>
         <run_address>0x1b110</run_address>
         <size>0x4a</size>
         <input_file_ref idref="fl-25"/>
      </object_component>
      <object_component id="oc-542">
         <name>.text:Kitronix320x240x16_SSD2119_setCursorLtoR</name>
         <load_address>0x1b15a</load_address>
         <run_address>0x1b15a</run_address>
         <size>0x4a</size>
         <input_file_ref idref="fl-b"/>
      </object_component>
      <object_component id="oc-54a">
         <name>.text:Kitronix320x240x16_SSD2119_setCursorTtoB</name>
         <load_address>0x1b1a4</load_address>
         <run_address>0x1b1a4</run_address>
         <size>0x4a</size>
         <input_file_ref idref="fl-b"/>
      </object_component>
      <object_component id="oc-231">
         <name>.text:FlashCtl_setWaitState</name>
         <load_address>0x1b1f0</load_address>
         <run_address>0x1b1f0</run_address>
         <size>0x48</size>
         <input_file_ref idref="fl-38"/>
      </object_component>
      <object_component id="oc-2b7">
         <name>.text:Graphics_drawStringCentered</name>
         <load_address>0x1b238</load_address>
         <run_address>0x1b238</run_address>
         <size>0x48</size>
         <input_file_ref idref="fl-35"/>
      </object_component>
      <object_component id="oc-17f">
         <name>.text:exit</name>
         <load_address>0x1b280</load_address>
         <run_address>0x1b280</run_address>
         <size>0x48</size>
         <input_file_ref idref="fl-fd"/>
      </object_component>
      <object_component id="oc-7c0">
         <name>.text</name>
         <load_address>0x1b2c8</load_address>
         <run_address>0x1b2c8</run_address>
         <size>0x48</size>
         <input_file_ref idref="fl-11b"/>
      </object_component>
      <object_component id="oc-4ff">
         <name>.text:Graphics_drawMultiplePixelsOnDisplay</name>
         <load_address>0x1b310</load_address>
         <run_address>0x1b310</run_address>
         <size>0x46</size>
         <input_file_ref idref="fl-28"/>
      </object_component>
      <object_component id="oc-ac5">
         <name>.text:HOSTclose</name>
         <load_address>0x1b358</load_address>
         <run_address>0x1b358</run_address>
         <size>0x44</size>
         <input_file_ref idref="fl-124"/>
      </object_component>
      <object_component id="oc-add">
         <name>.text:HOSTunlink</name>
         <load_address>0x1b39c</load_address>
         <run_address>0x1b39c</run_address>
         <size>0x44</size>
         <input_file_ref idref="fl-129"/>
      </object_component>
      <object_component id="oc-370">
         <name>.text:Kitronix320x240x16_SSD2119LineDrawH</name>
         <load_address>0x1b3e0</load_address>
         <run_address>0x1b3e0</run_address>
         <size>0x44</size>
         <input_file_ref idref="fl-b"/>
      </object_component>
      <object_component id="oc-376">
         <name>.text:Kitronix320x240x16_SSD2119LineDrawV</name>
         <load_address>0x1b424</load_address>
         <run_address>0x1b424</run_address>
         <size>0x44</size>
         <input_file_ref idref="fl-b"/>
      </object_component>
      <object_component id="oc-185">
         <name>.text:__TI_auto_init_nobinit_nopinit:__TI_auto_init_nobinit_nopinit</name>
         <load_address>0x1b468</load_address>
         <run_address>0x1b468</run_address>
         <size>0x44</size>
         <input_file_ref idref="fl-105"/>
      </object_component>
      <object_component id="oc-79a">
         <name>.text:disk_read</name>
         <load_address>0x1b4ac</load_address>
         <run_address>0x1b4ac</run_address>
         <size>0x44</size>
         <input_file_ref idref="fl-c"/>
      </object_component>
      <object_component id="oc-863">
         <name>.text:disk_write</name>
         <load_address>0x1b4f0</load_address>
         <run_address>0x1b4f0</run_address>
         <size>0x44</size>
         <input_file_ref idref="fl-c"/>
      </object_component>
      <object_component id="oc-b34">
         <name>.text:getdevice</name>
         <load_address>0x1b534</load_address>
         <run_address>0x1b534</run_address>
         <size>0x44</size>
         <input_file_ref idref="fl-132"/>
      </object_component>
      <object_component id="oc-8fa">
         <name>.text:send_initial_clock_train</name>
         <load_address>0x1b578</load_address>
         <run_address>0x1b578</run_address>
         <size>0x44</size>
         <input_file_ref idref="fl-10"/>
      </object_component>
      <object_component id="oc-330">
         <name>.text:Delay</name>
         <load_address>0x1b5bc</load_address>
         <run_address>0x1b5bc</run_address>
         <size>0x40</size>
         <input_file_ref idref="fl-2"/>
      </object_component>
      <object_component id="oc-483">
         <name>.text:GPIO_setAsOutputPin</name>
         <load_address>0x1b5fc</load_address>
         <run_address>0x1b5fc</run_address>
         <size>0x40</size>
         <input_file_ref idref="fl-3a"/>
      </object_component>
      <object_component id="oc-50d">
         <name>.text:Graphics_getNumberOfLeadingZeros</name>
         <load_address>0x1b63c</load_address>
         <run_address>0x1b63c</run_address>
         <size>0x40</size>
         <input_file_ref idref="fl-35"/>
      </object_component>
      <object_component id="oc-283">
         <name>.text:HAL_LCD_delay</name>
         <load_address>0x1b67c</load_address>
         <run_address>0x1b67c</run_address>
         <size>0x40</size>
         <input_file_ref idref="fl-a"/>
      </object_component>
      <object_component id="oc-38e">
         <name>.text:Kitronix320x240x16_SSD2119ClearScreen</name>
         <load_address>0x1b6bc</load_address>
         <run_address>0x1b6bc</run_address>
         <size>0x40</size>
         <input_file_ref idref="fl-b"/>
      </object_component>
      <object_component id="oc-9f7">
         <name>.text:SPI_Read</name>
         <load_address>0x1b6fc</load_address>
         <run_address>0x1b6fc</run_address>
         <size>0x40</size>
         <input_file_ref idref="fl-8"/>
      </object_component>
      <object_component id="oc-9f1">
         <name>.text:SPI_Write</name>
         <load_address>0x1b73c</load_address>
         <run_address>0x1b73c</run_address>
         <size>0x40</size>
         <input_file_ref idref="fl-8"/>
      </object_component>
      <object_component id="oc-584">
         <name>.text:is_A_Module</name>
         <load_address>0x1b77c</load_address>
         <run_address>0x1b77c</run_address>
         <size>0x40</size>
         <input_file_ref idref="fl-3e"/>
      </object_component>
      <object_component id="oc-7e8">
         <name>.text:_fcpy</name>
         <load_address>0x1b7bc</load_address>
         <run_address>0x1b7bc</run_address>
         <size>0x3e</size>
         <input_file_ref idref="fl-108"/>
      </object_component>
      <object_component id="oc-aed">
         <name>.text:disk_ioctl</name>
         <load_address>0x1b7fa</load_address>
         <run_address>0x1b7fa</run_address>
         <size>0x3e</size>
         <input_file_ref idref="fl-c"/>
      </object_component>
      <object_component id="oc-78b">
         <name>.text:mem_cmp</name>
         <load_address>0x1b838</load_address>
         <run_address>0x1b838</run_address>
         <size>0x3e</size>
         <input_file_ref idref="fl-d"/>
      </object_component>
      <object_component id="oc-277">
         <name>.text:HAL_LCD_writeCommand</name>
         <load_address>0x1b878</load_address>
         <run_address>0x1b878</run_address>
         <size>0x3c</size>
         <input_file_ref idref="fl-a"/>
      </object_component>
      <object_component id="oc-aa8">
         <name>.text:minsert</name>
         <load_address>0x1b8b4</load_address>
         <run_address>0x1b8b4</run_address>
         <size>0x3c</size>
         <input_file_ref idref="fl-12e"/>
      </object_component>
      <object_component id="oc-b0f">
         <name>.text:__TI_writemsg</name>
         <load_address>0x1b8f0</load_address>
         <run_address>0x1b8f0</run_address>
         <size>0x38</size>
         <input_file_ref idref="fl-12b"/>
      </object_component>
      <object_component id="oc-55">
         <name>.text:_c_int00_noargs:_c_int00_noargs</name>
         <load_address>0x1b928</load_address>
         <run_address>0x1b928</run_address>
         <size>0x38</size>
         <input_file_ref idref="fl-fc"/>
      </object_component>
      <object_component id="oc-a9c">
         <name>.text:minit</name>
         <load_address>0x1b960</load_address>
         <run_address>0x1b960</run_address>
         <size>0x38</size>
         <input_file_ref idref="fl-12e"/>
      </object_component>
      <object_component id="oc-713">
         <name>.text:Graphics_drawHorizontalLineOnDisplay</name>
         <load_address>0x1b998</load_address>
         <run_address>0x1b998</run_address>
         <size>0x36</size>
         <input_file_ref idref="fl-28"/>
      </object_component>
      <object_component id="oc-5a0">
         <name>.text:ld_dword</name>
         <load_address>0x1b9ce</load_address>
         <run_address>0x1b9ce</run_address>
         <size>0x36</size>
         <input_file_ref idref="fl-d"/>
      </object_component>
      <object_component id="oc-b5b">
         <name>.text:strncpy</name>
         <load_address>0x1ba04</load_address>
         <run_address>0x1ba04</run_address>
         <size>0x36</size>
         <input_file_ref idref="fl-134"/>
      </object_component>
      <object_component id="oc-23d">
         <name>.text:CS_setDCOCenteredFrequency</name>
         <load_address>0x1ba3c</load_address>
         <run_address>0x1ba3c</run_address>
         <size>0x34</size>
         <input_file_ref idref="fl-37"/>
      </object_component>
      <object_component id="oc-a44">
         <name>.text:__TI_cleanup</name>
         <load_address>0x1ba70</load_address>
         <run_address>0x1ba70</run_address>
         <size>0x34</size>
         <input_file_ref idref="fl-12f"/>
      </object_component>
      <object_component id="oc-b15">
         <name>.text:__TI_readmsg</name>
         <load_address>0x1baa4</load_address>
         <run_address>0x1baa4</run_address>
         <size>0x34</size>
         <input_file_ref idref="fl-12b"/>
      </object_component>
      <object_component id="oc-1f6">
         <name>.text:strstr</name>
         <load_address>0x1bad8</load_address>
         <run_address>0x1bad8</run_address>
         <size>0x34</size>
         <input_file_ref idref="fl-103"/>
      </object_component>
      <object_component id="oc-594">
         <name>.text:disk_initialize</name>
         <load_address>0x1bb0c</load_address>
         <run_address>0x1bb0c</run_address>
         <size>0x32</size>
         <input_file_ref idref="fl-c"/>
      </object_component>
      <object_component id="oc-58e">
         <name>.text:disk_status</name>
         <load_address>0x1bb3e</load_address>
         <run_address>0x1bb3e</run_address>
         <size>0x32</size>
         <input_file_ref idref="fl-c"/>
      </object_component>
      <object_component id="oc-8d5">
         <name>.text:f_close</name>
         <load_address>0x1bb70</load_address>
         <run_address>0x1bb70</run_address>
         <size>0x32</size>
         <input_file_ref idref="fl-d"/>
      </object_component>
      <object_component id="oc-9cf">
         <name>.text:mem_cpy</name>
         <load_address>0x1bba2</load_address>
         <run_address>0x1bba2</run_address>
         <size>0x32</size>
[...]
         <name>__TI_dtors_ptr</name>
         <value>0x20001334</value>
         <object_component_ref idref="oc-3a2"/>
      </symbol>
      <symbol id="sm-1187">
         <name>__TI_cleanup_ptr</name>
         <value>0x20001330</value>
         <object_component_ref idref="oc-3a2"/>
      </symbol>
      <symbol id="sm-1188">
         <name>__TI_enable_exit_profile_output</name>
         <value>0x20001338</value>
         <object_component_ref idref="oc-3a2"/>
      </symbol>
      <symbol id="sm-1189">
         <name>exit</name>
         <value>0x1b281</value>
         <object_component_ref idref="oc-17f"/>
      </symbol>
      <symbol id="sm-119e">
         <name>_nop</name>
         <value>0x1327b</value>
         <object_component_ref idref="oc-55d"/>
      </symbol>
      <symbol id="sm-119f">
         <name>_lock</name>
         <value>0x20001348</value>
         <object_component_ref idref="oc-3a5"/>
      </symbol>
      <symbol id="sm-11a0">
         <name>_unlock</name>
         <value>0x2000134c</value>
         <object_component_ref idref="oc-3a5"/>
      </symbol>
      <symbol id="sm-11cd">
         <name>printf</name>
         <value>0x1a659</value>
         <object_component_ref idref="oc-1e4"/>
      </symbol>
      <symbol id="sm-11dc">
         <name>strcmp</name>
         <value>0x1c319</value>
         <object_component_ref idref="oc-1fc"/>
      </symbol>
      <symbol id="sm-11ea">
         <name>strcpy</name>
         <value>0x1c41d</value>
         <object_component_ref idref="oc-202"/>
      </symbol>
      <symbol id="sm-11fd">
         <name>strstr</name>
         <value>0x1bad9</value>
         <object_component_ref idref="oc-1f6"/>
      </symbol>
      <symbol id="sm-1218">
         <name>memcpy</name>
         <value>0x1970f</value>
         <object_component_ref idref="oc-37"/>
      </symbol>
      <symbol id="sm-1219">
         <name>__aeabi_memcpy</name>
         <value>0x1970f</value>
         <object_component_ref idref="oc-37"/>
      </symbol>
      <symbol id="sm-121a">
         <name>__aeabi_memcpy8</name>
         <value>0x1970f</value>
         <object_component_ref idref="oc-37"/>
      </symbol>
      <symbol id="sm-121b">
         <name>__aeabi_memcpy4</name>
         <value>0x1970f</value>
         <object_component_ref idref="oc-37"/>
      </symbol>
      <symbol id="sm-1243">
         <name>__TI_auto_init_nobinit_nopinit</name>
         <value>0x1b469</value>
         <object_component_ref idref="oc-185"/>
      </symbol>
      <symbol id="sm-124d">
         <name>_system_pre_init</name>
         <value>0x1c545</value>
         <object_component_ref idref="oc-a3"/>
      </symbol>
      <symbol id="sm-13b8">
         <name>__TI_printfi</name>
         <value>0x11095</value>
         <object_component_ref idref="oc-3f0"/>
      </symbol>
      <symbol id="sm-13ce">
         <name>atoi</name>
         <value>0x1b02d</value>
         <object_component_ref idref="oc-5c5"/>
      </symbol>
      <symbol id="sm-13d9">
         <name>_ctypes_</name>
         <value>0x105e4</value>
         <object_component_ref idref="oc-7a5"/>
      </symbol>
      <symbol id="sm-13ee">
         <name>__TI_tmpnams</name>
         <value>0x20000520</value>
      </symbol>
      <symbol id="sm-13ef">
         <name>__aeabi_stdout</name>
         <value>0x20001328</value>
         <object_component_ref idref="oc-ab9"/>
      </symbol>
      <symbol id="sm-13f0">
         <name>__aeabi_stderr</name>
         <value>0x2000132c</value>
         <object_component_ref idref="oc-ab9"/>
      </symbol>
      <symbol id="sm-13f1">
         <name>__aeabi_stdin</name>
         <value>0x20001324</value>
         <object_component_ref idref="oc-ab9"/>
      </symbol>
      <symbol id="sm-13f2">
         <name>_ftable</name>
         <value>0x20001068</value>
         <object_component_ref idref="oc-3f6"/>
      </symbol>
      <symbol id="sm-13f3">
         <name>__TI_ft_end</name>
         <value>0x20001320</value>
         <object_component_ref idref="oc-ab9"/>
      </symbol>
      <symbol id="sm-1408">
         <name>putc</name>
         <value>0x19965</value>
         <object_component_ref idref="oc-617"/>
      </symbol>
      <symbol id="sm-1409">
         <name>fputc</name>
         <value>0x19965</value>
         <object_component_ref idref="oc-617"/>
      </symbol>
      <symbol id="sm-1427">
         <name>fputs</name>
         <value>0x175f5</value>
         <object_component_ref idref="oc-610"/>
      </symbol>
      <symbol id="sm-1436">
         <name>ltoa</name>
         <value>0x1ada5</value>
         <object_component_ref idref="oc-7c5"/>
      </symbol>
      <symbol id="sm-1446">
         <name>memccpy</name>
         <value>0x1c231</value>
         <object_component_ref idref="oc-5ee"/>
      </symbol>
      <symbol id="sm-1456">
         <name>memchr</name>
         <value>0x1c149</value>
         <object_component_ref idref="oc-82a"/>
      </symbol>
      <symbol id="sm-1466">
         <name>strchr</name>
         <value>0x1c3b5</value>
         <object_component_ref idref="oc-7fc"/>
      </symbol>
      <symbol id="sm-1474">
         <name>strlen</name>
         <value>0x1c431</value>
         <object_component_ref idref="oc-5bf"/>
      </symbol>
      <symbol id="sm-149a">
         <name>_stream</name>
         <value>0x200012c0</value>
         <object_component_ref idref="oc-97d"/>
      </symbol>
      <symbol id="sm-149b">
         <name>_device</name>
         <value>0x20001248</value>
         <object_component_ref idref="oc-a57"/>
      </symbol>
      <symbol id="sm-149c">
         <name>write</name>
         <value>0x1bfbd</value>
         <object_component_ref idref="oc-836"/>
      </symbol>
      <symbol id="sm-14b5">
         <name>wcslen</name>
         <value>0x1c457</value>
         <object_component_ref idref="oc-5f4"/>
      </symbol>
      <symbol id="sm-14d5">
         <name>frexpl</name>
         <value>0x1a6c1</value>
         <object_component_ref idref="oc-7f0"/>
      </symbol>
      <symbol id="sm-14d6">
         <name>frexp</name>
         <value>0x1a6c1</value>
         <object_component_ref idref="oc-7f0"/>
      </symbol>
      <symbol id="sm-14f3">
         <name>scalbn</name>
         <value>0x1781d</value>
         <object_component_ref idref="oc-7f6"/>
      </symbol>
      <symbol id="sm-14f4">
         <name>scalbnl</name>
         <value>0x1781d</value>
         <object_component_ref idref="oc-7f6"/>
      </symbol>
      <symbol id="sm-14f5">
         <name>ldexpl</name>
         <value>0x1781d</value>
         <object_component_ref idref="oc-7f6"/>
      </symbol>
      <symbol id="sm-14f6">
         <name>ldexp</name>
         <value>0x1781d</value>
         <object_component_ref idref="oc-7f6"/>
      </symbol>
      <symbol id="sm-150d">
         <name>__aeabi_dsub</name>
         <value>0x15b1b</value>
         <object_component_ref idref="oc-7d0"/>
      </symbol>
      <symbol id="sm-150e">
         <name>__aeabi_dadd</name>
         <value>0x15b25</value>
         <object_component_ref idref="oc-7d0"/>
      </symbol>
      <symbol id="sm-1530">
         <name>__aeabi_cdcmpeq</name>
         <value>0x19c15</value>
         <object_component_ref idref="oc-5d1"/>
      </symbol>
      <symbol id="sm-1531">
         <name>__aeabi_cdcmple</name>
         <value>0x19c15</value>
         <object_component_ref idref="oc-5d1"/>
      </symbol>
      <symbol id="sm-1532">
         <name>__aeabi_cdrcmple</name>
         <value>0x19c9b</value>
         <object_component_ref idref="oc-7bb"/>
      </symbol>
      <symbol id="sm-1546">
         <name>__aeabi_ddiv</name>
         <value>0x17151</value>
         <object_component_ref idref="oc-7b6"/>
      </symbol>
      <symbol id="sm-1551">
         <name>__aeabi_dmul</name>
         <value>0x17e45</value>
         <object_component_ref idref="oc-7b1"/>
      </symbol>
      <symbol id="sm-155b">
         <name>__aeabi_d2iz</name>
         <value>0x1b2c9</value>
         <object_component_ref idref="oc-7c0"/>
      </symbol>
      <symbol id="sm-1565">
         <name>__aeabi_i2d</name>
         <value>0x1bcf5</value>
         <object_component_ref idref="oc-7cb"/>
      </symbol>
      <symbol id="sm-1572">
         <name>__aeabi_uldivmod</name>
         <value>0x197ab</value>
         <object_component_ref idref="oc-7aa"/>
      </symbol>
      <symbol id="sm-1588">
         <name>__aeabi_errno_addr</name>
         <value>0x1c529</value>
         <object_component_ref idref="oc-5fa"/>
      </symbol>
      <symbol id="sm-1589">
         <name>errno</name>
         <value>0x20001358</value>
         <object_component_ref idref="oc-80c"/>
      </symbol>
      <symbol id="sm-15a1">
         <name>__TI_wrt_ok</name>
         <value>0x1a8b1</value>
         <object_component_ref idref="oc-824"/>
      </symbol>
      <symbol id="sm-15b1">
         <name>__TI_doflush</name>
         <value>0x1afdf</value>
         <object_component_ref idref="oc-830"/>
      </symbol>
      <symbol id="sm-15c3">
         <name>fseek</name>
         <value>0x1a725</value>
         <object_component_ref idref="oc-96b"/>
      </symbol>
      <symbol id="sm-15d3">
         <name>lseek</name>
         <value>0x1bf45</value>
         <object_component_ref idref="oc-a30"/>
      </symbol>
      <symbol id="sm-15ef">
         <name>setvbuf</name>
         <value>0x185cd</value>
         <object_component_ref idref="oc-971"/>
      </symbol>
      <symbol id="sm-1600">
         <name>HOSTclose</name>
         <value>0x1b359</value>
         <object_component_ref idref="oc-ac5"/>
      </symbol>
      <symbol id="sm-1611">
         <name>HOSTlseek</name>
         <value>0x1a521</value>
         <object_component_ref idref="oc-ad7"/>
      </symbol>
      <symbol id="sm-1623">
         <name>parmbuf</name>
         <value>0x20000854</value>
      </symbol>
      <symbol id="sm-1624">
         <name>HOSTopen</name>
         <value>0x1a915</value>
         <object_component_ref idref="oc-abf"/>
      </symbol>
      <symbol id="sm-1635">
         <name>HOSTread</name>
         <value>0x1ab45</value>
         <object_component_ref idref="oc-acb"/>
      </symbol>
      <symbol id="sm-1646">
         <name>HOSTrename</name>
         <value>0x1a589</value>
         <object_component_ref idref="oc-ae3"/>
      </symbol>
      <symbol id="sm-1657">
         <name>HOSTunlink</name>
         <value>0x1b39d</value>
         <object_component_ref idref="oc-add"/>
      </symbol>
      <symbol id="sm-1668">
         <name>HOSTwrite</name>
         <value>0x1ab9d</value>
         <object_component_ref idref="oc-ad1"/>
      </symbol>
      <symbol id="sm-168c">
         <name>__TI_readmsg</name>
         <value>0x1baa5</value>
         <object_component_ref idref="oc-b15"/>
      </symbol>
      <symbol id="sm-168d">
         <name>C$$IO$$</name>
         <value>0x1b91f</value>
         <object_component_ref idref="oc-b0f"/>
      </symbol>
      <symbol id="sm-168e">
         <name>__CIOBUF_</name>
         <value>0x20000400</value>
         <object_component_ref idref="oc-b3e"/>
      </symbol>
      <symbol id="sm-168f">
         <name>__TI_writemsg</name>
         <value>0x1b8f1</value>
         <object_component_ref idref="oc-b0f"/>
      </symbol>
      <symbol id="sm-1699">
         <name>copysign</name>
         <value>0x1c3f5</value>
         <object_component_ref idref="oc-94f"/>
      </symbol>
      <symbol id="sm-169a">
         <name>copysignl</name>
         <value>0x1c3f5</value>
         <object_component_ref idref="oc-94f"/>
      </symbol>
      <symbol id="sm-16a4">
         <name>__aeabi_idiv0</name>
         <value>0x14b83</value>
         <object_component_ref idref="oc-936"/>
      </symbol>
      <symbol id="sm-16a5">
         <name>__aeabi_ldiv0</name>
         <value>0x14b83</value>
         <object_component_ref idref="oc-936"/>
      </symbol>
      <symbol id="sm-1720">
         <name>_sys_memory</name>
         <value>0x20000868</value>
         <object_component_ref idref="oc-29"/>
      </symbol>
      <symbol id="sm-1721">
         <name>free</name>
         <value>0x186a9</value>
         <object_component_ref idref="oc-a38"/>
      </symbol>
      <symbol id="sm-1722">
         <name>malloc</name>
         <value>0x1a205</value>
         <object_component_ref idref="oc-a3e"/>
      </symbol>
      <symbol id="sm-1723">
         <name>minit</name>
         <value>0x1b961</value>
         <object_component_ref idref="oc-a9c"/>
      </symbol>
      <symbol id="sm-1733">
         <name>__TI_cleanup</name>
         <value>0x1ba71</value>
         <object_component_ref idref="oc-a44"/>
      </symbol>
      <symbol id="sm-1749">
         <name>__TI_closefile</name>
         <value>0x1a2f5</value>
         <object_component_ref idref="oc-ab3"/>
      </symbol>
      <symbol id="sm-176c">
         <name>finddevice</name>
         <value>0x1bc35</value>
         <object_component_ref idref="oc-b61"/>
      </symbol>
      <symbol id="sm-176d">
         <name>getdevice</name>
         <value>0x1b535</value>
         <object_component_ref idref="oc-b34"/>
      </symbol>
      <symbol id="sm-177e">
         <name>strncpy</name>
         <value>0x1ba05</value>
         <object_component_ref idref="oc-b5b"/>
      </symbol>
      <symbol id="sm-178e">
         <name>unlink</name>
         <value>0x1bdd5</value>
         <object_component_ref idref="oc-b04"/>
      </symbol>
      <symbol id="sm-17a2">
         <name>close</name>
         <value>0x1aa31</value>
         <object_component_ref idref="oc-afe"/>
      </symbol>
      <symbol id="sm-17a3">
         <name>__TI_static_base__</name>
         <value>0x0</value>
      </symbol>
      <symbol id="sm-17a6">
         <name>__mpu_init</name>
         <value>0x0</value>
      </symbol>
      <symbol id="sm-17a7">
         <name>_system_post_cinit</name>
         <value>0x0</value>
      </symbol>
      <symbol id="sm-17a8">
         <name>NMI_Handler</name>
         <value>0x11af3</value>
      </symbol>
      <symbol id="sm-17a9">
         <name>HardFault_Handler</name>
         <value>0x11af3</value>
      </symbol>
      <symbol id="sm-17aa">
         <name>MemManage_Handler</name>
         <value>0x11af3</value>
      </symbol>
      <symbol id="sm-17ab">
         <name>BusFault_Handler</name>
         <value>0x11af3</value>
      </symbol>
      <symbol id="sm-17ac">
         <name>UsageFault_Handler</name>
         <value>0x11af3</value>
      </symbol>
      <symbol id="sm-17ad">
         <name>SVC_Handler</name>
         <value>0x11af3</value>
      </symbol>
      <symbol id="sm-17ae">
         <name>DebugMon_Handler</name>
         <value>0x11af3</value>
      </symbol>
      <symbol id="sm-17af">
         <name>PendSV_Handler</name>
         <value>0x11af3</value>
      </symbol>
      <symbol id="sm-17b0">
         <name>SysTick_Handler</name>
         <value>0x11af3</value>
      </symbol>
      <symbol id="sm-17b1">
         <name>PSS_IRQHandler</name>
         <value>0x11af3</value>
      </symbol>
      <symbol id="sm-17b2">
         <name>CS_IRQHandler</name>
         <value>0x11af3</value>
      </symbol>
      <symbol id="sm-17b3">
         <name>PCM_IRQHandler</name>
         <value>0x11af3</value>
      </symbol>
      <symbol id="sm-17b4">
         <name>WDT_A_IRQHandler</name>
         <value>0x11af3</value>
      </symbol>
      <symbol id="sm-17b5">
         <name>FPU_IRQHandler</name>
         <value>0x11af3</value>
      </symbol>
      <symbol id="sm-17b6">
         <name>FLCTL_IRQHandler</name>
         <value>0x11af3</value>
      </symbol>
      <symbol id="sm-17b7">
         <name>COMP_E0_IRQHandler</name>
         <value>0x11af3</value>
      </symbol>
      <symbol id="sm-17b8">
         <name>COMP_E1_IRQHandler</name>
         <value>0x11af3</value>
      </symbol>
      <symbol id="sm-17b9">
         <name>TA0_0_IRQHandler</name>
         <value>0x1c3e1</value>
      </symbol>
      <symbol id="sm-17ba">
         <name>TA0_N_IRQHandler</name>
         <value>0x11af3</value>
      </symbol>
      <symbol id="sm-17bb">
         <name>TA1_0_IRQHandler</name>
         <value>0x1bd7d</value>
      </symbol>
      <symbol id="sm-17bc">
         <name>TA1_N_IRQHandler</name>
         <value>0x11af3</value>
      </symbol>
      <symbol id="sm-17bd">
         <name>TA2_0_IRQHandler</name>
         <value>0x11af3</value>
      </symbol>
      <symbol id="sm-17be">
         <name>TA2_N_IRQHandler</name>
         <value>0x11af3</value>
      </symbol>
      <symbol id="sm-17bf">
         <name>TA3_0_IRQHandler</name>
         <value>0x11af3</value>
      </symbol>
      <symbol id="sm-17c0">
         <name>TA3_N_IRQHandler</name>
         <value>0x11af3</value>
      </symbol>
      <symbol id="sm-17c1">
         <name>EUSCIA0_IRQHandler</name>
         <value>0x11af3</value>
      </symbol>
      <symbol id="sm-17c2">
         <name>EUSCIA1_IRQHandler</name>
         <value>0x11af3</value>
      </symbol>
      <symbol id="sm-17c3">
         <name>EUSCIA2_IRQHandler</name>
         <value>0x11af3</value>
      </symbol>
      <symbol id="sm-17c4">
         <name>EUSCIA3_IRQHandler</name>
         <value>0x11af3</value>
      </symbol>
      <symbol id="sm-17c5">
         <name>EUSCIB0_IRQHandler</name>
         <value>0x11af3</value>
      </symbol>
      <symbol id="sm-17c6">
         <name>EUSCIB1_IRQHandler</name>
         <value>0x11af3</value>
      </symbol>
      <symbol id="sm-17c7">
         <name>EUSCIB2_IRQHandler</name>
         <value>0x11af3</value>
      </symbol>
      <symbol id="sm-17c8">
         <name>EUSCIB3_IRQHandler</name>
         <value>0x11af3</value>
      </symbol>
      <symbol id="sm-17c9">
         <name>ADC14_IRQHandler</name>
         <value>0x11af3</value>
      </symbol>
      <symbol id="sm-17ca">
         <name>T32_INT1_IRQHandler</name>
         <value>0x11af3</value>
      </symbol>
      <symbol id="sm-17cb">
         <name>T32_INT2_IRQHandler</name>
         <value>0x11af3</value>
      </symbol>
      <symbol id="sm-17cc">
         <name>T32_INTC_IRQHandler</name>
         <value>0x11af3</value>
      </symbol>
      <symbol id="sm-17cd">
         <name>AES256_IRQHandler</name>
         <value>0x11af3</value>
      </symbol>
      <symbol id="sm-17ce">
         <name>RTC_C_IRQHandler</name>
         <value>0x11af3</value>
      </symbol>
      <symbol id="sm-17cf">
         <name>DMA_ERR_IRQHandler</name>
         <value>0x11af3</value>
      </symbol>
      <symbol id="sm-17d0">
         <name>DMA_INT3_IRQHandler</name>
         <value>0x11af3</value>
      </symbol>
      <symbol id="sm-17d1">
         <name>DMA_INT2_IRQHandler</name>
         <value>0x11af3</value>
      </symbol>
      <symbol id="sm-17d2">
         <name>DMA_INT1_IRQHandler</name>
         <value>0x11af3</value>
      </symbol>
      <symbol id="sm-17d3">
         <name>DMA_INT0_IRQHandler</name>
         <value>0x11af3</value>
      </symbol>
      <symbol id="sm-17d4">
         <name>PORT1_IRQHandler</name>
         <value>0x11af3</value>
      </symbol>
      <symbol id="sm-17d5">
         <name>PORT2_IRQHandler</name>
         <value>0x11af3</value>
      </symbol>
      <symbol id="sm-17d6">
         <name>PORT3_IRQHandler</name>
         <value>0x11af3</value>
      </symbol>
      <symbol id="sm-17d7">
         <name>PORT4_IRQHandler</name>
         <value>0x11af3</value>
      </symbol>
      <symbol id="sm-17d8">
         <name>PORT5_IRQHandler</name>
         <value>0x11af3</value>
      </symbol>
      <symbol id="sm-17d9">
         <name>PORT6_IRQHandler</name>
         <value>0x11af3</value>
      </symbol>
      <symbol id="sm-17da">
         <name>remove</name>
         <value>0x1bdd5</value>
      </symbol>
   </symbol_table>
   <title>Link successful</title>
</link_info>
